Device: cuda
torchvision CIFAR-100 not available without download: Dataset not found or corrupted. You can use download=True to download it
CIFAR-100 tar incomplete (14.9MB < 169MB). Skipping pickle.
Synthetic data: (50000, 3, 32, 32)  SNR≈0.50

============================================================
SEED 0
============================================================
Params: 3,296,164
  Task  1/20  step  500  loss=0.0002
  Task  1/20  step 1000  loss=0.0000
  Task  1/20  step 1500  loss=0.0000
  Task  1/20  step 2000  loss=0.0000
  Task  1  acc=0.956  dead=0.617  erank=29.48  loss=0.0000  30.1s
  Task  2/20  step  500  loss=0.0009
  Task  2/20  step 1000  loss=0.0001
  Task  2/20  step 1500  loss=0.0001
  Task  2/20  step 2000  loss=0.0000
  Task  2  acc=0.942  dead=0.961  erank=7.41  loss=0.0000  28.8s
  Task  3/20  step  500  loss=1.6148
  Task  3/20  step 1000  loss=1.6098
  Task  3/20  step 1500  loss=1.6125
  Task  3/20  step 2000  loss=1.6061
  Task  3  acc=0.200  dead=0.998  erank=1.00  loss=1.6119  28.9s
  Task  4/20  step  500  loss=2.7227
  Task  4/20  step 1000  loss=2.1803
  Task  4/20  step 1500  loss=1.9416
  Task  4/20  step 2000  loss=1.8213
  Task  4  acc=0.200  dead=1.000  erank=0.00  loss=1.8399  28.8s
  Task  5/20  step  500  loss=4.5795
  Task  5/20  step 1000  loss=3.5266
  Task  5/20  step 1500  loss=2.7872
  Task  5/20  step 2000  loss=2.3184
  Task  5  acc=0.200  dead=1.000  erank=0.00  loss=2.3983  28.9s
  Task  6/20  step  500  loss=4.9952
  Task  6/20  step 1000  loss=4.0122
  Task  6/20  step 1500  loss=3.2131
  Task  6/20  step 2000  loss=2.6241
  Task  6  acc=0.200  dead=1.000  erank=0.00  loss=2.7249  29.1s
  Task  7/20  step  500  loss=5.4437
  Task  7/20  step 1000  loss=4.4539
  Task  7/20  step 1500  loss=3.6117
  Task  7/20  step 2000  loss=2.9340
  Task  7  acc=0.200  dead=1.000  erank=0.00  loss=3.0556  29.8s
  Task  8/20  step  500  loss=5.8043
  Task  8/20  step 1000  loss=4.8113
  Task  8/20  step 1500  loss=3.9407
  Task  8/20  step 2000  loss=3.2041
  Task  8  acc=0.200  dead=1.000  erank=0.00  loss=3.3373  29.1s
  Task  9/20  step  500  loss=6.1655
  Task  9/20  step 1000  loss=5.1635
  Task  9/20  step 1500  loss=4.2747
  Task  9/20  step 2000  loss=3.4874
  Task  9  acc=0.200  dead=1.000  erank=0.00  loss=3.6320  29.4s
  Task 10/20  step  500  loss=6.5088
  Task 10/20  step 1000  loss=5.4871
  Task 10/20  step 1500  loss=4.5837
  Task 10/20  step 2000  loss=3.7608
  Task 10  acc=0.200  dead=1.000  erank=0.00  loss=3.9180  28.9s
  Task 11/20  step  500  loss=6.7962
  Task 11/20  step 1000  loss=5.7656
  Task 11/20  step 1500  loss=4.8418
  Task 11/20  step 2000  loss=3.9991
  Task 11  acc=0.200  dead=1.000  erank=0.00  loss=4.1595  28.9s
  Task 12/20  step  500  loss=7.1006
  Task 12/20  step 1000  loss=6.0584
  Task 12/20  step 1500  loss=5.1258
  Task 12/20  step 2000  loss=4.2584
  Task 12  acc=0.200  dead=1.000  erank=0.00  loss=4.4251  28.7s
  Task 13/20  step  500  loss=7.3454
  Task 13/20  step 1000  loss=6.2904
  Task 13/20  step 1500  loss=5.3443
  Task 13/20  step 2000  loss=4.4629
  Task 13  acc=0.200  dead=1.000  erank=0.00  loss=4.6335  28.7s
  Task 14/20  step  500  loss=7.6058
  Task 14/20  step 1000  loss=6.5418
  Task 14/20  step 1500  loss=5.5883
  Task 14/20  step 2000  loss=4.6924
  Task 14  acc=0.200  dead=1.000  erank=0.00  loss=4.8657  28.8s
  Task 15/20  step  500  loss=7.8399
  Task 15/20  step 1000  loss=6.7695
  Task 15/20  step 1500  loss=5.7976
  Task 15/20  step 2000  loss=4.8915
  Task 15  acc=0.200  dead=1.000  erank=0.00  loss=5.0689  28.7s
  Task 16/20  step  500  loss=8.0570
  Task 16/20  step 1000  loss=6.9805
  Task 16/20  step 1500  loss=6.0048
  Task 16/20  step 2000  loss=5.0860
  Task 16  acc=0.200  dead=1.000  erank=0.00  loss=5.2679  28.8s
  Task 17/20  step  500  loss=8.2631
  Task 17/20  step 1000  loss=7.1791
  Task 17/20  step 1500  loss=6.2018
  Task 17/20  step 2000  loss=5.2705
  Task 17  acc=0.200  dead=1.000  erank=0.00  loss=5.4528  28.8s
  Task 18/20  step  500  loss=8.4570
  Task 18/20  step 1000  loss=7.3698
  Task 18/20  step 1500  loss=6.3835
  Task 18/20  step 2000  loss=5.4484
  Task 18  acc=0.200  dead=1.000  erank=0.00  loss=5.6311  28.7s
  Task 19/20  step  500  loss=8.6411
  Task 19/20  step 1000  loss=7.5482
  Task 19/20  step 1500  loss=6.5583
  Task 19/20  step 2000  loss=5.6149
  Task 19  acc=0.200  dead=1.000  erank=0.00  loss=5.7984  28.7s
  Task 20/20  step  500  loss=8.8311
  Task 20/20  step 1000  loss=7.7335
  Task 20/20  step 1500  loss=6.7385
  Task 20/20  step 2000  loss=5.7893
  Task 20  acc=0.200  dead=1.000  erank=0.00  loss=5.9760  28.7s

============================================================
SEED 1
============================================================
Params: 3,296,164
  Task  1/20  step  500  loss=0.0002
  Task  1/20  step 1000  loss=0.0000
  Task  1/20  step 1500  loss=0.0000
  Task  1/20  step 2000  loss=0.0000
  Task  1  acc=0.976  dead=0.637  erank=28.38  loss=0.0000  28.8s
  Task  2/20  step  500  loss=0.0005
  Task  2/20  step 1000  loss=0.0002
  Task  2/20  step 1500  loss=0.0001
  Task  2/20  step 2000  loss=0.0001
  Task  2  acc=0.952  dead=0.971  erank=7.35  loss=0.0001  28.8s
  Task  3/20  step  500  loss=2.6900
  Task  3/20  step 1000  loss=2.1542
  Task  3/20  step 1500  loss=1.9238
  Task  3/20  step 2000  loss=1.8108
  Task  3  acc=0.200  dead=1.000  erank=0.00  loss=1.8277  28.8s
  Task  4/20  step  500  loss=4.5183
  Task  4/20  step 1000  loss=3.4674
  Task  4/20  step 1500  loss=2.7425
  Task  4/20  step 2000  loss=2.2906
  Task  4  acc=0.200  dead=1.000  erank=0.00  loss=2.3653  28.8s
  Task  5/20  step  500  loss=4.9394
  Task  5/20  step 1000  loss=3.9561
  Task  5/20  step 1500  loss=3.1652
  Task  5/20  step 2000  loss=2.5928
  Task  5  acc=0.200  dead=1.000  erank=0.00  loss=2.6896  28.8s
  Task  6/20  step  500  loss=5.3898
  Task  6/20  step 1000  loss=4.4047
  Task  6/20  step 1500  loss=3.5641
  Task  6/20  step 2000  loss=2.8932
  Task  6  acc=0.200  dead=1.000  erank=0.00  loss=3.0134  28.8s
  Task  7/20  step  500  loss=5.8140
  Task  7/20  step 1000  loss=4.8232
  Task  7/20  step 1500  loss=3.9513
  Task  7/20  step 2000  loss=3.2084
  Task  7  acc=0.200  dead=1.000  erank=0.00  loss=3.3442  28.8s
  Task  8/20  step  500  loss=6.1367
