17:56:29 INFO Device: cuda
17:56:29 INFO Loading CIFAR-10 …
17:56:31 INFO 
============================================================
17:56:31 INFO SANITY GATES
17:56:31 INFO ============================================================
17:56:31 INFO ── Gate: Loss at init ──
17:56:32 INFO   Init CE loss = 2.302723  (expect [2.28, 2.33]) → PASS
17:56:32 INFO ── Gate: Uniform baseline ──
17:56:33 INFO   Uniform accuracy = 0.1000  (expect [0.098, 0.102]) → PASS
17:56:33 INFO ── Gate: Overfit one batch ──
17:56:34 INFO   Final batch loss at step 200: 0.010142 → FAIL
17:56:34 INFO ── Gate: Reproducibility ──
17:56:34 INFO   Run 1 first-batch loss: 2.32298017
17:56:34 INFO   Run 2 first-batch loss: 2.32298017
17:56:34 INFO   |Δ loss| = 0.00e+00  → PASS
17:56:34 INFO 
All sanity gates passed: False
17:56:34 INFO   loss_at_init: PASS
17:56:34 INFO   uniform_baseline: PASS
17:56:34 INFO   overfit_one_batch: FAIL
17:56:34 INFO   reproducibility: PASS
17:56:34 WARNING Some sanity gates FAILED — proceeding anyway for probe.
17:56:34 INFO 
============================================================
17:56:34 INFO MAIN EXPERIMENT  (3 seeds × 4 methods)
17:56:34 INFO ============================================================
17:56:34 INFO 
============================================================
17:56:34 INFO SEED 42
17:56:34 INFO ============================================================
17:56:34 INFO   Train-labeled: 450, Val-labeled: 50, Unlabeled: 49500, Test: 10000
17:56:34 INFO 
  [MSP Baseline]
17:56:36 INFO   ep   1/100: loss=2.2344 tr_acc=0.140 te_acc=0.170
17:56:44 INFO   ep  20/100: loss=1.9039 tr_acc=0.249 te_acc=0.221
17:56:52 INFO   ep  40/100: loss=1.6578 tr_acc=0.364 te_acc=0.294
17:57:01 INFO   ep  60/100: loss=1.4799 tr_acc=0.440 te_acc=0.316
17:57:09 INFO   ep  80/100: loss=1.2732 tr_acc=0.520 te_acc=0.353
17:57:18 INFO   ep 100/100: loss=1.1971 tr_acc=0.584 te_acc=0.357
17:57:18 INFO   MSP test accuracy: 0.3568
17:57:21 INFO   MSP AUPPC=0.2544  ECE=0.1620
17:57:21 INFO 
  [Temperature Scaling (reuses MSP model)]
17:57:22 INFO   Temperature scaling: T = 2.4955
17:57:24 INFO   TS  AUPPC=0.0439  ECE=0.0624  T=2.4955
17:57:24 INFO   TS val ECE:  pre=0.2598  post=0.2081  improvement=0.0518
17:57:24 INFO 
  [MC-Dropout p=0.1, T=20]
17:57:25 INFO   ep   1/100: loss=2.2428 tr_acc=0.142 te_acc=0.134
17:57:33 INFO   ep  20/100: loss=2.0184 tr_acc=0.220 te_acc=0.191
17:57:42 INFO   ep  40/100: loss=1.8296 tr_acc=0.307 te_acc=0.267
17:57:50 INFO   ep  60/100: loss=1.7035 tr_acc=0.367 te_acc=0.285
17:57:58 INFO   ep  80/100: loss=1.6034 tr_acc=0.380 te_acc=0.317
17:58:07 INFO   ep 100/100: loss=1.5040 tr_acc=0.449 te_acc=0.320
17:58:07 INFO   MCD test accuracy: 0.3220
17:58:49 INFO   MCD AUPPC=0.0180  ECE=0.2423
17:58:49 INFO 
  [Deep Ensemble K=3]
17:58:49 INFO     Training ensemble member 1/3 (seed=42)
17:58:50 INFO   ep   1/100: loss=2.2344 tr_acc=0.140 te_acc=0.170
17:58:58 INFO   ep  20/100: loss=1.9039 tr_acc=0.249 te_acc=0.221
17:59:06 INFO   ep  40/100: loss=1.6578 tr_acc=0.364 te_acc=0.294
17:59:14 INFO   ep  60/100: loss=1.4799 tr_acc=0.440 te_acc=0.316
17:59:22 INFO   ep  80/100: loss=1.2732 tr_acc=0.520 te_acc=0.353
17:59:29 INFO   ep 100/100: loss=1.1971 tr_acc=0.584 te_acc=0.357
17:59:30 INFO     Member 1 acc: 0.3568
17:59:30 INFO     Training ensemble member 2/3 (seed=1042)
17:59:31 INFO   ep   1/100: loss=2.2539 tr_acc=0.162 te_acc=0.108
17:59:38 INFO   ep  20/100: loss=1.8914 tr_acc=0.260 te_acc=0.199
17:59:45 INFO   ep  40/100: loss=1.6883 tr_acc=0.353 te_acc=0.314
17:59:53 INFO   ep  60/100: loss=1.5645 tr_acc=0.413 te_acc=0.249
18:00:00 INFO   ep  80/100: loss=1.4344 tr_acc=0.462 te_acc=0.322
18:00:08 INFO   ep 100/100: loss=1.3578 tr_acc=0.502 te_acc=0.329
18:00:08 INFO     Member 2 acc: 0.3285
18:00:08 INFO     Training ensemble member 3/3 (seed=2042)
18:00:09 INFO   ep   1/100: loss=2.2917 tr_acc=0.131 te_acc=0.153
18:00:16 INFO   ep  20/100: loss=1.8233 tr_acc=0.307 te_acc=0.262
18:00:24 INFO   ep  40/100: loss=1.6492 tr_acc=0.398 te_acc=0.328
18:00:32 INFO   ep  60/100: loss=1.4306 tr_acc=0.471 te_acc=0.361
18:00:40 INFO   ep  80/100: loss=1.2619 tr_acc=0.540 te_acc=0.390
18:00:49 INFO   ep 100/100: loss=1.1722 tr_acc=0.536 te_acc=0.393
18:00:50 INFO     Member 3 acc: 0.3930
18:00:56 INFO   Ensemble mean acc: 0.3594
18:00:56 INFO   Ensemble AUPPC=0.2252  ECE=0.0880
18:00:56 INFO 
  AUPPC deltas:
18:00:56 INFO     Ensemble − MCD   = +0.2072
18:00:56 INFO     MCD − MSP        = -0.2364
18:00:56 INFO     TS − MSP         = -0.2105
18:00:56 INFO     Ensemble − MSP   = -0.0292
18:00:56 INFO     TS recovery frac = 7.219304765365265
18:00:56 INFO 
============================================================
18:00:56 INFO SEED 7
18:00:56 INFO ============================================================
18:00:57 INFO   Train-labeled: 450, Val-labeled: 50, Unlabeled: 49500, Test: 10000
18:00:57 INFO 
  [MSP Baseline]
18:00:58 INFO   ep   1/100: loss=2.2496 tr_acc=0.142 te_acc=0.115
18:01:06 INFO   ep  20/100: loss=1.8626 tr_acc=0.296 te_acc=0.270
18:01:15 INFO   ep  40/100: loss=1.7196 tr_acc=0.320 te_acc=0.274
18:01:24 INFO   ep  60/100: loss=1.6282 tr_acc=0.360 te_acc=0.283
18:01:34 INFO   ep  80/100: loss=1.4150 tr_acc=0.451 te_acc=0.309
18:01:44 INFO   ep 100/100: loss=1.3463 tr_acc=0.502 te_acc=0.336
18:01:45 INFO   MSP test accuracy: 0.3364
18:01:48 INFO   MSP AUPPC=0.1833  ECE=0.1173
18:01:48 INFO 
  [Temperature Scaling (reuses MSP model)]
18:01:48 INFO   Temperature scaling: T = 1.6223
18:01:51 INFO   TS  AUPPC=0.0870  ECE=0.0219  T=1.6223
18:01:52 INFO   TS val ECE:  pre=0.1271  post=0.0789  improvement=0.0482
18:01:52 INFO 
  [MC-Dropout p=0.1, T=20]
18:01:53 INFO   ep   1/100: loss=2.2601 tr_acc=0.142 te_acc=0.114
18:02:02 INFO   ep  20/100: loss=1.9200 tr_acc=0.264 te_acc=0.253
18:02:10 INFO   ep  40/100: loss=1.7040 tr_acc=0.327 te_acc=0.249
18:02:22 INFO   ep  60/100: loss=1.6112 tr_acc=0.331 te_acc=0.257
18:02:33 INFO   ep  80/100: loss=1.4348 tr_acc=0.458 te_acc=0.301
18:02:43 INFO   ep 100/100: loss=1.4121 tr_acc=0.422 te_acc=0.313
18:02:44 INFO   MCD test accuracy: 0.3127
18:03:26 INFO   MCD AUPPC=0.0280  ECE=0.2500
18:03:26 INFO 
  [Deep Ensemble K=3]
18:03:26 INFO     Training ensemble member 1/3 (seed=7)
18:03:27 INFO   ep   1/100: loss=2.2496 tr_acc=0.142 te_acc=0.115
18:03:34 INFO   ep  20/100: loss=1.8626 tr_acc=0.296 te_acc=0.270
18:03:42 INFO   ep  40/100: loss=1.7196 tr_acc=0.320 te_acc=0.274
18:03:50 INFO   ep  60/100: loss=1.6282 tr_acc=0.360 te_acc=0.283
18:03:57 INFO   ep  80/100: loss=1.4150 tr_acc=0.451 te_acc=0.309
18:04:05 INFO   ep 100/100: loss=1.3463 tr_acc=0.502 te_acc=0.336
18:04:06 INFO     Member 1 acc: 0.3364
18:04:06 INFO     Training ensemble member 2/3 (seed=1007)
18:04:07 INFO   ep   1/100: loss=2.3132 tr_acc=0.124 te_acc=0.098
18:04:14 INFO   ep  20/100: loss=1.9469 tr_acc=0.247 te_acc=0.244
18:04:23 INFO   ep  40/100: loss=1.7467 tr_acc=0.324 te_acc=0.282
18:04:32 INFO   ep  60/100: loss=1.6060 tr_acc=0.351 te_acc=0.269
18:04:41 INFO   ep  80/100: loss=1.4396 tr_acc=0.467 te_acc=0.314
18:04:52 INFO   ep 100/100: loss=1.4079 tr_acc=0.487 te_acc=0.319
18:04:53 INFO     Member 2 acc: 0.3188
18:04:53 INFO     Training ensemble member 3/3 (seed=2007)
18:04:55 INFO   ep   1/100: loss=2.2302 tr_acc=0.167 te_acc=0.143
18:05:05 INFO   ep  20/100: loss=1.7820 tr_acc=0.307 te_acc=0.257
18:05:14 INFO   ep  40/100: loss=1.7253 tr_acc=0.364 te_acc=0.278
18:05:23 INFO   ep  60/100: loss=1.4493 tr_acc=0.427 te_acc=0.294
18:05:32 INFO   ep  80/100: loss=1.3386 tr_acc=0.504 te_acc=0.317
18:05:42 INFO   ep 100/100: loss=1.2649 tr_acc=0.529 te_acc=0.339
18:05:42 INFO     Member 3 acc: 0.3390
18:05:50 INFO   Ensemble mean acc: 0.3314
18:05:50 INFO   Ensemble AUPPC=0.1410  ECE=0.0599
18:05:50 INFO 
  AUPPC deltas:
18:05:50 INFO     Ensemble − MCD   = +0.1130
18:05:50 INFO     MCD − MSP        = -0.1553
18:05:50 INFO     TS − MSP         = -0.0963
18:05:50 INFO     Ensemble − MSP   = -0.0423
18:05:50 INFO     TS recovery frac = 2.2773151056120686
18:05:50 INFO 
============================================================
18:05:50 INFO SEED 123
18:05:50 INFO ============================================================
18:05:50 INFO   Train-labeled: 450, Val-labeled: 50, Unlabeled: 49500, Test: 10000
18:05:50 INFO 
  [MSP Baseline]
18:05:51 INFO   ep   1/100: loss=2.2965 tr_acc=0.138 te_acc=0.100
18:06:00 INFO   ep  20/100: loss=1.8832 tr_acc=0.289 te_acc=0.229
18:06:09 INFO   ep  40/100: loss=1.7534 tr_acc=0.338 te_acc=0.266
18:06:18 INFO   ep  60/100: loss=1.5990 tr_acc=0.409 te_acc=0.284
18:06:27 INFO   ep  80/100: loss=1.4228 tr_acc=0.480 te_acc=0.311
18:06:36 INFO   ep 100/100: loss=1.3574 tr_acc=0.500 te_acc=0.316
18:06:37 INFO   MSP test accuracy: 0.3157
18:06:39 INFO   MSP AUPPC=0.1698  ECE=0.1424
18:06:39 INFO 
  [Temperature Scaling (reuses MSP model)]
18:06:40 INFO   Temperature scaling: T = 1.9049
18:06:42 INFO   TS  AUPPC=0.0473  ECE=0.0228  T=1.9049
18:06:42 INFO   TS val ECE:  pre=0.1737  post=0.1383  improvement=0.0355
18:06:42 INFO 
  [MC-Dropout p=0.1, T=20]
18:06:44 INFO   ep   1/100: loss=2.3042 tr_acc=0.129 te_acc=0.141
18:06:51 INFO   ep  20/100: loss=1.8860 tr_acc=0.280 te_acc=0.206
18:07:00 INFO   ep  40/100: loss=1.8385 tr_acc=0.311 te_acc=0.262
18:07:09 INFO   ep  60/100: loss=1.6949 tr_acc=0.349 te_acc=0.268
18:07:17 INFO   ep  80/100: loss=1.4745 tr_acc=0.453 te_acc=0.312
18:07:24 INFO   ep 100/100: loss=1.4121 tr_acc=0.469 te_acc=0.318
18:07:25 INFO   MCD test accuracy: 0.3206
18:08:06 INFO   MCD AUPPC=0.0198  ECE=0.2553
18:08:06 INFO 
  [Deep Ensemble K=3]
18:08:06 INFO     Training ensemble member 1/3 (seed=123)
18:08:07 INFO   ep   1/100: loss=2.2965 tr_acc=0.138 te_acc=0.100
18:08:14 INFO   ep  20/100: loss=1.8832 tr_acc=0.289 te_acc=0.229
18:08:22 INFO   ep  40/100: loss=1.7534 tr_acc=0.338 te_acc=0.266
18:08:30 INFO   ep  60/100: loss=1.5990 tr_acc=0.409 te_acc=0.284
18:08:38 INFO   ep  80/100: loss=1.4228 tr_acc=0.480 te_acc=0.311
18:08:45 INFO   ep 100/100: loss=1.3574 tr_acc=0.500 te_acc=0.316
18:08:46 INFO     Member 1 acc: 0.3157
18:08:46 INFO     Training ensemble member 2/3 (seed=1123)
18:08:47 INFO   ep   1/100: loss=2.2343 tr_acc=0.131 te_acc=0.135
18:08:54 INFO   ep  20/100: loss=1.9010 tr_acc=0.291 te_acc=0.210
18:09:02 INFO   ep  40/100: loss=1.7037 tr_acc=0.327 te_acc=0.268
18:09:09 INFO   ep  60/100: loss=1.4398 tr_acc=0.462 te_acc=0.284
18:09:17 INFO   ep  80/100: loss=1.2706 tr_acc=0.542 te_acc=0.333
18:09:25 INFO   ep 100/100: loss=1.1475 tr_acc=0.609 te_acc=0.347
18:09:25 INFO     Member 2 acc: 0.3467
18:09:25 INFO     Training ensemble member 3/3 (seed=2123)
18:09:26 INFO   ep   1/100: loss=2.2825 tr_acc=0.136 te_acc=0.146
18:09:34 INFO   ep  20/100: loss=1.8801 tr_acc=0.276 te_acc=0.252
18:09:41 INFO   ep  40/100: loss=1.6885 tr_acc=0.342 te_acc=0.278
18:09:48 INFO   ep  60/100: loss=1.5674 tr_acc=0.367 te_acc=0.303
18:09:56 INFO   ep  80/100: loss=1.4124 tr_acc=0.504 te_acc=0.341
18:10:03 INFO   ep 100/100: loss=1.3438 tr_acc=0.491 te_acc=0.353
18:10:04 INFO     Member 3 acc: 0.3534
18:10:10 INFO   Ensemble mean acc: 0.3386
18:10:10 INFO   Ensemble AUPPC=0.1894  ECE=0.1023
18:10:10 INFO 
  AUPPC deltas:
18:10:10 INFO     Ensemble − MCD   = +0.1696
18:10:10 INFO     MCD − MSP        = -0.1500
18:10:10 INFO     TS − MSP         = -0.1225
18:10:10 INFO     Ensemble − MSP   = +0.0196
18:10:10 INFO     TS recovery frac = -6.244299325112985
18:10:10 INFO 
============================================================
18:10:10 INFO AGGREGATE RESULTS
18:10:10 INFO ============================================================
18:10:10 INFO   AUPPC MSP:       0.2025 ± 0.0371  [0.2543798078062553, 0.18332151154421308, 0.16982447262573686]
18:10:10 INFO   AUPPC TS-MSP:    0.0594 ± 0.0196  [0.04385676667771817, 0.08701270313690933, 0.04729158101142859]
18:10:10 INFO   AUPPC MC-Drop:   0.0220 ± 0.0044  [0.01802411285342065, 0.028030565946959553, 0.01982259522607196]
18:10:10 INFO   AUPPC Ensemble:  0.1852 ± 0.0345  [0.22521868385169877, 0.14103100542586058, 0.18944763372589618]
18:10:10 INFO   Acc MSP:         0.3363 ± 0.0168
18:10:10 INFO   Acc TS-MSP:      0.3363 ± 0.0168  (same model as MSP)
18:10:10 INFO   Acc MC-Drop:     0.3184 ± 0.0041
18:10:10 INFO   Acc Ensemble:    0.3431 ± 0.0119
18:10:10 INFO   ECE MSP:         0.1406
18:10:10 INFO   ECE TS-MSP:      0.0357
18:10:10 INFO   ECE MC-Drop:     0.2492
18:10:10 INFO   ECE Ensemble:    0.0834
18:10:10 INFO   Δ(Ens−MCD):      +0.1633
18:10:10 INFO   Δ(MCD−MSP):      -0.1805
18:10:10 INFO   Δ(TS−MSP):       -0.1431
18:10:10 INFO   Δ(Ens−MSP):      -0.0173
18:10:10 INFO   Δ(Ens−TS):       +0.1258
18:10:10 INFO   TS recovery frac: 1.0841
18:10:10 INFO 
  HYPOTHESIS CHECKS:
18:10:10 INFO     (a) Ens−MCD AUPPC >= 0.030: True  (0.1633)
18:10:10 INFO     (b) MCD−MSP >= 0.015 in >=2/3 seeds: False  (0/3)
18:10:10 INFO     (c) Ensemble acc > MSP+0.5% in >=2/3: False  (1/3)
18:10:10 INFO     CONFIRMED: False
18:10:10 INFO     REFUTED:   True
18:10:10 INFO     MSP AUPPC in sanity band [0.70,0.88]: 0/3 seeds
18:10:10 INFO 
Total runtime: 821s  (13.7 min)
18:10:10 INFO 
Results written to /workspace/results/refine-02/RESULTS.json

{
  "status": "SUCCESS",
  "scale": "probe",
  "subject_executed": "MSP / Temperature-Scaled MSP / MC-Dropout (T=20, p=0.1) / Deep Ensemble (K=3) on CIFAR-10 50 labels/class, 100 epochs (LR=0.1), 3 seeds",
  "notes": "refine-02: fixed LR (3e-3\u21920.1), added TS arm, 100 epochs. MSP AUPPC sanity band [0.70,0.88]: 0/3 seeds. Hypothesis confirmed=False, refuted=True. Runtime 821s (13.7 min).",
  "sanity_gates": [
    {
      "name": "loss_at_init",
      "passed": true,
      "init_ce_loss": 2.302722930908203
    },
    {
      "name": "uniform_baseline",
      "passed": true,
      "uniform_accuracy": 0.1
    },
    {
      "name": "overfit_one_batch",
      "passed": false,
      "single_batch_loss_at_step200": 0.010141774080693722
    },
    {
      "name": "reproducibility",
      "passed": true,
      "diff": 0.0,
      "run1_loss": 2.3229801654815674,
      "run2_loss": 2.3229801654815674
    }
  ],
  "all_sanity_gates_passed": false,
  "per_seed_results": [
    {
      "seed": 42,
      "msp": {
        "test_acc": 0.3568,
        "auppc": 0.2543798078062553,
        "ece": 0.16199091358738715
      },
      "ts": {
        "test_acc": 0.3568,
        "auppc": 0.04385676667771817,
        "ece": 0.062421107284649446,
        "ece_val": 0.20807684481143954,
        "ece_msp_val": 0.25983832269907,
        "temperature": 2.4954640865325928,
        "ece_improvement": 0.05176147788763044
      },
      "mc_dropout": {
        "test_acc": 0.322,
        "auppc": 0.01802411285342065,
        "ece": 0.2422871523306827
      },
      "ensemble": {
        "test_acc": 0.3594333333333333,
        "member_accs": [
          0.3568,
          0.3285,
          0.393
        ],
        "auppc": 0.22521868385169877,
        "ece": 0.08795971617764896
      },
      "delta_ens_vs_mcd": 0.20719457099827812,
      "delta_mcd_vs_msp": -0.23635569495283465,
      "delta_ts_vs_msp": -0.21052304112853712,
      "delta_ens_vs_msp": -0.029161123954556528,
      "delta_ens_vs_ts": 0.1813619171739806,
      "ts_recovery_fraction": 7.219304765365265
    },
    {
      "seed": 7,
      "msp": {
        "test_acc": 0.3364,
        "auppc": 0.18332151154421308,
        "ece": 0.11729967643937679
      },
      "ts": {
        "test_acc": 0.3364,
        "auppc": 0.08701270313690933,
        "ece": 0.021895353383488126,
        "ece_val": 0.07889605671167374,
        "ece_msp_val": 0.12707388877868653,
        "temperature": 1.6223393678665161,
        "ece_improvement": 0.04817783206701279
      },
      "mc_dropout": {
        "test_acc": 0.3127,
        "auppc": 0.028030565946959553,
        "ece": 0.2499520558320512
      },
      "ensemble": {
        "test_acc": 0.3314,
        "member_accs": [
          0.3364,
          0.3188,
          0.339
        ],
        "auppc": 0.14103100542586058,
        "ece": 0.059941513136781824
      },
      "delta_ens_vs_mcd": 0.11300043947890104,
      "delta_mcd_vs_msp": -0.15529094559725354,
      "delta_ts_vs_msp": -0.09630880840730376,
      "delta_ens_vs_msp": -0.0422905061183525,
      "delta_ens_vs_ts": 0.054018302288951256,
      "ts_recovery_fraction": 2.2773151056120686
    },
    {
      "seed": 123,
      "msp": {
        "test_acc": 0.3157,
        "auppc": 0.16982447262573686,
        "ece": 0.14241410734978588
      },
      "ts": {
        "test_acc": 0.3157,
        "auppc": 0.04729158101142859,
        "ece": 0.022826141198777187,
        "ece_val": 0.138260158598423,
        "ece_msp_val": 0.1737440660595894,
        "temperature": 1.904868483543396,
        "ece_improvement": 0.03548390746116639
      },
      "mc_dropout": {
        "test_acc": 0.3206,
        "auppc": 0.01982259522607196,
        "ece": 0.25528410103465576
      },
      "ensemble": {
        "test_acc": 0.3386,
        "member_accs": [
          0.3157,
          0.3467,
          0.3534
        ],
        "auppc": 0.18944763372589618,
        "ece": 0.10227456234380453
      },
      "delta_ens_vs_mcd": 0.16962503849982422,
      "delta_mcd_vs_msp": -0.1500018773996649,
      "delta_ts_vs_msp": -0.12253289161430826,
      "delta_ens_vs_msp": 0.019623161100159325,
      "delta_ens_vs_ts": 0.14215605271446757,
      "ts_recovery_fraction": -6.244299325112985
    }
  ],
  "metrics": {
    "auppc_msp": {
      "values": [
        0.2543798078062553,
        0.18332151154421308,
        0.16982447262573686
      ],
      "mean": 0.20250859732540175,
      "std": 0.037090064909204225
    },
    "auppc_ts_msp": {
      "values": [
        0.04385676667771817,
        0.08701270313690933,
        0.04729158101142859
      ],
      "mean": 0.0593870169420187,
      "std": 0.019584575404821242
    },
    "auppc_mc_dropout": {
      "values": [
        0.01802411285342065,
        0.028030565946959553,
        0.01982259522607196
      ],
      "mean": 0.02195909134215072,
      "std": 0.004355512799415877
    },
    "auppc_ensemble": {
      "values": [
        0.22521868385169877,
        0.14103100542586058,
        0.18944763372589618
      ],
      "mean": 0.18523244100115185,
      "std": 0.03449847520266307
    },
    "acc_msp": {
      "values": [
        0.3568,
        0.3364,
        0.3157
      ],
      "mean": 0.33630000000000004,
      "std": 0.016779153733129697
    },
    "acc_ts_msp": {
      "values": [
        0.3568,
        0.3364,
        0.3157
      ],
      "mean": 0.33630000000000004,
      "std": 0.016779153733129697
    },
    "acc_mc_dropout": {
      "values": [
        0.322,
        0.3127,
        0.3206
      ],
      "mean": 0.31843333333333335,
      "std": 0.004094169295745148
    },
    "acc_ensemble": {
      "values": [
        0.3594333333333333,
        0.3314,
        0.3386
      ],
      "mean": 0.3431444444444445,
      "std": 0.011887133826843376
    },
    "ece_msp": {
      "values": [
        0.16199091358738715,
        0.11729967643937679,
        0.14241410734978588
      ],
      "mean": 0.14056823245884995,
      "std": 0.018291748778063225
    },
    "ece_ts_msp": {
      "values": [
        0.062421107284649446,
        0.021895353383488126,
        0.022826141198777187
      ],
      "mean": 0.03571420062230492,
      "std": 0.018888457482329597
    },
    "ece_mc_dropout": {
      "values": [
        0.2422871523306827,
        0.2499520558320512,
        0.25528410103465576
      ],
      "mean": 0.24917443639912987,
      "std": 0.005334397053730276
    },
    "ece_ensemble": {
      "values": [
        0.08795971617764896,
        0.059941513136781824,
        0.10227456234380453
      ],
      "mean": 0.08339193055274512,
      "std": 0.017581624174638703
    },
    "delta_ensemble_vs_mcd_mean": 0.16327334965900112,
    "delta_ensemble_vs_mcd_std": 0.03871598779591711,
    "delta_mcd_vs_msp_mean": -0.18054950598325104,
    "delta_mcd_vs_msp_std": 0.03951996631308739,
    "delta_ts_vs_msp_mean": -0.14312158038338305,
    "delta_ts_vs_msp_std": 0.04884767696931201,
    "delta_ensemble_vs_msp_mean": -0.017276156324249902,
    "delta_ensemble_vs_msp_std": 0.026636627524159708,
    "delta_ensemble_vs_ts_mean": 0.12584542405913315,
    "delta_ensemble_vs_ts_std": 0.05325177003847433,
    "ts_recovery_fraction_mean": 1.0841068486214496,
    "msp_auppc_in_sanity_band_count": 0
  },
  "hypothesis": {
    "confirmed": false,
    "refuted": true,
    "cond_a_ens_minus_mcd_ge_0030": true,
    "cond_b_mcd_minus_msp_ge_2of3": false,
    "cond_c_ens_acc_gt_msp_2of3": false,
    "refuted_a_ens_le_mcd_plus_010_ge_2of3": false,
    "refuted_b_msp_auppc_gt_090_ge_2of3": false,
    "refuted_c_msp_error_gt_25pct_ge_2of3": true
  },
  "config": {
    "labels_per_class": 50,
    "probe_epochs": 100,
    "lr": 0.1,
    "weight_decay": 0.0005,
    "ensemble_k": 3,
    "mc_passes": 20,
    "mc_dropout_p": 0.1,
    "ts_val_fraction": 0.1,
    "seeds": [
      42,
      7,
      123
    ],
    "thresholds_n": 20
  },
  "runtime_seconds": 820.8408455848694
}
