[init] Device: cuda  (NVIDIA H100 80GB HBM3)
[init] Datasets: ['cifar100', 'cifar10']
[init] Arms: ['A_floor', 'B', 'C', 'D', 'RANDOM']  Seeds: [0, 1, 2, 3, 4, 5, 6, 7]
[init] steps/task=1000  reset_every=100  frac=0.1
[init] Total training runs: 66  (reset=64 + floor=2)

[main] Loading datasets...
[cifar100] torchvision: X_tr=(50000, 3, 32, 32)
[cifar10] torchvision: X_tr=(50000, 3, 32, 32)
[main] Datasets loaded.


======================================================================
DATASET: CIFAR100  (10 tasks × 5 cls = 50 / 100 classes)
======================================================================

  [run 1] A_floor  seed=0
  [A_floor /s0] T1/10  acc=0.880  dead=0.604  erank=52.90  loss=0.0358  wall=4.8s
  [A_floor /s0] T2/10  acc=0.896  dead=0.969  erank=8.50  loss=0.0236  wall=3.7s
  [A_floor /s0] T3/10  acc=0.200  dead=0.998  erank=1.00  loss=1.6119  wall=3.7s
  [A_floor /s0] T4/10  acc=0.200  dead=1.000  erank=0.00  loss=2.2754  wall=3.7s
  [A_floor /s0] T5/10  acc=0.200  dead=1.000  erank=0.00  loss=3.1933  wall=3.7s
  [A_floor /s0] T6/10  acc=0.200  dead=1.000  erank=0.00  loss=3.4660  wall=3.7s
  [A_floor /s0] T7/10  acc=0.200  dead=1.000  erank=0.00  loss=3.7265  wall=3.7s
  [A_floor /s0] T8/10  acc=0.200  dead=1.000  erank=0.00  loss=3.9359  wall=3.7s
  [A_floor /s0] T9/10  acc=0.200  dead=1.000  erank=0.00  loss=4.1552  wall=3.7s
  [A_floor /s0] T10/10  acc=0.200  dead=1.000  erank=0.00  loss=4.3629  wall=3.8s
  → primary_acc=0.2773  dead=1.000  erank=0.00  wall=38.5s

  SEED 0  (elapsed=0.7min)

  [run 2/66] dataset=cifar100  arm=B  seed=0
  [B       /s0] T1/10  acc=0.896  dead=0.510  erank=63.43  loss=0.0390  wall=3.9s
  [B       /s0] T2/10  acc=0.864  dead=0.832  erank=19.86  loss=0.0787  wall=3.8s
  [B       /s0] T3/10  acc=0.848  dead=0.842  erank=16.24  loss=0.2194  wall=3.8s
  [B       /s0] T4/10  acc=0.730  dead=0.875  erank=12.74  loss=0.5700  wall=3.8s
  [B       /s0] T5/10  acc=0.816  dead=0.855  erank=19.18  loss=0.3825  wall=3.8s
  [B       /s0] T6/10  acc=0.814  dead=0.850  erank=11.96  loss=0.1909  wall=3.8s
  [B       /s0] T7/10  acc=0.786  dead=0.801  erank=22.63  loss=0.2069  wall=3.8s
  [B       /s0] T8/10  acc=0.614  dead=0.760  erank=43.01  loss=0.8721  wall=3.8s
  [B       /s0] T9/10  acc=0.762  dead=0.752  erank=41.63  loss=0.4006  wall=3.8s
  [B       /s0] T10/10  acc=0.830  dead=0.738  erank=34.32  loss=0.2006  wall=3.8s
  → primary_acc=0.7849  dead=0.738  erank=34.32  wall=38.5s

  [run 3/66] dataset=cifar100  arm=C  seed=0
  [C       /s0] T1/10  acc=0.874  dead=0.688  erank=46.37  loss=0.0346  wall=3.7s
  [C       /s0] T2/10  acc=0.888  dead=0.869  erank=13.21  loss=0.0673  wall=3.7s
  [C       /s0] T3/10  acc=0.838  dead=0.891  erank=9.35  loss=0.1444  wall=3.7s
  [C       /s0] T4/10  acc=0.820  dead=0.877  erank=11.93  loss=0.3688  wall=3.8s
  [C       /s0] T5/10  acc=0.786  dead=0.883  erank=14.35  loss=0.4872  wall=3.7s
  [C       /s0] T6/10  acc=0.786  dead=0.867  erank=17.51  loss=0.2839  wall=3.7s
  [C       /s0] T7/10  acc=0.788  dead=0.844  erank=22.68  loss=0.3444  wall=3.7s
  [C       /s0] T8/10  acc=0.610  dead=0.895  erank=14.50  loss=0.6503  wall=3.7s
  [C       /s0] T9/10  acc=0.780  dead=0.848  erank=19.59  loss=0.2934  wall=3.7s
  [C       /s0] T10/10  acc=0.834  dead=0.820  erank=23.22  loss=0.1964  wall=3.8s
  → primary_acc=0.7922  dead=0.820  erank=23.22  wall=37.8s

  [run 4/66] dataset=cifar100  arm=D  seed=0
  [D       /s0] T1/10  acc=0.886  dead=0.510  erank=63.16  loss=0.0204  wall=3.7s
  [D       /s0] T2/10  acc=0.886  dead=0.838  erank=18.69  loss=0.0830  wall=3.7s
  [D       /s0] T3/10  acc=0.832  dead=0.861  erank=16.60  loss=0.3506  wall=3.8s
  [D       /s0] T4/10  acc=0.670  dead=0.883  erank=10.80  loss=0.7154  wall=3.8s
  [D       /s0] T5/10  acc=0.834  dead=0.859  erank=15.01  loss=0.3370  wall=3.8s
  [D       /s0] T6/10  acc=0.818  dead=0.865  erank=12.29  loss=0.2802  wall=3.8s
  [D       /s0] T7/10  acc=0.804  dead=0.814  erank=26.61  loss=0.3183  wall=3.8s
  [D       /s0] T8/10  acc=0.770  dead=0.738  erank=43.56  loss=0.2799  wall=3.8s
  [D       /s0] T9/10  acc=0.686  dead=0.762  erank=35.96  loss=0.5974  wall=3.7s
  [D       /s0] T10/10  acc=0.850  dead=0.732  erank=42.94  loss=0.2399  wall=3.7s
  → primary_acc=0.7944  dead=0.732  erank=42.94  wall=38.0s

  [run 5/66] dataset=cifar100  arm=RANDOM  seed=0
  [RANDOM  /s0] T1/10  acc=0.864  dead=0.768  erank=34.76  loss=0.0421  wall=3.7s
  [RANDOM  /s0] T2/10  acc=0.920  dead=0.877  erank=10.59  loss=0.0556  wall=3.7s
  [RANDOM  /s0] T3/10  acc=0.752  dead=0.916  erank=8.17  loss=0.5876  wall=3.7s
  [RANDOM  /s0] T4/10  acc=0.768  dead=0.854  erank=18.08  loss=0.4942  wall=3.7s
  [RANDOM  /s0] T5/10  acc=0.844  dead=0.857  erank=21.36  loss=0.1424  wall=3.9s
  [RANDOM  /s0] T6/10  acc=0.780  dead=0.863  erank=17.48  loss=0.2549  wall=3.7s
  [RANDOM  /s0] T7/10  acc=0.786  dead=0.836  erank=25.11  loss=0.2580  wall=3.7s
  [RANDOM  /s0] T8/10  acc=0.744  dead=0.863  erank=18.42  loss=0.3902  wall=3.7s
  [RANDOM  /s0] T9/10  acc=0.820  dead=0.818  erank=19.88  loss=0.1620  wall=3.7s
  [RANDOM  /s0] T10/10  acc=0.842  dead=0.828  erank=24.81  loss=0.1084  wall=3.7s
  → primary_acc=0.8062  dead=0.828  erank=24.81  wall=37.6s
  [io] RESULTS.json written  status=RUNNING
  [seed 0 done]  elapsed=3.3min

  SEED 1  (elapsed=3.3min)

  [run 6/66] dataset=cifar100  arm=B  seed=1
  [B       /s1] T1/10  acc=0.822  dead=0.539  erank=68.04  loss=0.0525  wall=3.8s
  [B       /s1] T2/10  acc=0.858  dead=0.836  erank=22.15  loss=0.1299  wall=3.8s
  [B       /s1] T3/10  acc=0.696  dead=0.891  erank=11.02  loss=0.6207  wall=4.0s
  [B       /s1] T4/10  acc=0.366  dead=0.910  erank=4.76  loss=1.4685  wall=4.1s
  [B       /s1] T5/10  acc=0.876  dead=0.850  erank=15.62  loss=0.2597  wall=4.0s
  [B       /s1] T6/10  acc=0.872  dead=0.834  erank=21.45  loss=0.1678  wall=3.8s
  [B       /s1] T7/10  acc=0.804  dead=0.844  erank=15.03  loss=0.4341  wall=3.9s
  [B       /s1] T8/10  acc=0.636  dead=0.850  erank=14.03  loss=0.8771  wall=3.9s
  [B       /s1] T9/10  acc=0.894  dead=0.873  erank=11.94  loss=0.2244  wall=3.8s
  [B       /s1] T10/10  acc=0.756  dead=0.785  erank=23.86  loss=0.3287  wall=3.9s
  → primary_acc=0.7509  dead=0.785  erank=23.86  wall=39.4s

  [run 7/66] dataset=cifar100  arm=C  seed=1
  [C       /s1] T1/10  acc=0.800  dead=0.699  erank=49.27  loss=0.0769  wall=3.8s
  [C       /s1] T2/10  acc=0.868  dead=0.891  erank=10.57  loss=0.1546  wall=3.8s
  [C       /s1] T3/10  acc=0.648  dead=0.902  erank=7.46  loss=0.6417  wall=3.8s
  [C       /s1] T4/10  acc=0.758  dead=0.908  erank=8.79  loss=0.4515  wall=3.8s
  [C       /s1] T5/10  acc=0.834  dead=0.895  erank=12.71  loss=0.2799  wall=3.8s
  [C       /s1] T6/10  acc=0.860  dead=0.859  erank=17.57  loss=0.0791  wall=3.8s
  [C       /s1] T7/10  acc=0.814  dead=0.861  erank=15.44  loss=0.3065  wall=3.9s
  [C       /s1] T8/10  acc=0.796  dead=0.857  erank=15.03  loss=0.3165  wall=3.8s
  [C       /s1] T9/10  acc=0.892  dead=0.836  erank=18.61  loss=0.1274  wall=3.8s
  [C       /s1] T10/10  acc=0.764  dead=0.842  erank=14.68  loss=0.3869  wall=3.8s
  → primary_acc=0.8038  dead=0.842  erank=14.68  wall=38.6s

  [run 8/66] dataset=cifar100  arm=D  seed=1
  [D       /s1] T1/10  acc=0.832  dead=0.547  erank=66.25  loss=0.0476  wall=3.8s
  [D       /s1] T2/10  acc=0.846  dead=0.832  erank=23.06  loss=0.0807  wall=3.8s
  [D       /s1] T3/10  acc=0.682  dead=0.893  erank=8.81  loss=0.7381  wall=3.8s
  [D       /s1] T4/10  acc=0.720  dead=0.887  erank=11.61  loss=0.6560  wall=4.0s
  [D       /s1] T5/10  acc=0.860  dead=0.852  erank=13.11  loss=0.2259  wall=3.8s
  [D       /s1] T6/10  acc=0.894  dead=0.834  erank=13.96  loss=0.1994  wall=3.8s
  [D       /s1] T7/10  acc=0.814  dead=0.842  erank=12.94  loss=0.3080  wall=3.7s
  [D       /s1] T8/10  acc=0.824  dead=0.771  erank=27.35  loss=0.1998  wall=3.8s
  [D       /s1] T9/10  acc=0.892  dead=0.773  erank=27.26  loss=0.1975  wall=3.8s
  [D       /s1] T10/10  acc=0.720  dead=0.787  erank=28.08  loss=0.4959  wall=3.8s
  → primary_acc=0.8058  dead=0.787  erank=28.08  wall=38.5s

  [run 9/66] dataset=cifar100  arm=RANDOM  seed=1
  [RANDOM  /s1] T1/10  acc=0.796  dead=0.775  erank=36.01  loss=0.0455  wall=3.8s
  [RANDOM  /s1] T2/10  acc=0.822  dead=0.867  erank=16.42  loss=0.1256  wall=3.7s
  [RANDOM  /s1] T3/10  acc=0.736  dead=0.893  erank=10.52  loss=0.4599  wall=3.8s
  [RANDOM  /s1] T4/10  acc=0.800  dead=0.904  erank=9.24  loss=0.3881  wall=3.7s
  [RANDOM  /s1] T5/10  acc=0.826  dead=0.871  erank=11.78  loss=0.2880  wall=3.7s
  [RANDOM  /s1] T6/10  acc=0.782  dead=0.857  erank=17.07  loss=0.0632  wall=3.7s
  [RANDOM  /s1] T7/10  acc=0.788  dead=0.867  erank=16.64  loss=0.3242  wall=3.7s
  [RANDOM  /s1] T8/10  acc=0.774  dead=0.834  erank=19.74  loss=0.3098  wall=3.7s
  [RANDOM  /s1] T9/10  acc=0.882  dead=0.852  erank=16.85  loss=0.1287  wall=3.9s
  [RANDOM  /s1] T10/10  acc=0.742  dead=0.846  erank=20.72  loss=0.3184  wall=3.9s
  → primary_acc=0.7947  dead=0.846  erank=20.72  wall=38.0s
  [io] RESULTS.json written  status=RUNNING
  [seed 1 done]  elapsed=5.9min

  SEED 2  (elapsed=5.9min)

  [run 10/66] dataset=cifar100  arm=B  seed=2
  [B       /s2] T1/10  acc=0.892  dead=0.525  erank=61.99  loss=0.0337  wall=3.7s
  [B       /s2] T2/10  acc=0.868  dead=0.840  erank=22.72  loss=0.1251  wall=3.7s
  [B       /s2] T3/10  acc=0.886  dead=0.854  erank=16.33  loss=0.1242  wall=3.8s
  [B       /s2] T4/10  acc=0.808  dead=0.871  erank=18.24  loss=0.3320  wall=3.7s
  [B       /s2] T5/10  acc=0.808  dead=0.863  erank=16.74  loss=0.4495  wall=3.8s
  [B       /s2] T6/10  acc=0.780  dead=0.873  erank=10.63  loss=0.3287  wall=3.8s
  [B       /s2] T7/10  acc=0.732  dead=0.852  erank=21.58  loss=0.4841  wall=3.7s
  [B       /s2] T8/10  acc=0.796  dead=0.834  erank=19.95  loss=0.3471  wall=3.7s
  [B       /s2] T9/10  acc=0.806  dead=0.744  erank=33.07  loss=0.2763  wall=3.8s
  [B       /s2] T10/10  acc=0.760  dead=0.775  erank=26.11  loss=0.3464  wall=3.8s
  → primary_acc=0.8049  dead=0.775  erank=26.11  wall=38.0s

  [run 11/66] dataset=cifar100  arm=C  seed=2
  [C       /s2] T1/10  acc=0.910  dead=0.695  erank=42.75  loss=0.0058  wall=3.8s
  [C       /s2] T2/10  acc=0.856  dead=0.867  erank=13.48  loss=0.1160  wall=3.7s
  [C       /s2] T3/10  acc=0.874  dead=0.887  erank=12.11  loss=0.1605  wall=3.8s
  [C       /s2] T4/10  acc=0.808  dead=0.863  erank=18.12  loss=0.2769  wall=3.8s
  [C       /s2] T5/10  acc=0.816  dead=0.900  erank=10.57  loss=0.4677  wall=3.8s
  [C       /s2] T6/10  acc=0.746  dead=0.889  erank=8.48  loss=0.5442  wall=3.8s
  [C       /s2] T7/10  acc=0.646  dead=0.887  erank=10.79  loss=0.8376  wall=3.8s
  [C       /s2] T8/10  acc=0.728  dead=0.859  erank=14.39  loss=0.4288  wall=3.8s
  [C       /s2] T9/10  acc=0.748  dead=0.852  erank=17.76  loss=0.3570  wall=3.8s
  [C       /s2] T10/10  acc=0.696  dead=0.840  erank=19.25  loss=0.6547  wall=3.7s
  → primary_acc=0.7687  dead=0.840  erank=19.25  wall=38.2s

  [run 12/66] dataset=cifar100  arm=D  seed=2
  [D       /s2] T1/10  acc=0.906  dead=0.521  erank=60.20  loss=0.0234  wall=3.7s
  [D       /s2] T2/10  acc=0.824  dead=0.848  erank=15.72  loss=0.2803  wall=3.7s
  [D       /s2] T3/10  acc=0.882  dead=0.842  erank=17.57  loss=0.0839  wall=3.7s
  [D       /s2] T4/10  acc=0.810  dead=0.855  erank=16.73  loss=0.2086  wall=3.7s
  [D       /s2] T5/10  acc=0.782  dead=0.887  erank=10.68  loss=0.6244  wall=3.8s
  [D       /s2] T6/10  acc=0.804  dead=0.867  erank=11.72  loss=0.4728  wall=3.8s
  [D       /s2] T7/10  acc=0.702  dead=0.887  erank=11.81  loss=0.7193  wall=3.7s
  [D       /s2] T8/10  acc=0.778  dead=0.875  erank=9.74  loss=0.4669  wall=3.7s
  [D       /s2] T9/10  acc=0.792  dead=0.807  erank=21.10  loss=0.3689  wall=3.7s
  [D       /s2] T10/10  acc=0.750  dead=0.836  erank=22.13  loss=0.4749  wall=3.7s
  → primary_acc=0.7916  dead=0.836  erank=22.13  wall=37.6s

  [run 13/66] dataset=cifar100  arm=RANDOM  seed=2
  [RANDOM  /s2] T1/10  acc=0.922  dead=0.719  erank=35.76  loss=0.0026  wall=3.7s
  [RANDOM  /s2] T2/10  acc=0.618  dead=0.885  erank=9.63  loss=0.2443  wall=3.8s
  [RANDOM  /s2] T3/10  acc=0.848  dead=0.885  erank=13.40  loss=0.1650  wall=3.7s
  [RANDOM  /s2] T4/10  acc=0.816  dead=0.852  erank=18.69  loss=0.2010  wall=3.7s
  [RANDOM  /s2] T5/10  acc=0.620  dead=0.900  erank=10.66  loss=0.5193  wall=3.7s
  [RANDOM  /s2] T6/10  acc=0.576  dead=0.885  erank=14.77  loss=0.4421  wall=3.7s
  [RANDOM  /s2] T7/10  acc=0.714  dead=0.859  erank=16.65  loss=0.4917  wall=3.7s
  [RANDOM  /s2] T8/10  acc=0.656  dead=0.865  erank=15.89  loss=0.2415  wall=3.7s
  [RANDOM  /s2] T9/10  acc=0.766  dead=0.875  erank=17.21  loss=0.4316  wall=3.8s
  [RANDOM  /s2] T10/10  acc=0.660  dead=0.871  erank=19.95  loss=0.6055  wall=3.8s
  → primary_acc=0.6971  dead=0.871  erank=19.95  wall=37.9s
  [io] RESULTS.json written  status=RUNNING
  [seed 2 done]  elapsed=8.4min

  SEED 3  (elapsed=8.4min)

  [run 14/66] dataset=cifar100  arm=B  seed=3
  [B       /s3] T1/10  acc=0.806  dead=0.527  erank=60.55  loss=0.0524  wall=3.8s
  [B       /s3] T2/10  acc=0.826  dead=0.820  erank=20.04  loss=0.1944  wall=3.8s
  [B       /s3] T3/10  acc=0.746  dead=0.850  erank=19.13  loss=0.4055  wall=3.9s
  [B       /s3] T4/10  acc=0.842  dead=0.859  erank=16.16  loss=0.2167  wall=3.9s
  [B       /s3] T5/10  acc=0.716  dead=0.859  erank=15.80  loss=0.5058  wall=3.8s
  [B       /s3] T6/10  acc=0.764  dead=0.838  erank=11.51  loss=0.4724  wall=3.9s
  [B       /s3] T7/10  acc=0.786  dead=0.818  erank=18.84  loss=0.3761  wall=3.8s
  [B       /s3] T8/10  acc=0.790  dead=0.803  erank=25.71  loss=0.4457  wall=3.9s
  [B       /s3] T9/10  acc=0.730  dead=0.760  erank=38.53  loss=0.3142  wall=3.8s
  [B       /s3] T10/10  acc=0.788  dead=0.779  erank=27.48  loss=0.3004  wall=3.8s
  → primary_acc=0.7764  dead=0.779  erank=27.48  wall=38.8s

  [run 15/66] dataset=cifar100  arm=C  seed=3
  [C       /s3] T1/10  acc=0.822  dead=0.709  erank=41.61  loss=0.0463  wall=3.8s
  [C       /s3] T2/10  acc=0.834  dead=0.873  erank=15.79  loss=0.1913  wall=3.7s
  [C       /s3] T3/10  acc=0.836  dead=0.875  erank=12.55  loss=0.1705  wall=3.8s
  [C       /s3] T4/10  acc=0.900  dead=0.875  erank=11.37  loss=0.0706  wall=3.8s
  [C       /s3] T5/10  acc=0.746  dead=0.885  erank=11.60  loss=0.4229  wall=3.8s
  [C       /s3] T6/10  acc=0.820  dead=0.871  erank=16.04  loss=0.2212  wall=3.8s
  [C       /s3] T7/10  acc=0.792  dead=0.867  erank=14.85  loss=0.3081  wall=3.8s
  [C       /s3] T8/10  acc=0.810  dead=0.855  erank=22.64  loss=0.2675  wall=3.8s
  [C       /s3] T9/10  acc=0.770  dead=0.826  erank=24.70  loss=0.1951  wall=3.8s
  [C       /s3] T10/10  acc=0.844  dead=0.842  erank=16.57  loss=0.2318  wall=3.8s
  → primary_acc=0.8169  dead=0.842  erank=16.57  wall=38.3s

  [run 16/66] dataset=cifar100  arm=D  seed=3
  [D       /s3] T1/10  acc=0.798  dead=0.529  erank=63.23  loss=0.0529  wall=3.7s
  [D       /s3] T2/10  acc=0.838  dead=0.797  erank=20.62  loss=0.1481  wall=3.7s
  [D       /s3] T3/10  acc=0.814  dead=0.863  erank=15.51  loss=0.1993  wall=3.7s
  [D       /s3] T4/10  acc=0.872  dead=0.865  erank=11.92  loss=0.1727  wall=3.7s
  [D       /s3] T5/10  acc=0.780  dead=0.830  erank=22.77  loss=0.3360  wall=3.7s
  [D       /s3] T6/10  acc=0.836  dead=0.807  erank=23.59  loss=0.1204  wall=3.7s
  [D       /s3] T7/10  acc=0.772  dead=0.801  erank=21.16  loss=0.3724  wall=3.7s
  [D       /s3] T8/10  acc=0.810  dead=0.766  erank=36.29  loss=0.2144  wall=3.8s
  [D       /s3] T9/10  acc=0.750  dead=0.822  erank=21.92  loss=0.3785  wall=3.8s
  [D       /s3] T10/10  acc=0.780  dead=0.809  erank=28.12  loss=0.3380  wall=3.7s
  → primary_acc=0.8058  dead=0.809  erank=28.12  wall=37.6s

  [run 17/66] dataset=cifar100  arm=RANDOM  seed=3
  [RANDOM  /s3] T1/10  acc=0.824  dead=0.764  erank=34.21  loss=0.0616  wall=3.7s
  [RANDOM  /s3] T2/10  acc=0.832  dead=0.832  erank=18.57  loss=0.2411  wall=3.7s
  [RANDOM  /s3] T3/10  acc=0.850  dead=0.891  erank=11.06  loss=0.2456  wall=3.7s
  [RANDOM  /s3] T4/10  acc=0.896  dead=0.861  erank=14.80  loss=0.1657  wall=3.8s
  [RANDOM  /s3] T5/10  acc=0.758  dead=0.873  erank=12.94  loss=0.4272  wall=3.8s
  [RANDOM  /s3] T6/10  acc=0.802  dead=0.854  erank=19.64  loss=0.1849  wall=3.8s
  [RANDOM  /s3] T7/10  acc=0.740  dead=0.844  erank=19.22  loss=0.2243  wall=3.7s
  [RANDOM  /s3] T8/10  acc=0.810  dead=0.834  erank=25.85  loss=0.1780  wall=3.7s
  [RANDOM  /s3] T9/10  acc=0.670  dead=0.799  erank=32.20  loss=0.2841  wall=3.7s
  [RANDOM  /s3] T10/10  acc=0.800  dead=0.850  erank=15.71  loss=0.1963  wall=3.8s
  → primary_acc=0.7953  dead=0.850  erank=15.71  wall=37.8s
  [io] RESULTS.json written  status=RUNNING
  [seed 3 done]  elapsed=10.9min

  SEED 4  (elapsed=10.9min)

  [run 18/66] dataset=cifar100  arm=B  seed=4
  [B       /s4] T1/10  acc=0.896  dead=0.520  erank=60.58  loss=0.0448  wall=3.8s
  [B       /s4] T2/10  acc=0.800  dead=0.865  erank=12.07  loss=0.2527  wall=3.8s
  [B       /s4] T3/10  acc=0.854  dead=0.861  erank=13.53  loss=0.1725  wall=3.8s
  [B       /s4] T4/10  acc=0.748  dead=0.838  erank=15.09  loss=0.4850  wall=3.8s
  [B       /s4] T5/10  acc=0.742  dead=0.797  erank=21.29  loss=0.4875  wall=3.9s
  [B       /s4] T6/10  acc=0.838  dead=0.775  erank=27.83  loss=0.2438  wall=3.8s
  [B       /s4] T7/10  acc=0.790  dead=0.734  erank=41.77  loss=0.3878  wall=3.8s
  [B       /s4] T8/10  acc=0.726  dead=0.795  erank=31.18  loss=0.4968  wall=3.8s
  [B       /s4] T9/10  acc=0.714  dead=0.852  erank=17.49  loss=0.4103  wall=3.9s
  [B       /s4] T10/10  acc=0.824  dead=0.734  erank=42.13  loss=0.2036  wall=3.7s
  → primary_acc=0.7818  dead=0.734  erank=42.13  wall=38.6s

  [run 19/66] dataset=cifar100  arm=C  seed=4
  [C       /s4] T1/10  acc=0.870  dead=0.674  erank=44.46  loss=0.0388  wall=3.8s
  [C       /s4] T2/10  acc=0.820  dead=0.895  erank=11.51  loss=0.2873  wall=3.8s
  [C       /s4] T3/10  acc=0.854  dead=0.893  erank=14.07  loss=0.1642  wall=3.8s
  [C       /s4] T4/10  acc=0.714  dead=0.895  erank=8.44  loss=0.3597  wall=3.7s
  [C       /s4] T5/10  acc=0.690  dead=0.867  erank=12.41  loss=0.6982  wall=3.7s
  [C       /s4] T6/10  acc=0.842  dead=0.855  erank=14.41  loss=0.1188  wall=3.8s
  [C       /s4] T7/10  acc=0.834  dead=0.863  erank=11.42  loss=0.3077  wall=3.7s
  [C       /s4] T8/10  acc=0.644  dead=0.844  erank=16.53  loss=0.7640  wall=3.8s
  [C       /s4] T9/10  acc=0.696  dead=0.871  erank=16.77  loss=0.5251  wall=3.7s
  [C       /s4] T10/10  acc=0.814  dead=0.838  erank=21.53  loss=0.3354  wall=3.7s
  → primary_acc=0.7676  dead=0.838  erank=21.53  wall=38.0s

  [run 20/66] dataset=cifar100  arm=D  seed=4
  [D       /s4] T1/10  acc=0.876  dead=0.527  erank=57.62  loss=0.0538  wall=3.7s
  [D       /s4] T2/10  acc=0.794  dead=0.854  erank=16.58  loss=0.1760  wall=3.7s
  [D       /s4] T3/10  acc=0.876  dead=0.844  erank=16.95  loss=0.1238  wall=3.7s
  [D       /s4] T4/10  acc=0.804  dead=0.891  erank=7.11  loss=0.4049  wall=3.7s
  [D       /s4] T5/10  acc=0.660  dead=0.891  erank=10.78  loss=0.8048  wall=3.7s
  [D       /s4] T6/10  acc=0.838  dead=0.830  erank=20.01  loss=0.1944  wall=3.8s
  [D       /s4] T7/10  acc=0.772  dead=0.783  erank=28.61  loss=0.3084  wall=3.8s
  [D       /s4] T8/10  acc=0.614  dead=0.816  erank=20.75  loss=0.7849  wall=3.8s
  [D       /s4] T9/10  acc=0.622  dead=0.857  erank=18.29  loss=0.7125  wall=3.7s
  [D       /s4] T10/10  acc=0.816  dead=0.793  erank=27.61  loss=0.2496  wall=3.8s
  → primary_acc=0.7551  dead=0.793  erank=27.61  wall=37.8s

  [run 21/66] dataset=cifar100  arm=RANDOM  seed=4
  [RANDOM  /s4] T1/10  acc=0.848  dead=0.770  erank=33.01  loss=0.0271  wall=3.7s
  [RANDOM  /s4] T2/10  acc=0.530  dead=0.881  erank=13.98  loss=0.3046  wall=3.7s
  [RANDOM  /s4] T3/10  acc=0.834  dead=0.850  erank=16.93  loss=0.2735  wall=3.7s
  [RANDOM  /s4] T4/10  acc=0.776  dead=0.875  erank=12.76  loss=0.2402  wall=3.7s
  [RANDOM  /s4] T5/10  acc=0.718  dead=0.889  erank=14.46  loss=0.6308  wall=3.7s
  [RANDOM  /s4] T6/10  acc=0.870  dead=0.871  erank=15.30  loss=0.0906  wall=3.8s
  [RANDOM  /s4] T7/10  acc=0.850  dead=0.824  erank=22.25  loss=0.1369  wall=3.8s
  [RANDOM  /s4] T8/10  acc=0.762  dead=0.836  erank=22.98  loss=0.2718  wall=3.8s
  [RANDOM  /s4] T9/10  acc=0.630  dead=0.877  erank=15.79  loss=0.4133  wall=3.7s
  [RANDOM  /s4] T10/10  acc=0.784  dead=0.850  erank=18.98  loss=0.0944  wall=3.7s
  → primary_acc=0.7504  dead=0.850  erank=18.98  wall=37.7s
  [io] RESULTS.json written  status=RUNNING
  [seed 4 done]  elapsed=13.5min

  SEED 5  (elapsed=13.5min)

  [run 22/66] dataset=cifar100  arm=B  seed=5
  [B       /s5] T1/10  acc=0.860  dead=0.537  erank=61.42  loss=0.0449  wall=3.8s
  [B       /s5] T2/10  acc=0.824  dead=0.822  erank=23.39  loss=0.1344  wall=3.7s
  [B       /s5] T3/10  acc=0.666  dead=0.869  erank=8.63  loss=0.7959  wall=3.8s
  [B       /s5] T4/10  acc=0.770  dead=0.824  erank=21.21  loss=0.4312  wall=3.9s
  [B       /s5] T5/10  acc=0.778  dead=0.865  erank=15.61  loss=0.4582  wall=3.8s
  [B       /s5] T6/10  acc=0.746  dead=0.867  erank=13.28  loss=0.3703  wall=3.9s
  [B       /s5] T7/10  acc=0.748  dead=0.854  erank=20.04  loss=0.4000  wall=3.8s
  [B       /s5] T8/10  acc=0.682  dead=0.865  erank=17.05  loss=0.6942  wall=3.8s
  [B       /s5] T9/10  acc=0.782  dead=0.787  erank=28.35  loss=0.3410  wall=3.8s
  [B       /s5] T10/10  acc=0.826  dead=0.758  erank=39.56  loss=0.2086  wall=3.8s
  → primary_acc=0.7580  dead=0.758  erank=39.56  wall=38.5s

  [run 23/66] dataset=cifar100  arm=C  seed=5
  [C       /s5] T1/10  acc=0.888  dead=0.672  erank=46.18  loss=0.0071  wall=3.7s
  [C       /s5] T2/10  acc=0.788  dead=0.877  erank=16.49  loss=0.2484  wall=3.8s
  [C       /s5] T3/10  acc=0.200  dead=0.943  erank=15.77  loss=1.7325  wall=3.8s
  [C       /s5] T4/10  acc=0.748  dead=0.883  erank=13.78  loss=0.4442  wall=3.8s
  [C       /s5] T5/10  acc=0.808  dead=0.854  erank=19.47  loss=0.2276  wall=3.7s
  [C       /s5] T6/10  acc=0.780  dead=0.863  erank=12.98  loss=0.3915  wall=3.7s
  [C       /s5] T7/10  acc=0.702  dead=0.873  erank=9.82  loss=0.6092  wall=3.8s
  [C       /s5] T8/10  acc=0.712  dead=0.875  erank=14.93  loss=0.5784  wall=3.8s
  [C       /s5] T9/10  acc=0.696  dead=0.883  erank=13.20  loss=0.5117  wall=3.8s
  [C       /s5] T10/10  acc=0.822  dead=0.789  erank=37.45  loss=0.1963  wall=3.8s
  → primary_acc=0.6951  dead=0.789  erank=37.45  wall=38.1s

  [run 24/66] dataset=cifar100  arm=D  seed=5
  [D       /s5] T1/10  acc=0.872  dead=0.537  erank=62.70  loss=0.0305  wall=3.7s
  [D       /s5] T2/10  acc=0.822  dead=0.842  erank=21.77  loss=0.0859  wall=3.9s
  [D       /s5] T3/10  acc=0.732  dead=0.883  erank=9.87  loss=0.6266  wall=3.8s
  [D       /s5] T4/10  acc=0.790  dead=0.859  erank=16.32  loss=0.4007  wall=3.8s
  [D       /s5] T5/10  acc=0.794  dead=0.828  erank=18.65  loss=0.2911  wall=3.8s
  [D       /s5] T6/10  acc=0.744  dead=0.877  erank=15.74  loss=0.5058  wall=3.7s
  [D       /s5] T7/10  acc=0.724  dead=0.889  erank=11.84  loss=0.6148  wall=3.8s
  [D       /s5] T8/10  acc=0.710  dead=0.857  erank=18.22  loss=0.6681  wall=3.9s
  [D       /s5] T9/10  acc=0.708  dead=0.816  erank=16.58  loss=0.6335  wall=3.7s
  [D       /s5] T10/10  acc=0.796  dead=0.805  erank=24.50  loss=0.2935  wall=3.8s
  → primary_acc=0.7578  dead=0.805  erank=24.50  wall=38.2s

  [run 25/66] dataset=cifar100  arm=RANDOM  seed=5
  [RANDOM  /s5] T1/10  acc=0.876  dead=0.789  erank=30.62  loss=0.0219  wall=3.9s
  [RANDOM  /s5] T2/10  acc=0.780  dead=0.857  erank=16.51  loss=0.2119  wall=3.8s
  [RANDOM  /s5] T3/10  acc=0.732  dead=0.898  erank=9.31  loss=0.4701  wall=3.8s
  [RANDOM  /s5] T4/10  acc=0.788  dead=0.865  erank=14.65  loss=0.3539  wall=3.8s
  [RANDOM  /s5] T5/10  acc=0.794  dead=0.885  erank=14.35  loss=0.3054  wall=3.8s
  [RANDOM  /s5] T6/10  acc=0.716  dead=0.861  erank=17.73  loss=0.3524  wall=3.7s
  [RANDOM  /s5] T7/10  acc=0.726  dead=0.855  erank=19.35  loss=0.3119  wall=3.7s
  [RANDOM  /s5] T8/10  acc=0.750  dead=0.867  erank=20.47  loss=0.2847  wall=3.7s
  [RANDOM  /s5] T9/10  acc=0.762  dead=0.869  erank=14.68  loss=0.5012  wall=3.7s
  [RANDOM  /s5] T10/10  acc=0.778  dead=0.848  erank=22.73  loss=0.2931  wall=3.7s
  → primary_acc=0.7584  dead=0.848  erank=22.73  wall=38.1s
  [io] RESULTS.json written  status=RUNNING
  [seed 5 done]  elapsed=16.0min

  SEED 6  (elapsed=16.0min)

  [run 26/66] dataset=cifar100  arm=B  seed=6
  [B       /s6] T1/10  acc=0.902  dead=0.549  erank=47.73  loss=0.0130  wall=3.8s
  [B       /s6] T2/10  acc=0.750  dead=0.854  erank=19.23  loss=0.2900  wall=3.8s
  [B       /s6] T3/10  acc=0.756  dead=0.873  erank=13.48  loss=0.5851  wall=3.8s
  [B       /s6] T4/10  acc=0.790  dead=0.830  erank=21.79  loss=0.3839  wall=3.8s
  [B       /s6] T5/10  acc=0.790  dead=0.844  erank=16.30  loss=0.3161  wall=3.8s
  [B       /s6] T6/10  acc=0.818  dead=0.811  erank=20.49  loss=0.2437  wall=3.8s
  [B       /s6] T7/10  acc=0.820  dead=0.842  erank=15.60  loss=0.3751  wall=3.8s
  [B       /s6] T8/10  acc=0.804  dead=0.826  erank=17.75  loss=0.3632  wall=3.9s
  [B       /s6] T9/10  acc=0.736  dead=0.768  erank=38.10  loss=0.2901  wall=3.7s
  [B       /s6] T10/10  acc=0.816  dead=0.740  erank=38.45  loss=0.2127  wall=3.8s
  → primary_acc=0.7867  dead=0.740  erank=38.45  wall=38.4s

  [run 27/66] dataset=cifar100  arm=C  seed=6
  [C       /s6] T1/10  acc=0.916  dead=0.684  erank=36.67  loss=0.0008  wall=3.7s
  [C       /s6] T2/10  acc=0.742  dead=0.879  erank=14.19  loss=0.2961  wall=3.8s
  [C       /s6] T3/10  acc=0.882  dead=0.877  erank=10.30  loss=0.1393  wall=3.8s
  [C       /s6] T4/10  acc=0.844  dead=0.893  erank=12.03  loss=0.2761  wall=3.8s
  [C       /s6] T5/10  acc=0.800  dead=0.875  erank=13.93  loss=0.2503  wall=3.8s
  [C       /s6] T6/10  acc=0.792  dead=0.863  erank=15.55  loss=0.3410  wall=4.0s
  [C       /s6] T7/10  acc=0.832  dead=0.854  erank=12.29  loss=0.2940  wall=3.8s
  [C       /s6] T8/10  acc=0.756  dead=0.854  erank=17.36  loss=0.4427  wall=3.7s
  [C       /s6] T9/10  acc=0.728  dead=0.822  erank=29.08  loss=0.3696  wall=3.7s
  [C       /s6] T10/10  acc=0.812  dead=0.832  erank=24.19  loss=0.1815  wall=3.7s
  → primary_acc=0.7987  dead=0.832  erank=24.19  wall=38.3s

  [run 28/66] dataset=cifar100  arm=D  seed=6
  [D       /s6] T1/10  acc=0.910  dead=0.549  erank=49.76  loss=0.0146  wall=3.7s
  [D       /s6] T2/10  acc=0.754  dead=0.846  erank=17.06  loss=0.3551  wall=3.7s
  [D       /s6] T3/10  acc=0.782  dead=0.854  erank=17.46  loss=0.5313  wall=3.7s
  [D       /s6] T4/10  acc=0.768  dead=0.855  erank=15.23  loss=0.4326  wall=3.7s
  [D       /s6] T5/10  acc=0.656  dead=0.893  erank=8.90  loss=0.6883  wall=3.7s
  [D       /s6] T6/10  acc=0.786  dead=0.879  erank=10.99  loss=0.3124  wall=3.8s
  [D       /s6] T7/10  acc=0.878  dead=0.846  erank=15.22  loss=0.1529  wall=3.7s
  [D       /s6] T8/10  acc=0.750  dead=0.820  erank=19.42  loss=0.2657  wall=3.7s
  [D       /s6] T9/10  acc=0.720  dead=0.768  erank=33.62  loss=0.3796  wall=3.7s
  [D       /s6] T10/10  acc=0.776  dead=0.826  erank=21.97  loss=0.3639  wall=3.8s
  → primary_acc=0.7633  dead=0.826  erank=21.97  wall=37.7s

  [run 29/66] dataset=cifar100  arm=RANDOM  seed=6
  [RANDOM  /s6] T1/10  acc=0.928  dead=0.758  erank=29.36  loss=0.0015  wall=3.7s
  [RANDOM  /s6] T2/10  acc=0.670  dead=0.863  erank=18.67  loss=0.4882  wall=3.7s
  [RANDOM  /s6] T3/10  acc=0.760  dead=0.883  erank=12.76  loss=0.4531  wall=3.7s
  [RANDOM  /s6] T4/10  acc=0.698  dead=0.883  erank=12.64  loss=0.6398  wall=3.7s
  [RANDOM  /s6] T5/10  acc=0.700  dead=0.854  erank=16.00  loss=0.5029  wall=3.7s
  [RANDOM  /s6] T6/10  acc=0.788  dead=0.824  erank=21.17  loss=0.3509  wall=3.9s
  [RANDOM  /s6] T7/10  acc=0.810  dead=0.842  erank=21.47  loss=0.2435  wall=3.7s
  [RANDOM  /s6] T8/10  acc=0.794  dead=0.838  erank=24.61  loss=0.1663  wall=3.8s
  [RANDOM  /s6] T9/10  acc=0.730  dead=0.859  erank=16.73  loss=0.4165  wall=3.7s
  [RANDOM  /s6] T10/10  acc=0.788  dead=0.818  erank=25.30  loss=0.2603  wall=3.8s
  → primary_acc=0.7487  dead=0.818  erank=25.30  wall=37.8s
  [io] RESULTS.json written  status=RUNNING
  [seed 6 done]  elapsed=18.6min

  SEED 7  (elapsed=18.6min)

  [run 30/66] dataset=cifar100  arm=B  seed=7
  [B       /s7] T1/10  acc=0.762  dead=0.574  erank=73.18  loss=0.1536  wall=3.9s
  [B       /s7] T2/10  acc=0.840  dead=0.869  erank=15.39  loss=0.2650  wall=4.0s
  [B       /s7] T3/10  acc=0.790  dead=0.832  erank=15.82  loss=0.3020  wall=4.0s
  [B       /s7] T4/10  acc=0.732  dead=0.893  erank=9.64  loss=0.6380  wall=3.9s
  [B       /s7] T5/10  acc=0.750  dead=0.811  erank=29.61  loss=0.4704  wall=3.8s
  [B       /s7] T6/10  acc=0.772  dead=0.836  erank=25.53  loss=0.3789  wall=3.8s
  [B       /s7] T7/10  acc=0.766  dead=0.842  erank=15.84  loss=0.4394  wall=3.9s
  [B       /s7] T8/10  acc=0.570  dead=0.863  erank=18.69  loss=0.9673  wall=3.8s
  [B       /s7] T9/10  acc=0.864  dead=0.795  erank=30.59  loss=0.1904  wall=3.8s
  [B       /s7] T10/10  acc=0.772  dead=0.748  erank=41.49  loss=0.1686  wall=3.8s
  → primary_acc=0.7618  dead=0.748  erank=41.49  wall=39.1s

  [run 31/66] dataset=cifar100  arm=C  seed=7
  [C       /s7] T1/10  acc=0.752  dead=0.725  erank=47.16  loss=0.1384  wall=3.8s
  [C       /s7] T2/10  acc=0.878  dead=0.889  erank=9.31  loss=0.1200  wall=3.7s
  [C       /s7] T3/10  acc=0.762  dead=0.896  erank=10.83  loss=0.2904  wall=3.8s
  [C       /s7] T4/10  acc=0.756  dead=0.893  erank=9.26  loss=0.4319  wall=3.8s
  [C       /s7] T5/10  acc=0.772  dead=0.887  erank=12.41  loss=0.3612  wall=3.8s
  [C       /s7] T6/10  acc=0.832  dead=0.840  erank=15.53  loss=0.2455  wall=3.8s
  [C       /s7] T7/10  acc=0.782  dead=0.861  erank=13.64  loss=0.3063  wall=3.8s
  [C       /s7] T8/10  acc=0.758  dead=0.863  erank=17.14  loss=0.2402  wall=3.8s
  [C       /s7] T9/10  acc=0.886  dead=0.834  erank=14.69  loss=0.0630  wall=3.8s
  [C       /s7] T10/10  acc=0.804  dead=0.803  erank=29.79  loss=0.2226  wall=3.8s
  → primary_acc=0.8033  dead=0.803  erank=29.79  wall=38.3s

  [run 32/66] dataset=cifar100  arm=D  seed=7
  [D       /s7] T1/10  acc=0.760  dead=0.576  erank=74.32  loss=0.1223  wall=3.7s
  [D       /s7] T2/10  acc=0.892  dead=0.846  erank=15.55  loss=0.0784  wall=3.7s
  [D       /s7] T3/10  acc=0.792  dead=0.885  erank=9.88  loss=0.2741  wall=3.7s
  [D       /s7] T4/10  acc=0.784  dead=0.861  erank=13.42  loss=0.5174  wall=3.8s
  [D       /s7] T5/10  acc=0.758  dead=0.854  erank=17.26  loss=0.4304  wall=3.7s
  [D       /s7] T6/10  acc=0.758  dead=0.861  erank=11.49  loss=0.3643  wall=3.8s
  [D       /s7] T7/10  acc=0.742  dead=0.826  erank=17.60  loss=0.5019  wall=3.8s
  [D       /s7] T8/10  acc=0.752  dead=0.785  erank=32.76  loss=0.3077  wall=3.7s
  [D       /s7] T9/10  acc=0.876  dead=0.723  erank=33.46  loss=0.0833  wall=3.7s
  [D       /s7] T10/10  acc=0.770  dead=0.697  erank=50.03  loss=0.4045  wall=3.8s
  → primary_acc=0.7916  dead=0.697  erank=50.03  wall=37.9s

  [run 33/66] dataset=cifar100  arm=RANDOM  seed=7
  [RANDOM  /s7] T1/10  acc=0.748  dead=0.793  erank=37.69  loss=0.1437  wall=3.8s
  [RANDOM  /s7] T2/10  acc=0.862  dead=0.869  erank=12.80  loss=0.0856  wall=3.8s
  [RANDOM  /s7] T3/10  acc=0.812  dead=0.852  erank=16.34  loss=0.1542  wall=3.8s
  [RANDOM  /s7] T4/10  acc=0.758  dead=0.879  erank=10.85  loss=0.4209  wall=3.8s
  [RANDOM  /s7] T5/10  acc=0.758  dead=0.863  erank=15.53  loss=0.3422  wall=3.8s
  [RANDOM  /s7] T6/10  acc=0.822  dead=0.865  erank=12.53  loss=0.3599  wall=3.7s
  [RANDOM  /s7] T7/10  acc=0.784  dead=0.855  erank=16.92  loss=0.3048  wall=3.8s
  [RANDOM  /s7] T8/10  acc=0.816  dead=0.838  erank=18.69  loss=0.1290  wall=3.7s
  [RANDOM  /s7] T9/10  acc=0.876  dead=0.822  erank=22.77  loss=0.0978  wall=3.7s
  [RANDOM  /s7] T10/10  acc=0.786  dead=0.836  erank=22.71  loss=0.1506  wall=3.8s
  → primary_acc=0.8082  dead=0.836  erank=22.71  wall=38.0s
  [io] RESULTS.json written  status=RUNNING
  [seed 7 done]  elapsed=21.1min
  [io] RESULTS.json written  status=RUNNING
  [dataset cifar100 done]  elapsed=21.1min

======================================================================
DATASET: CIFAR10  (5 tasks × 2 cls = 10 / 10 classes)
======================================================================

  [run 34] A_floor  seed=0
  [A_floor /s0] T1/5  acc=0.974  dead=0.615  erank=15.07  loss=0.0484  wall=3.8s
  [A_floor /s0] T2/5  acc=0.980  dead=0.949  erank=3.21  loss=0.0559  wall=3.7s
  [A_floor /s0] T3/5  acc=0.500  dead=0.998  erank=1.00  loss=0.6944  wall=3.7s
  [A_floor /s0] T4/5  acc=0.910  dead=0.986  erank=3.14  loss=0.2064  wall=3.7s
  [A_floor /s0] T5/5  acc=0.988  dead=0.994  erank=1.54  loss=0.0495  wall=3.8s
  → primary_acc=0.8444  dead=0.994  erank=1.54  wall=19.3s

  SEED 0  (elapsed=21.4min)

  [run 35/66] dataset=cifar10  arm=B  seed=0
  [B       /s0] T1/5  acc=0.971  dead=0.525  erank=21.53  loss=0.0565  wall=3.8s
  [B       /s0] T2/5  acc=0.958  dead=0.822  erank=7.79  loss=0.0511  wall=3.8s
  [B       /s0] T3/5  acc=0.865  dead=0.879  erank=5.95  loss=0.2813  wall=3.9s
  [B       /s0] T4/5  acc=0.905  dead=0.883  erank=6.20  loss=0.2347  wall=3.8s
  [B       /s0] T5/5  acc=0.980  dead=0.875  erank=3.97  loss=0.0555  wall=3.8s
  → primary_acc=0.9271  dead=0.875  erank=3.97  wall=19.6s

  [run 36/66] dataset=cifar10  arm=C  seed=0
  [C       /s0] T1/5  acc=0.963  dead=0.797  erank=10.57  loss=0.0560  wall=3.7s
  [C       /s0] T2/5  acc=0.975  dead=0.900  erank=4.78  loss=0.0539  wall=3.7s
  [C       /s0] T3/5  acc=0.827  dead=0.908  erank=6.03  loss=0.3834  wall=3.8s
  [C       /s0] T4/5  acc=0.898  dead=0.893  erank=8.00  loss=0.2782  wall=3.8s
  [C       /s0] T5/5  acc=0.983  dead=0.895  erank=6.39  loss=0.0456  wall=3.8s
  → primary_acc=0.9206  dead=0.894  erank=6.39  wall=19.3s

  [run 37/66] dataset=cifar10  arm=D  seed=0
  [D       /s0] T1/5  acc=0.974  dead=0.525  erank=19.30  loss=0.0534  wall=3.7s
  [D       /s0] T2/5  acc=0.978  dead=0.820  erank=7.45  loss=0.0534  wall=3.8s
  [D       /s0] T3/5  acc=0.860  dead=0.881  erank=5.48  loss=0.2784  wall=3.8s
  [D       /s0] T4/5  acc=0.876  dead=0.881  erank=3.80  loss=0.3051  wall=3.8s
  [D       /s0] T5/5  acc=0.975  dead=0.869  erank=3.92  loss=0.0761  wall=3.7s
  → primary_acc=0.9220  dead=0.869  erank=3.92  wall=19.3s

  [run 38/66] dataset=cifar10  arm=RANDOM  seed=0
  [RANDOM  /s0] T1/5  acc=0.967  dead=0.795  erank=12.68  loss=0.0553  wall=3.7s
  [RANDOM  /s0] T2/5  acc=0.978  dead=0.902  erank=3.42  loss=0.0681  wall=3.7s
  [RANDOM  /s0] T3/5  acc=0.854  dead=0.924  erank=2.89  loss=0.3518  wall=3.8s
  [RANDOM  /s0] T4/5  acc=0.842  dead=0.898  erank=8.67  loss=0.2957  wall=3.7s
  [RANDOM  /s0] T5/5  acc=0.974  dead=0.889  erank=7.39  loss=0.0653  wall=3.8s
  → primary_acc=0.9116  dead=0.889  erank=7.39  wall=19.2s
  [io] RESULTS.json written  status=RUNNING
  [seed 0 done]  elapsed=22.7min

  SEED 1  (elapsed=22.7min)

  [run 39/66] dataset=cifar10  arm=B  seed=1
  [B       /s1] T1/5  acc=0.977  dead=0.506  erank=21.97  loss=0.0547  wall=3.8s
  [B       /s1] T2/5  acc=0.965  dead=0.877  erank=6.40  loss=0.0871  wall=3.8s
  [B       /s1] T3/5  acc=0.500  dead=0.900  erank=8.56  loss=0.6944  wall=3.8s
  [B       /s1] T4/5  acc=0.947  dead=0.871  erank=3.47  loss=0.1357  wall=3.8s
  [B       /s1] T5/5  acc=0.965  dead=0.885  erank=3.53  loss=0.0961  wall=3.8s
  → primary_acc=0.8441  dead=0.885  erank=3.53  wall=19.6s

  [run 40/66] dataset=cifar10  arm=C  seed=1
  [C       /s1] T1/5  acc=0.976  dead=0.799  erank=9.56  loss=0.0545  wall=3.7s
  [C       /s1] T2/5  acc=0.970  dead=0.902  erank=5.11  loss=0.0945  wall=3.8s
  [C       /s1] T3/5  acc=0.500  dead=0.889  erank=14.41  loss=0.7741  wall=3.8s
  [C       /s1] T4/5  acc=0.947  dead=0.889  erank=4.77  loss=0.1428  wall=3.7s
  [C       /s1] T5/5  acc=0.944  dead=0.879  erank=9.28  loss=0.0902  wall=3.7s
  → primary_acc=0.8401  dead=0.879  erank=9.28  wall=19.3s

  [run 41/66] dataset=cifar10  arm=D  seed=1
  [D       /s1] T1/5  acc=0.978  dead=0.516  erank=20.41  loss=0.0489  wall=3.7s
  [D       /s1] T2/5  acc=0.971  dead=0.850  erank=10.91  loss=0.0869  wall=3.7s
  [D       /s1] T3/5  acc=0.500  dead=0.939  erank=9.85  loss=0.6947  wall=3.7s
  [D       /s1] T4/5  acc=0.947  dead=0.861  erank=6.81  loss=0.1460  wall=3.8s
  [D       /s1] T5/5  acc=0.951  dead=0.881  erank=6.90  loss=0.1003  wall=3.8s
  → primary_acc=0.8423  dead=0.881  erank=6.90  wall=19.2s

  [run 42/66] dataset=cifar10  arm=RANDOM  seed=1
  [RANDOM  /s1] T1/5  acc=0.967  dead=0.779  erank=10.40  loss=0.0507  wall=3.7s
  [RANDOM  /s1] T2/5  acc=0.962  dead=0.908  erank=5.51  loss=0.1160  wall=3.7s
  [RANDOM  /s1] T3/5  acc=0.723  dead=0.926  erank=4.25  loss=0.5640  wall=3.8s
  [RANDOM  /s1] T4/5  acc=0.954  dead=0.859  erank=11.51  loss=0.1217  wall=3.7s
  [RANDOM  /s1] T5/5  acc=0.976  dead=0.883  erank=6.93  loss=0.0512  wall=3.7s
  → primary_acc=0.9033  dead=0.883  erank=6.93  wall=19.1s
  [io] RESULTS.json written  status=RUNNING
  [seed 1 done]  elapsed=24.0min

  SEED 2  (elapsed=24.0min)

  [run 43/66] dataset=cifar10  arm=B  seed=2
  [B       /s2] T1/5  acc=0.970  dead=0.484  erank=31.66  loss=0.0456  wall=3.8s
  [B       /s2] T2/5  acc=0.876  dead=0.855  erank=16.96  loss=0.2472  wall=3.8s
  [B       /s2] T3/5  acc=0.948  dead=0.859  erank=6.37  loss=0.1463  wall=3.8s
  [B       /s2] T4/5  acc=0.942  dead=0.877  erank=4.92  loss=0.1105  wall=3.8s
  [B       /s2] T5/5  acc=0.927  dead=0.869  erank=9.42  loss=0.1562  wall=3.8s
  → primary_acc=0.9233  dead=0.869  erank=9.42  wall=19.5s

  [run 44/66] dataset=cifar10  arm=C  seed=2
  [C       /s2] T1/5  acc=0.964  dead=0.727  erank=18.89  loss=0.0449  wall=3.7s
  [C       /s2] T2/5  acc=0.864  dead=0.883  erank=13.76  loss=0.2393  wall=3.8s
  [C       /s2] T3/5  acc=0.961  dead=0.900  erank=4.47  loss=0.1023  wall=3.8s
  [C       /s2] T4/5  acc=0.954  dead=0.871  erank=4.64  loss=0.0969  wall=3.7s
  [C       /s2] T5/5  acc=0.947  dead=0.875  erank=7.04  loss=0.1320  wall=3.8s
  → primary_acc=0.9314  dead=0.875  erank=7.04  wall=19.4s

  [run 45/66] dataset=cifar10  arm=D  seed=2
  [D       /s2] T1/5  acc=0.967  dead=0.492  erank=30.72  loss=0.0481  wall=3.7s
  [D       /s2] T2/5  acc=0.883  dead=0.855  erank=17.91  loss=0.2355  wall=3.7s
  [D       /s2] T3/5  acc=0.933  dead=0.881  erank=4.99  loss=0.1455  wall=3.7s
  [D       /s2] T4/5  acc=0.954  dead=0.883  erank=4.67  loss=0.1063  wall=3.8s
  [D       /s2] T5/5  acc=0.943  dead=0.848  erank=13.58  loss=0.1532  wall=3.9s
  → primary_acc=0.9281  dead=0.848  erank=13.58  wall=19.3s

  [run 46/66] dataset=cifar10  arm=RANDOM  seed=2
  [RANDOM  /s2] T1/5  acc=0.974  dead=0.756  erank=17.72  loss=0.0480  wall=3.7s
  [RANDOM  /s2] T2/5  acc=0.890  dead=0.889  erank=9.87  loss=0.2315  wall=3.8s
  [RANDOM  /s2] T3/5  acc=0.845  dead=0.877  erank=5.59  loss=0.6251  wall=3.8s
  [RANDOM  /s2] T4/5  acc=0.938  dead=0.910  erank=4.88  loss=0.0974  wall=3.8s
  [RANDOM  /s2] T5/5  acc=0.952  dead=0.883  erank=7.91  loss=0.0738  wall=3.8s
  → primary_acc=0.9060  dead=0.883  erank=7.91  wall=19.4s
  [io] RESULTS.json written  status=RUNNING
  [seed 2 done]  elapsed=25.3min

  SEED 3  (elapsed=25.3min)

  [run 47/66] dataset=cifar10  arm=B  seed=3
  [B       /s3] T1/5  acc=0.984  dead=0.486  erank=33.37  loss=0.0399  wall=3.8s
  [B       /s3] T2/5  acc=0.969  dead=0.846  erank=10.14  loss=0.0848  wall=3.9s
  [B       /s3] T3/5  acc=0.974  dead=0.867  erank=6.34  loss=0.0888  wall=3.9s
  [B       /s3] T4/5  acc=0.868  dead=0.893  erank=6.78  loss=0.2960  wall=3.9s
  [B       /s3] T5/5  acc=0.953  dead=0.879  erank=3.76  loss=0.0913  wall=3.8s
  → primary_acc=0.9407  dead=0.879  erank=3.76  wall=19.8s

  [run 48/66] dataset=cifar10  arm=C  seed=3
  [C       /s3] T1/5  acc=0.983  dead=0.768  erank=17.80  loss=0.0394  wall=3.7s
  [C       /s3] T2/5  acc=0.973  dead=0.885  erank=8.11  loss=0.0899  wall=3.8s
  [C       /s3] T3/5  acc=0.976  dead=0.887  erank=6.26  loss=0.0746  wall=3.8s
  [C       /s3] T4/5  acc=0.891  dead=0.879  erank=7.99  loss=0.2209  wall=3.8s
  [C       /s3] T5/5  acc=0.951  dead=0.877  erank=3.38  loss=0.1013  wall=3.8s
  → primary_acc=0.9477  dead=0.877  erank=3.38  wall=19.4s

  [run 49/66] dataset=cifar10  arm=D  seed=3
  [D       /s3] T1/5  acc=0.981  dead=0.486  erank=33.39  loss=0.0399  wall=3.7s
  [D       /s3] T2/5  acc=0.970  dead=0.855  erank=11.01  loss=0.0773  wall=3.8s
  [D       /s3] T3/5  acc=0.971  dead=0.842  erank=8.87  loss=0.1187  wall=3.8s
  [D       /s3] T4/5  acc=0.884  dead=0.865  erank=13.79  loss=0.2829  wall=3.8s
  [D       /s3] T5/5  acc=0.957  dead=0.857  erank=6.97  loss=0.0746  wall=3.8s
  → primary_acc=0.9454  dead=0.857  erank=6.97  wall=19.4s

  [run 50/66] dataset=cifar10  arm=RANDOM  seed=3
  [RANDOM  /s3] T1/5  acc=0.984  dead=0.752  erank=19.22  loss=0.0408  wall=3.7s
  [RANDOM  /s3] T2/5  acc=0.955  dead=0.850  erank=11.85  loss=0.0804  wall=3.7s
  [RANDOM  /s3] T3/5  acc=0.974  dead=0.898  erank=3.86  loss=0.0940  wall=3.8s
  [RANDOM  /s3] T4/5  acc=0.879  dead=0.908  erank=4.91  loss=0.2158  wall=3.8s
  [RANDOM  /s3] T5/5  acc=0.959  dead=0.904  erank=3.24  loss=0.0755  wall=3.7s
  → primary_acc=0.9417  dead=0.904  erank=3.24  wall=19.2s
  [io] RESULTS.json written  status=RUNNING
  [seed 3 done]  elapsed=26.6min

  SEED 4  (elapsed=26.6min)

  [run 51/66] dataset=cifar10  arm=B  seed=4
  [B       /s4] T1/5  acc=0.958  dead=0.564  erank=27.40  loss=0.0764  wall=3.8s
  [B       /s4] T2/5  acc=0.952  dead=0.865  erank=9.50  loss=0.1115  wall=3.8s
  [B       /s4] T3/5  acc=0.973  dead=0.902  erank=3.31  loss=0.0582  wall=3.8s
  [B       /s4] T4/5  acc=0.969  dead=0.879  erank=4.88  loss=0.0693  wall=3.8s
  [B       /s4] T5/5  acc=0.790  dead=0.846  erank=6.08  loss=0.4277  wall=3.9s
  → primary_acc=0.9209  dead=0.846  erank=6.08  wall=19.6s

  [run 52/66] dataset=cifar10  arm=C  seed=4
  [C       /s4] T1/5  acc=0.955  dead=0.791  erank=14.35  loss=0.0783  wall=3.8s
  [C       /s4] T2/5  acc=0.946  dead=0.895  erank=7.28  loss=0.1137  wall=3.7s
  [C       /s4] T3/5  acc=0.974  dead=0.896  erank=3.83  loss=0.0603  wall=3.8s
  [C       /s4] T4/5  acc=0.973  dead=0.871  erank=4.55  loss=0.0764  wall=3.8s
  [C       /s4] T5/5  acc=0.812  dead=0.920  erank=4.86  loss=0.4244  wall=3.7s
  → primary_acc=0.9261  dead=0.920  erank=4.86  wall=19.4s

  [run 53/66] dataset=cifar10  arm=D  seed=4
  [D       /s4] T1/5  acc=0.959  dead=0.555  erank=30.10  loss=0.0879  wall=3.7s
  [D       /s4] T2/5  acc=0.951  dead=0.861  erank=8.94  loss=0.1194  wall=3.8s
  [D       /s4] T3/5  acc=0.978  dead=0.865  erank=8.08  loss=0.0714  wall=3.8s
  [D       /s4] T4/5  acc=0.969  dead=0.873  erank=6.33  loss=0.0701  wall=3.8s
  [D       /s4] T5/5  acc=0.814  dead=0.883  erank=5.16  loss=0.4069  wall=3.8s
  → primary_acc=0.9278  dead=0.883  erank=5.16  wall=19.4s

  [run 54/66] dataset=cifar10  arm=RANDOM  seed=4
  [RANDOM  /s4] T1/5  acc=0.961  dead=0.783  erank=15.28  loss=0.0838  wall=3.7s
  [RANDOM  /s4] T2/5  acc=0.959  dead=0.887  erank=5.93  loss=0.1305  wall=3.8s
  [RANDOM  /s4] T3/5  acc=0.952  dead=0.906  erank=3.23  loss=0.1098  wall=3.8s
  [RANDOM  /s4] T4/5  acc=0.969  dead=0.902  erank=3.24  loss=0.0908  wall=3.8s
  [RANDOM  /s4] T5/5  acc=0.500  dead=0.939  erank=9.24  loss=0.6943  wall=3.8s
  → primary_acc=0.8448  dead=0.940  erank=9.24  wall=19.4s
  [io] RESULTS.json written  status=RUNNING
  [seed 4 done]  elapsed=27.9min

  SEED 5  (elapsed=27.9min)

  [run 55/66] dataset=cifar10  arm=B  seed=5
  [B       /s5] T1/5  acc=0.865  dead=0.566  erank=47.97  loss=0.2638  wall=3.8s
  [B       /s5] T2/5  acc=0.952  dead=0.805  erank=21.85  loss=0.0915  wall=3.8s
  [B       /s5] T3/5  acc=0.959  dead=0.863  erank=4.45  loss=0.0752  wall=3.8s
  [B       /s5] T4/5  acc=0.922  dead=0.887  erank=4.16  loss=0.2113  wall=3.8s
  [B       /s5] T5/5  acc=0.971  dead=0.877  erank=4.22  loss=0.0698  wall=3.9s
  → primary_acc=0.9508  dead=0.877  erank=4.22  wall=19.6s

  [run 56/66] dataset=cifar10  arm=C  seed=5
  [C       /s5] T1/5  acc=0.865  dead=0.797  erank=23.52  loss=0.2679  wall=3.8s
  [C       /s5] T2/5  acc=0.945  dead=0.885  erank=10.67  loss=0.0759  wall=3.8s
  [C       /s5] T3/5  acc=0.945  dead=0.914  erank=4.19  loss=0.0556  wall=3.8s
  [C       /s5] T4/5  acc=0.928  dead=0.898  erank=3.89  loss=0.1563  wall=3.7s
  [C       /s5] T5/5  acc=0.926  dead=0.871  erank=9.86  loss=0.1785  wall=3.7s
  → primary_acc=0.9359  dead=0.871  erank=9.86  wall=19.4s

  [run 57/66] dataset=cifar10  arm=D  seed=5
  [D       /s5] T1/5  acc=0.860  dead=0.553  erank=52.10  loss=0.2699  wall=3.7s
  [D       /s5] T2/5  acc=0.950  dead=0.854  erank=15.91  loss=0.0994  wall=4.1s
  [D       /s5] T3/5  acc=0.953  dead=0.883  erank=3.87  loss=0.0905  wall=4.3s
  [D       /s5] T4/5  acc=0.931  dead=0.889  erank=3.85  loss=0.1727  wall=3.7s
  [D       /s5] T5/5  acc=0.959  dead=0.861  erank=7.55  loss=0.1010  wall=3.8s
  → primary_acc=0.9479  dead=0.861  erank=7.55  wall=20.2s

  [run 58/66] dataset=cifar10  arm=RANDOM  seed=5
  [RANDOM  /s5] T1/5  acc=0.854  dead=0.787  erank=27.16  loss=0.2692  wall=3.7s
  [RANDOM  /s5] T2/5  acc=0.954  dead=0.875  erank=11.52  loss=0.0974  wall=3.8s
  [RANDOM  /s5] T3/5  acc=0.947  dead=0.885  erank=5.37  loss=0.0738  wall=3.7s
  [RANDOM  /s5] T4/5  acc=0.914  dead=0.895  erank=5.71  loss=0.2549  wall=3.7s
  [RANDOM  /s5] T5/5  acc=0.926  dead=0.902  erank=6.90  loss=0.1504  wall=3.8s
  → primary_acc=0.9351  dead=0.902  erank=6.90  wall=19.3s
  [io] RESULTS.json written  status=RUNNING
  [seed 5 done]  elapsed=29.2min

  SEED 6  (elapsed=29.2min)

  [run 59/66] dataset=cifar10  arm=B  seed=6
  [B       /s6] T1/5  acc=0.968  dead=0.537  erank=19.74  loss=0.0657  wall=3.8s
  [B       /s6] T2/5  acc=0.893  dead=0.809  erank=20.88  loss=0.2175  wall=3.9s
  [B       /s6] T3/5  acc=0.893  dead=0.855  erank=12.85  loss=0.2534  wall=3.9s
  [B       /s6] T4/5  acc=0.948  dead=0.861  erank=7.56  loss=0.1396  wall=3.8s
  [B       /s6] T5/5  acc=0.655  dead=0.895  erank=5.19  loss=0.6161  wall=3.9s
  → primary_acc=0.8475  dead=0.894  erank=5.19  wall=19.7s

  [run 60/66] dataset=cifar10  arm=C  seed=6
  [C       /s6] T1/5  acc=0.968  dead=0.795  erank=10.67  loss=0.0666  wall=3.7s
  [C       /s6] T2/5  acc=0.857  dead=0.891  erank=6.48  loss=0.2897  wall=3.7s
  [C       /s6] T3/5  acc=0.892  dead=0.889  erank=3.21  loss=0.2364  wall=3.8s
  [C       /s6] T4/5  acc=0.950  dead=0.867  erank=3.46  loss=0.1244  wall=3.9s
  [C       /s6] T5/5  acc=0.726  dead=0.902  erank=3.40  loss=0.5583  wall=3.8s
  → primary_acc=0.8561  dead=0.902  erank=3.40  wall=19.5s

  [run 61/66] dataset=cifar10  arm=D  seed=6
  [D       /s6] T1/5  acc=0.966  dead=0.535  erank=19.93  loss=0.0680  wall=3.7s
  [D       /s6] T2/5  acc=0.893  dead=0.850  erank=14.81  loss=0.2311  wall=3.7s
  [D       /s6] T3/5  acc=0.905  dead=0.861  erank=12.23  loss=0.2445  wall=3.7s
  [D       /s6] T4/5  acc=0.963  dead=0.885  erank=5.64  loss=0.0934  wall=3.8s
  [D       /s6] T5/5  acc=0.871  dead=0.891  erank=6.60  loss=0.2956  wall=3.8s
  → primary_acc=0.9080  dead=0.891  erank=6.60  wall=19.3s

  [run 62/66] dataset=cifar10  arm=RANDOM  seed=6
  [RANDOM  /s6] T1/5  acc=0.966  dead=0.773  erank=11.66  loss=0.0658  wall=3.7s
  [RANDOM  /s6] T2/5  acc=0.893  dead=0.875  erank=10.85  loss=0.2326  wall=3.7s
  [RANDOM  /s6] T3/5  acc=0.913  dead=0.881  erank=11.68  loss=0.2095  wall=3.7s
  [RANDOM  /s6] T4/5  acc=0.935  dead=0.879  erank=6.12  loss=0.1487  wall=3.8s
  [RANDOM  /s6] T5/5  acc=0.889  dead=0.902  erank=6.56  loss=0.2255  wall=3.8s
  → primary_acc=0.9076  dead=0.902  erank=6.56  wall=19.3s
  [io] RESULTS.json written  status=RUNNING
  [seed 6 done]  elapsed=30.5min

  SEED 7  (elapsed=30.5min)

  [run 63/66] dataset=cifar10  arm=B  seed=7
  [B       /s7] T1/5  acc=0.957  dead=0.525  erank=26.61  loss=0.0840  wall=3.8s
  [B       /s7] T2/5  acc=0.984  dead=0.826  erank=10.73  loss=0.0353  wall=3.8s
  [B       /s7] T3/5  acc=0.955  dead=0.887  erank=4.65  loss=0.1189  wall=3.9s
  [B       /s7] T4/5  acc=0.968  dead=0.879  erank=3.45  loss=0.0475  wall=3.9s
  [B       /s7] T5/5  acc=0.824  dead=0.867  erank=5.35  loss=0.3199  wall=3.8s
  → primary_acc=0.9325  dead=0.867  erank=5.35  wall=19.8s

  [run 64/66] dataset=cifar10  arm=C  seed=7
  [C       /s7] T1/5  acc=0.960  dead=0.803  erank=13.07  loss=0.0845  wall=3.8s
  [C       /s7] T2/5  acc=0.983  dead=0.918  erank=4.22  loss=0.0339  wall=3.7s
  [C       /s7] T3/5  acc=0.951  dead=0.900  erank=3.41  loss=0.1159  wall=3.8s
  [C       /s7] T4/5  acc=0.977  dead=0.889  erank=2.40  loss=0.0637  wall=3.7s
  [C       /s7] T5/5  acc=0.826  dead=0.896  erank=2.65  loss=0.3588  wall=3.8s
  → primary_acc=0.9339  dead=0.896  erank=2.65  wall=19.3s

  [run 65/66] dataset=cifar10  arm=D  seed=7
  [D       /s7] T1/5  acc=0.955  dead=0.527  erank=26.67  loss=0.0780  wall=3.7s
  [D       /s7] T2/5  acc=0.980  dead=0.838  erank=10.00  loss=0.0608  wall=3.7s
  [D       /s7] T3/5  acc=0.945  dead=0.865  erank=5.47  loss=0.1365  wall=3.8s
  [D       /s7] T4/5  acc=0.901  dead=0.881  erank=3.88  loss=0.3099  wall=3.8s
  [D       /s7] T5/5  acc=0.794  dead=0.893  erank=7.29  loss=0.4503  wall=3.8s
  → primary_acc=0.9049  dead=0.893  erank=7.29  wall=19.4s

  [run 66/66] dataset=cifar10  arm=RANDOM  seed=7
  [RANDOM  /s7] T1/5  acc=0.951  dead=0.777  erank=14.54  loss=0.0799  wall=3.7s
  [RANDOM  /s7] T2/5  acc=0.977  dead=0.863  erank=12.60  loss=0.0448  wall=3.7s
  [RANDOM  /s7] T3/5  acc=0.949  dead=0.885  erank=3.96  loss=0.1223  wall=3.8s
  [RANDOM  /s7] T4/5  acc=0.980  dead=0.920  erank=3.09  loss=0.0494  wall=3.7s
  [RANDOM  /s7] T5/5  acc=0.806  dead=0.898  erank=5.79  loss=0.4110  wall=3.7s
  → primary_acc=0.9280  dead=0.898  erank=5.79  wall=19.2s
  [io] RESULTS.json written  status=RUNNING
  [seed 7 done]  elapsed=31.8min
  [io] RESULTS.json written  status=RUNNING
  [dataset cifar10 done]  elapsed=31.8min

======================================================================
ALL DONE — Total wall time: 31.8 min

── RESULTS SUMMARY ──
  Cell                            floor  D      C      B      RAND   D-C(pp) eq?  D>RND(p)
  cifar100_convnet                0.277  0.783  0.781  0.776  0.770  +0.24   Y   0.1567
  cifar10_convnet                 0.844  0.916  0.911  0.911  0.910  +0.43   Y   0.3439

Equivalence D≈C : 2/2 cells
Mechanism D>RAND: 0/2 cells
Seeds per cell  : 8
Status          : SUCCESS
  [io] RESULTS.json written  status=SUCCESS

[done] RESULTS.json → /workspace/results/scale_convnet_deep/RESULTS.json
{
  "status": "SUCCESS",
  "scale": "full",
  "data_source": "cifar_real",
  "seeds_per_cell": 8,
  "cells": {
    "cifar100_convnet": {
      "floor": 0.2773,
      "B": {
        "mean": 0.7757,
        "std": 0.0178,
        "per_seed_acc": [
          0.7849,
          0.7509,
          0.8049,
          0.7764,
          0.7818,
          0.758,
          0.7867,
          0.7618
        ],
        "n_seeds": 8,
        "dead_final_mean": 0.7573,
        "erank_final_mean": 34.1752
      },
      "C": {
        "mean": 0.7808,
        "std": 0.0386,
        "per_seed_acc": [
          0.7922,
          0.8038,
          0.7687,
          0.8169,
          0.7676,
          0.6951,
          0.7987,
          0.8033
        ],
        "n_seeds": 8,
        "dead_final_mean": 0.8257,
        "erank_final_mean": 23.3363
      },
      "D": {
        "mean": 0.7832,
        "std": 0.0211,
        "per_seed_acc": [
          0.7944,
          0.8058,
          0.7916,
          0.8058,
          0.7551,
          0.7578,
          0.7633,
          0.7916
        ],
        "n_seeds": 8,
        "dead_final_mean": 0.7856,
        "erank_final_mean": 30.672
      },
      "RANDOM": {
        "mean": 0.7699,
        "std": 0.0384,
        "per_seed_acc": [
          0.8062,
          0.7947,
          0.6971,
          0.7953,
          0.7504,
          0.7584,
          0.7487,
          0.8082
        ],
        "n_seeds": 8,
        "dead_final_mean": 0.8433,
        "erank_final_mean": 21.3634
      },
      "paired_D_C": {
        "per_seed": [
          0.22,
          0.2,
          2.29,
          -1.11,
          -1.25,
          6.27,
          -3.54,
          -1.17
        ],
        "mean_pp": 0.239,
        "ci95_pp": [
          -2.227,
          2.704
        ],
        "p_two_sided": 0.825436,
        "p_one_sided": 0.412718,
        "n": 8,
        "equivalent_within_3pp": true
      },
      "paired_D_RANDOM": {
        "per_seed": [
          -1.18,
          1.11,
          9.45,
          1.05,
          0.47,
          -0.06,
          1.46,
          -1.66
        ],
        "mean_pp": 1.33,
        "ci95_pp": [
          -1.566,
          4.226
        ],
        "p_two_sided": 0.313454,
        "p_one_sided": 0.156727,
        "n": 8,
        "equivalent_within_3pp": false,
        "beats_random": false
      },
      "paired_D_B": {
        "per_seed": [
          0.95,
          5.49,
          -1.33,
          2.94,
          -2.67,
          -0.02,
          -2.34,
          2.98
        ],
        "mean_pp": 0.75,
        "ci95_pp": [
          -1.666,
          3.166
        ],
        "p_two_sided": 0.486701,
        "p_one_sided": 0.243351,
        "n": 8,
        "equivalent_within_3pp": false
      }
    },
    "cifar10_convnet": {
      "floor": 0.8444,
      "B": {
        "mean": 0.9109,
        "std": 0.0413,
        "per_seed_acc": [
          0.9271,
          0.8441,
          0.9233,
          0.9407,
          0.9209,
          0.9508,
          0.8475,
          0.9325
        ],
        "n_seeds": 8,
        "dead_final_mean": 0.874,
        "erank_final_mean": 5.1899
      },
      "C": {
        "mean": 0.9115,
        "std": 0.0401,
        "per_seed_acc": [
          0.9206,
          0.8401,
          0.9314,
          0.9477,
          0.9261,
          0.9359,
          0.8561,
          0.9339
        ],
        "n_seeds": 8,
        "dead_final_mean": 0.8894,
        "erank_final_mean": 5.8584
      },
      "D": {
        "mean": 0.9158,
        "std": 0.0334,
        "per_seed_acc": [
          0.922,
          0.8423,
          0.9281,
          0.9454,
          0.9278,
          0.9479,
          0.908,
          0.9049
        ],
        "n_seeds": 8,
        "dead_final_mean": 0.8728,
        "erank_final_mean": 7.2466
      },
      "RANDOM": {
        "mean": 0.9098,
        "std": 0.0299,
        "per_seed_acc": [
          0.9116,
          0.9033,
          0.906,
          0.9417,
          0.8448,
          0.9351,
          0.9076,
          0.928
        ],
        "n_seeds": 8,
        "dead_final_mean": 0.9001,
        "erank_final_mean": 6.7463
      },
      "paired_D_C": {
        "per_seed": [
          0.14,
          0.22,
          -0.33,
          -0.23,
          0.17,
          1.2,
          5.19,
          -2.9
        ],
        "mean_pp": 0.433,
        "ci95_pp": [
          -1.451,
          2.316
        ],
        "p_two_sided": 0.604087,
        "p_one_sided": 0.302044,
        "n": 8,
        "equivalent_within_3pp": true
      },
      "paired_D_RANDOM": {
        "per_seed": [
          1.04,
          -6.1,
          2.21,
          0.37,
          8.3,
          1.28,
          0.04,
          -2.31
        ],
        "mean_pp": 0.604,
        "ci95_pp": [
          -2.803,
          4.011
        ],
        "p_two_sided": 0.687762,
        "p_one_sided": 0.343881,
        "n": 8,
        "equivalent_within_3pp": false,
        "beats_random": false
      },
      "paired_D_B": {
        "per_seed": [
          -0.51,
          -0.18,
          0.48,
          0.47,
          0.69,
          -0.29,
          6.05,
          -2.76
        ],
        "mean_pp": 0.494,
        "ci95_pp": [
          -1.592,
          2.58
        ],
        "p_two_sided": 0.593106,
        "p_one_sided": 0.296553,
        "n": 8,
        "equivalent_within_3pp": true
      }
    }
  },
  "summary": {
    "equivalence_holds_in": "2/2 cells",
    "mechanism_holds_in": "0/2 cells",
    "datasets": [
      "cifar100",
      "cifar10"
    ],
    "architecture": "convnet",
    "n_cells_done": 2,
    "n_cells_total": 2
  },
  "subject_executed": "CIFAR-100 (10T\u00d75cls) + CIFAR-10 (5T\u00d72cls) \u00d7 SmallConvNetGN \u00d7 A_floor/B/C/D/RANDOM \u00d7 1000 steps/task, reset_every=100, frac=0.1, seeds=[0, 1, 2, 3, 4, 5, 6, 7]",
  "notes": "Deep ConvNet generalization run \u2014 clean CIs for Adam-v_t plasticity result across 2 datasets (CIFAR-100 10T, CIFAR-10 5T). Paired design: same seed \u2192 same task splits per arm.",
  "wall_time_min": 31.83,
  "run_count": 66,
  "metrics": {
    "cifar100_convnet": {
      "floor": 0.2773,
      "D_mean_acc": 0.7832,
      "C_mean_acc": 0.7808,
      "B_mean_acc": 0.7757,
      "RANDOM_mean_acc": 0.7699,
      "D_C_mean_pp": 0.239,
      "D_C_ci95_pp": [
        -2.227,
        2.704
      ],
      "equivalent_within_3pp": true,
      "D_RANDOM_mean_pp": 1.33,
      "D_RANDOM_p_one_sided": 0.156727,
      "beats_random": false,
      "D_B_mean_pp": 0.75
    },
    "cifar10_convnet": {
      "floor": 0.8444,
      "D_mean_acc": 0.9158,
      "C_mean_acc": 0.9115,
      "B_mean_acc": 0.9109,
      "RANDOM_mean_acc": 0.9098,
      "D_C_mean_pp": 0.433,
      "D_C_ci95_pp": [
        -1.451,
        2.316
      ],
      "equivalent_within_3pp": true,
      "D_RANDOM_mean_pp": 0.604,
      "D_RANDOM_p_one_sided": 0.343881,
      "beats_random": false,
      "D_B_mean_pp": 0.494
    }
  }
}
