Device: cuda
Config: 3 seeds × 300 tasks × 1000 steps/task
MLP: 784→2000→2000→10 (ReLU)
SGD, lr=0.05, momentum=0.9, WD=0.0
(LR from prior pmnist run: task1_acc≈0.975, dead_after_t1≈0.023)
MNIST loaded: train=(60000, 784), test=(10000, 784)
Created 300 task permutations (task 0 = identity)

=== LR Verification (seed=0, task=0) ===
  CE at init = 2.3036  (expected 2.3026, diff=0.0010)
  dead_at_init = 0.0495
  Using LR=0.05 (from prior run; expected task1_acc≈0.975)

=== Main Experiment ===
LR=0.05, momentum=0.9, WD=0.0
3 seeds × 300 tasks × 1000 steps


======================================================================
SEED 0
======================================================================
  [sanity] init CE = 2.3044, expected = 2.3026  PASS
  dead_at_init = 0.0500
  Task   1/300 | acc=0.9755  dead=0.0218  erank=259.934  gns=  1.7512  wdrift=1.8504
  Task   2/300 | acc=0.9775  dead=0.1748  erank=247.599  gns=  1.6924  wdrift=2.5121
  Task   3/300 | acc=0.9788  dead=0.2045  erank=260.116  gns=  1.6858  wdrift=2.8897
  Task   4/300 | acc=0.9785  dead=0.2600  erank=258.275  gns=  2.0171  wdrift=3.8058
  Task   5/300 | acc=0.9753  dead=0.2850  erank=265.708  gns=  1.9310  wdrift=4.5910
  Task  10/300 | acc=0.9753  dead=0.3755  erank=257.016  gns=  2.0379  wdrift=7.6730
  Task  20/300 | acc=0.9749  dead=0.4153  erank=282.025  gns=  2.0740  wdrift=11.8740
  [saved incremental at task 25]
  Task  30/300 | acc=0.9728  dead=0.4578  erank=292.201  gns=  1.7918  wdrift=14.8802
  Task  40/300 | acc=0.9767  dead=0.4968  erank=301.792  gns=  2.0204  wdrift=17.5415
  Task  50/300 | acc=0.9751  dead=0.5280  erank=305.673  gns=  2.0156  wdrift=18.6551
  [saved incremental at task 50]
  Task  60/300 | acc=0.9729  dead=0.5465  erank=309.623  gns=  1.8304  wdrift=19.7990
  Task  70/300 | acc=0.9753  dead=0.5583  erank=323.248  gns=  1.8266  wdrift=20.3971
  [saved incremental at task 75]
  Task  80/300 | acc=0.9728  dead=0.6028  erank=312.172  gns=  1.9938  wdrift=22.5511
  Task  90/300 | acc=0.9742  dead=0.6005  erank=331.013  gns=  2.0089  wdrift=23.4220
  Task 100/300 | acc=0.9752  dead=0.6225  erank=340.936  gns=  1.9876  wdrift=24.6731
  [saved incremental at task 100]
  Task 110/300 | acc=0.9744  dead=0.6488  erank=342.968  gns=  1.5335  wdrift=25.3980
  Task 120/300 | acc=0.9741  dead=0.6508  erank=341.977  gns=  1.7959  wdrift=25.9941
  [saved incremental at task 125]
  Task 130/300 | acc=0.9743  dead=0.6725  erank=351.358  gns=  1.9867  wdrift=26.4152
  Task 140/300 | acc=0.9707  dead=0.6703  erank=354.202  gns=  2.0962  wdrift=26.6212
  Task 150/300 | acc=0.9715  dead=0.6908  erank=378.035  gns=  2.0217  wdrift=27.2669
  [saved incremental at task 150]
  Task 160/300 | acc=0.9702  dead=0.6840  erank=380.471  gns=  1.7582  wdrift=27.5224
  Task 170/300 | acc=0.9722  dead=0.6965  erank=375.932  gns=  1.9431  wdrift=27.5684
  [saved incremental at task 175]
  Task 180/300 | acc=0.9757  dead=0.6838  erank=397.570  gns=  2.0911  wdrift=28.0038
  Task 190/300 | acc=0.9728  dead=0.7013  erank=389.105  gns=  2.0128  wdrift=29.1505
  Task 200/300 | acc=0.9735  dead=0.7310  erank=372.090  gns=  1.9829  wdrift=29.5848
  [saved incremental at task 200]
  Task 210/300 | acc=0.9700  dead=0.7310  erank=379.440  gns=  2.1773  wdrift=29.7893
  Task 220/300 | acc=0.9731  dead=0.7285  erank=383.359  gns=  2.1386  wdrift=29.4071
  [saved incremental at task 225]
  Task 230/300 | acc=0.9730  dead=0.7283  erank=389.902  gns=  1.9152  wdrift=30.2762
  Task 240/300 | acc=0.9719  dead=0.7395  erank=383.302  gns=  1.9552  wdrift=29.4236
  Task 250/300 | acc=0.9731  dead=0.7345  erank=383.208  gns=  1.8364  wdrift=30.6445
  [saved incremental at task 250]
  Task 260/300 | acc=0.9767  dead=0.7470  erank=377.132  gns=  1.9059  wdrift=31.5366
  Task 270/300 | acc=0.9699  dead=0.7528  erank=383.541  gns=  2.0727  wdrift=31.0900
  [saved incremental at task 275]
  Task 280/300 | acc=0.9740  dead=0.7523  erank=370.879  gns=  1.7202  wdrift=32.1353
  Task 290/300 | acc=0.9692  dead=0.7720  erank=342.097  gns=  1.8039  wdrift=32.9786
  Task 300/300 | acc=0.9735  dead=0.7478  erank=393.349  gns=  1.8537  wdrift=33.3113
  [saved incremental at task 300]

  --- Seed 0 summary ---
  dead_at_init=0.0500
  dead_after_task1=0.0218
  task1_acc=0.9755
  acc_first20_mean=0.9771
  acc_last20_mean=0.9731
  acc_drop_first20_last20=0.41pp
  t_collapse=None  healthy=True

======================================================================
SEED 1
======================================================================
  [sanity] init CE = 2.3039, expected = 2.3026  PASS
  dead_at_init = 0.0585
  Task   1/300 | acc=0.9734  dead=0.0208  erank=253.189  gns=  1.6499  wdrift=1.7861
  Task   2/300 | acc=0.9795  dead=0.1648  erank=255.918  gns=  1.6413  wdrift=2.2557
  Task   3/300 | acc=0.9787  dead=0.2055  erank=258.279  gns=  1.9825  wdrift=2.6917
  Task   4/300 | acc=0.9760  dead=0.2468  erank=265.329  gns=  1.7395  wdrift=3.4731
  Task   5/300 | acc=0.9766  dead=0.2820  erank=262.426  gns=  2.0367  wdrift=4.1518
  Task  10/300 | acc=0.9785  dead=0.3645  erank=268.522  gns=  1.9773  wdrift=6.7064
  Task  20/300 | acc=0.9752  dead=0.4258  erank=278.477  gns=  1.8021  wdrift=10.6337
  [saved incremental at task 25]
  Task  30/300 | acc=0.9762  dead=0.4843  erank=278.145  gns=  2.0986  wdrift=13.3599
  Task  40/300 | acc=0.9737  dead=0.4903  erank=301.003  gns=  1.5751  wdrift=15.7888
  Task  50/300 | acc=0.9746  dead=0.5173  erank=306.966  gns=  1.6373  wdrift=17.1539
  [saved incremental at task 50]
  Task  60/300 | acc=0.9732  dead=0.5638  erank=309.690  gns=  1.8434  wdrift=18.8303
  Task  70/300 | acc=0.9754  dead=0.6035  erank=313.061  gns=  2.1616  wdrift=19.4292
  [saved incremental at task 75]
  Task  80/300 | acc=0.9731  dead=0.5905  erank=314.769  gns=  1.9748  wdrift=19.8201
  Task  90/300 | acc=0.9727  dead=0.5923  erank=336.119  gns=  2.0722  wdrift=21.2237
  Task 100/300 | acc=0.9691  dead=0.6368  erank=339.682  gns=  1.6263  wdrift=21.8192
  [saved incremental at task 100]
  Task 110/300 | acc=0.9725  dead=0.6408  erank=333.575  gns=  1.9540  wdrift=22.6413
  Task 120/300 | acc=0.9724  dead=0.6345  erank=365.285  gns=  2.0490  wdrift=22.9089
  [saved incremental at task 125]
  Task 130/300 | acc=0.9729  dead=0.6610  erank=351.497  gns=  1.8423  wdrift=24.0647
  Task 140/300 | acc=0.9709  dead=0.6838  erank=354.864  gns=  1.3564  wdrift=24.3603
  Task 150/300 | acc=0.9714  dead=0.6688  erank=387.654  gns=  1.9860  wdrift=24.0568
  [saved incremental at task 150]
  Task 160/300 | acc=0.9731  dead=0.7025  erank=365.889  gns=  1.8942  wdrift=24.8159
  Task 170/300 | acc=0.9712  dead=0.7113  erank=373.263  gns=  1.9474  wdrift=24.8199
  [saved incremental at task 175]
  Task 180/300 | acc=0.9733  dead=0.7170  erank=373.802  gns=  1.8922  wdrift=25.8667
  Task 190/300 | acc=0.9728  dead=0.7320  erank=360.475  gns=  1.8958  wdrift=27.1415
  Task 200/300 | acc=0.9729  dead=0.7283  erank=380.684  gns=  1.8688  wdrift=26.8686
  [saved incremental at task 200]
  Task 210/300 | acc=0.9735  dead=0.7265  erank=375.251  gns=  1.8886  wdrift=27.5508
  Task 220/300 | acc=0.9736  dead=0.7145  erank=401.622  gns=  2.0030  wdrift=27.7210
  [saved incremental at task 225]
  Task 230/300 | acc=0.9747  dead=0.7178  erank=397.388  gns=  2.0027  wdrift=28.0534
  Task 240/300 | acc=0.9725  dead=0.7293  erank=395.460  gns=  2.0377  wdrift=28.9996
  Task 250/300 | acc=0.9761  dead=0.7440  erank=390.833  gns=  1.6536  wdrift=29.4528
  [saved incremental at task 250]
  Task 260/300 | acc=0.9728  dead=0.7295  erank=388.249  gns=  1.2445  wdrift=29.9924
  Task 270/300 | acc=0.9747  dead=0.7420  erank=399.715  gns=  1.7783  wdrift=30.2073
  [saved incremental at task 275]
  Task 280/300 | acc=0.9715  dead=0.7458  erank=392.397  gns=  1.9467  wdrift=30.6098
  Task 290/300 | acc=0.9721  dead=0.7583  erank=374.353  gns=  1.9101  wdrift=30.4743
  Task 300/300 | acc=0.9722  dead=0.7598  erank=374.305  gns=  1.9411  wdrift=31.0019
  [saved incremental at task 300]

  --- Seed 1 summary ---
  dead_at_init=0.0585
  dead_after_task1=0.0208
  task1_acc=0.9734
  acc_first20_mean=0.9771
  acc_last20_mean=0.9723
  acc_drop_first20_last20=0.48pp
  t_collapse=None  healthy=True

======================================================================
SEED 2
======================================================================
  [sanity] init CE = 2.2995, expected = 2.3026  PASS
  dead_at_init = 0.0535
  Task   1/300 | acc=0.9747  dead=0.0278  erank=253.304  gns=  2.5113  wdrift=1.7529
  Task   2/300 | acc=0.9763  dead=0.1378  erank=256.138  gns=  1.8334  wdrift=2.2259
  Task   3/300 | acc=0.9780  dead=0.1943  erank=257.621  gns=  1.7373  wdrift=2.7466
  Task   4/300 | acc=0.9760  dead=0.2408  erank=264.311  gns=  2.1246  wdrift=3.6895
  Task   5/300 | acc=0.9779  dead=0.2670  erank=269.119  gns=  2.3703  wdrift=4.6181
  Task  10/300 | acc=0.9780  dead=0.3653  erank=266.096  gns=  2.0441  wdrift=7.6273
  Task  20/300 | acc=0.9770  dead=0.4200  erank=288.402  gns=  1.8523  wdrift=12.4055
  [saved incremental at task 25]
  Task  30/300 | acc=0.9739  dead=0.4768  erank=289.997  gns=  1.8159  wdrift=15.3961
  Task  40/300 | acc=0.9752  dead=0.5220  erank=292.996  gns=  2.1875  wdrift=17.7415
  Task  50/300 | acc=0.9757  dead=0.5418  erank=306.149  gns=  1.7277  wdrift=19.4181
  [saved incremental at task 50]
  Task  60/300 | acc=0.9747  dead=0.5295  erank=319.771  gns=  1.8081  wdrift=21.2045
  Task  70/300 | acc=0.9742  dead=0.5815  erank=339.356  gns=  1.7390  wdrift=21.9287
  [saved incremental at task 75]
  Task  80/300 | acc=0.9723  dead=0.6060  erank=337.532  gns=  1.8881  wdrift=22.4422
  Task  90/300 | acc=0.9724  dead=0.6185  erank=330.759  gns=  1.8517  wdrift=23.2559
  Task 100/300 | acc=0.9760  dead=0.6233  erank=341.985  gns=  2.0510  wdrift=24.3630
  [saved incremental at task 100]
  Task 110/300 | acc=0.9733  dead=0.6520  erank=335.696  gns=  1.6449  wdrift=25.1008
  Task 120/300 | acc=0.9757  dead=0.6705  erank=344.743  gns=  1.6804  wdrift=26.0553
  [saved incremental at task 125]
  Task 130/300 | acc=0.9734  dead=0.6555  erank=367.101  gns=  1.8256  wdrift=26.7355
  Task 140/300 | acc=0.9743  dead=0.6653  erank=377.821  gns=  2.1548  wdrift=27.6106
  Task 150/300 | acc=0.9721  dead=0.7050  erank=349.806  gns=  2.0554  wdrift=28.2823
  [saved incremental at task 150]
  Task 160/300 | acc=0.9754  dead=0.6800  erank=380.520  gns=  2.0277  wdrift=28.5078
  Task 170/300 | acc=0.9742  dead=0.7073  erank=366.567  gns=  2.1449  wdrift=27.9611
  [saved incremental at task 175]
  Task 180/300 | acc=0.9719  dead=0.7003  erank=393.842  gns=  1.8405  wdrift=29.3942
  Task 190/300 | acc=0.9720  dead=0.7213  erank=376.164  gns=  2.3135  wdrift=30.7226
  Task 200/300 | acc=0.9732  dead=0.7338  erank=370.304  gns=  1.8623  wdrift=30.5387
  [saved incremental at task 200]
  Task 210/300 | acc=0.9705  dead=0.7263  erank=388.746  gns=  2.0659  wdrift=30.9378
  Task 220/300 | acc=0.9723  dead=0.7308  erank=378.571  gns=  1.8375  wdrift=31.3093
  [saved incremental at task 225]
  Task 230/300 | acc=0.9735  dead=0.7285  erank=395.073  gns=  1.8934  wdrift=32.0577
  Task 240/300 | acc=0.9729  dead=0.7308  erank=377.424  gns=  1.9853  wdrift=33.4587
  Task 250/300 | acc=0.9723  dead=0.7440  erank=369.412  gns=  1.9148  wdrift=33.7329
  [saved incremental at task 250]
  Task 260/300 | acc=0.9734  dead=0.7533  erank=368.226  gns=  1.6991  wdrift=34.1251
  Task 270/300 | acc=0.9714  dead=0.7425  erank=390.062  gns=  2.0488  wdrift=34.5604
  [saved incremental at task 275]
  Task 280/300 | acc=0.9709  dead=0.7615  erank=374.230  gns=  2.0500  wdrift=34.1000
  Task 290/300 | acc=0.9717  dead=0.7620  erank=376.851  gns=  1.8038  wdrift=33.8959
  Task 300/300 | acc=0.9741  dead=0.7715  erank=361.474  gns=  1.9854  wdrift=34.2921
  [saved incremental at task 300]

  --- Seed 2 summary ---
  dead_at_init=0.0535
  dead_after_task1=0.0278
  task1_acc=0.9747
  acc_first20_mean=0.9763
  acc_last20_mean=0.9729
  acc_drop_first20_last20=0.34pp
  t_collapse=None  healthy=True


======================================================================
ANALYSIS
======================================================================
dead_at_init (mean):            0.0540
dead_after_task1 (mean):        0.0234
task1_acc (mean):               0.9745
acc_first20_mean (tasks 1-20):  0.9768
acc_last20_mean  (tasks 281-300):0.9728
acc_drop_pp (first20→last20):   0.41pp
healthy_all:                    True
n_collapsed:                    0/3
t_collapse_per_seed:            [None, None, None]
plasticity_loss_occurred:       False

  Seed 0: first20=0.9771  last20=0.9731  drop=0.41pp  t_collapse=None

  Seed 1: first20=0.9771  last20=0.9723  drop=0.48pp  t_collapse=None

  Seed 2: first20=0.9763  last20=0.9729  drop=0.34pp  t_collapse=None

--- Onset detection ---
  Seed 0, t_collapse=None:
    dead_unit_fraction: onset=N/A (no collapse)
    effective_rank: onset=N/A (no collapse)
    gradient_noise_scale: onset=N/A (no collapse)
    weight_norm_drift: onset=N/A (no collapse)
  Seed 1, t_collapse=None:
    dead_unit_fraction: onset=N/A (no collapse)
    effective_rank: onset=N/A (no collapse)
    gradient_noise_scale: onset=N/A (no collapse)
    weight_norm_drift: onset=N/A (no collapse)
  Seed 2, t_collapse=None:
    dead_unit_fraction: onset=N/A (no collapse)
    effective_rank: onset=N/A (no collapse)
    gradient_noise_scale: onset=N/A (no collapse)
    weight_norm_drift: onset=N/A (no collapse)

--- Lead-time summary ---
  dead_unit_fraction: no valid lead times
  effective_rank: no valid lead times
  gradient_noise_scale: no valid lead times
  weight_norm_drift: no valid lead times

  Precedence order: []

  erank - gns lead diffs (per seed): []
  median_diff: None
  Wilcoxon: too few pairs (0) — skipped

Wall-clock: 959.0s (16.0 min)

Trajectories → results/pml2/trajectories.json

Results → results/pml2/RESULTS.json
{
  "status": "DONE",
  "benchmark": "online_permuted_mnist",
  "n_tasks": 300,
  "n_seeds": 3,
  "lr_used": 0.05,
  "momentum": 0.9,
  "weight_decay": 0.0,
  "hidden_size": 2000,
  "steps_per_task": 1000,
  "dead_at_init": 0.05400000264247259,
  "dead_after_task1": 0.023416667555769283,
  "task1_acc": 0.9745333333333334,
  "healthy": true,
  "acc_first20_mean": 0.97683,
  "acc_last20_mean": 0.9727500000000001,
  "acc_drop_pp": 0.40799999999998615,
  "plasticity_loss_occurred": false,
  "t_collapse_per_seed": [
    null,
    null,
    null
  ],
  "n_seeds_collapsed": 0,
  "lead_times": {
    "dead_unit_fraction": {
      "mean": null,
      "median": null,
      "iqr": [
        null,
        null
      ],
      "ci95": [
        null,
        null
      ],
      "n_valid": 0
    },
    "effective_rank": {
      "mean": null,
      "median": null,
      "iqr": [
        null,
        null
      ],
      "ci95": [
        null,
        null
      ],
      "n_valid": 0
    },
    "gradient_noise_scale": {
      "mean": null,
      "median": null,
      "iqr": [
        null,
        null
      ],
      "ci95": [
        null,
        null
      ],
      "n_valid": 0
    },
    "weight_norm_drift": {
      "mean": null,
      "median": null,
      "iqr": [
        null,
        null
      ],
      "ci95": [
        null,
        null
      ],
      "n_valid": 0
    }
  },
  "precedence_order": [],
  "erank_vs_gns_paired": {
    "diffs_per_seed": [],
    "median_diff": null,
    "wilcoxon_stat": null,
    "wilcoxon_p": null
  },
  "per_seed_summary": [
    {
      "seed": 0,
      "dead_at_init": 0.050000003539025784,
      "dead_after_task1": 0.021750000305473804,
      "task1_acc": 0.9755,
      "healthy": true,
      "t_collapse": null,
      "acc_task1": 0.9755,
      "acc_task50": 0.9751,
      "acc_task100": 0.9752,
      "acc_task200": 0.9735,
      "acc_task300": 0.9735,
      "acc_first20": 0.97713,
      "acc_last20": 0.9730649999999998,
      "lead_dead": null,
      "lead_erank": null,
      "lead_gns": null,
      "lead_wdrift": null
    },
    {
      "seed": 1,
      "dead_at_init": 0.058500003069639206,
      "dead_after_task1": 0.020750001072883606,
      "task1_acc": 0.9734,
      "healthy": true,
      "t_collapse": null,
      "acc_task1": 0.9734,
      "acc_task50": 0.9746,
      "acc_task100": 0.9691,
      "acc_task200": 0.9729,
      "acc_task300": 0.9722,
      "acc_first20": 0.9770600000000002,
      "acc_last20": 0.9723050000000001,
      "lead_dead": null,
      "lead_erank": null,
      "lead_gns": null,
      "lead_wdrift": null
    },
    {
      "seed": 2,
      "dead_at_init": 0.053500001318752766,
      "dead_after_task1": 0.027750001288950443,
      "task1_acc": 0.9747,
      "healthy": true,
      "t_collapse": null,
      "acc_task1": 0.9747,
      "acc_task50": 0.9757,
      "acc_task100": 0.976,
      "acc_task200": 0.9732,
      "acc_task300": 0.9741,
      "acc_first20": 0.9763,
      "acc_last20": 0.9728800000000002,
      "lead_dead": null,
      "lead_erank": null,
      "lead_gns": null,
      "lead_wdrift": null
    }
  ],
  "comparison_100task_run": {
    "acc_drop_pp_at_100tasks": 0.16,
    "plasticity_loss_at_100tasks": false
  },
  "wall_clock_sec": 959.0,
  "subject_executed": "Online Permuted-MNIST, 3-layer MLP (784\u21922000\u21922000\u219210, ReLU), SGD lr=0.05 momentum=0.9 WD=0.0, no plasticity repair, 300 tasks \u00d7 1000 steps/task \u00d7 3 seeds. 4 observables per task: dead_unit_fraction, effective_rank, gradient_noise_scale (McCandlish B_opt), weight_norm_drift.",
  "notes": "NO plasticity loss even at 300 tasks: 0/3 seeds collapsed. acc_drop=0.4pp (first20\u2192last20). Network remains plastic. Permuted-MNIST with SGD momentum is a robust benchmark where plasticity is NOT lost. Network healthy=True: dead_at_init=0.054, dead_after_task1=0.023 (<0.20), task1_acc=0.975 (>0.90). No precedence ordering (no collapses detected)."
}
