Device: cuda
============================================================
Grokking Verification — WD=1.0 (Power et al. standard)
P=97, seed=42, train_frac=0.4
Optim: AdamW, LR=0.001, WD=1.0, BS=512
============================================================
Train size: 3763, Val size: 5646
Init val CE: 4.7514  (expected ~4.5747)
Init weight norm: 117.4293
step=   500 | tr_acc=0.988 tr_loss=0.3931 | val_acc=0.001 val_loss=8.6831 | wnorm=117.556 | 4s
step=  1000 | tr_acc=1.000 tr_loss=0.0175 | val_acc=0.000 val_loss=10.3838 | wnorm=116.140 | 7s
step=  1500 | tr_acc=0.998 tr_loss=0.0775 | val_acc=0.000 val_loss=10.3399 | wnorm=114.812 | 10s
step=  2000 | tr_acc=1.000 tr_loss=0.0136 | val_acc=0.001 val_loss=9.6564 | wnorm=113.767 | 14s
step=  2500 | tr_acc=0.999 tr_loss=0.0697 | val_acc=0.002 val_loss=9.0972 | wnorm=112.938 | 17s
step=  3000 | tr_acc=1.000 tr_loss=0.0134 | val_acc=0.003 val_loss=7.9499 | wnorm=112.213 | 20s
step=  3500 | tr_acc=0.999 tr_loss=0.0101 | val_acc=0.012 val_loss=6.9749 | wnorm=111.524 | 23s
step=  4000 | tr_acc=1.000 tr_loss=0.0238 | val_acc=0.032 val_loss=5.6833 | wnorm=111.125 | 26s
step=  4500 | tr_acc=1.000 tr_loss=0.0102 | val_acc=0.146 val_loss=3.6292 | wnorm=110.641 | 30s
step=  5000 | tr_acc=1.000 tr_loss=0.0047 | val_acc=0.550 val_loss=1.4529 | wnorm=110.255 | 33s
step=  5500 | tr_acc=1.000 tr_loss=0.0013 | val_acc=0.910 val_loss=0.3467 | wnorm=109.830 | 36s

*** GROKKING ONSET at step 5500: val_acc=0.9104 ***

*** GROKKING CONFIRMED at step 5700 ***
Early stop: val_acc=0.9901 at step=5868

============================================================
DONE | steps=5868 | elapsed=38.9s
Final train acc=1.0000 loss=0.0010
Final val   acc=0.9901 loss=0.0734
Grokking onset: 5500
Init wnorm=117.429 → Final wnorm=109.516 (ratio=0.933)
============================================================
Saved verify_wd1p0.json
