=================================================================
INCREASE-COMPLEXITY-03: confirmatory (5 seeds), ≤25 epochs
=================================================================
Device     : cuda
Depths     : [3, 5, 7]   Seeds: [0, 1, 2, 3, 4]   MaxEpochs: 25
Regimes    : ['standard', 'super_2x', 'super_4x']
S_l thresh : |z| > 2.0
Sat thresh : |tanh(z)| > 0.9  ⟺  |z| > 1.4722
Bootstrap  : 10000 resamples for 95% CI
Total runs : 3 × 3 × 5 = 45
Loading MNIST to GPU …
  Train: torch.Size([60000, 784])  Test: torch.Size([10000, 784])  device=cuda
Data loaded in 19.5s

────────────────────────────────────────────────────────────
Regime=standard  Depth=3  Seed=0
────────────────────────────────────────────────────────────
  Empirical n·σ² per layer: [0.3328, 0.333, 0.3338]
  Init CE    : 2.3086  (ln10=2.3026)
  Init S_l(>2): ['0.0011', '0.0000', '0.0000']
  Init sat09  : ['0.0124', '0.0000', '0.0000']
  Init Var(z) : ['0.3237', '0.0705', '0.0197']
  S_l order: strictly_dec=False, weakly_dec=True
  Epoch   1 | loss=0.4601 | sat09=['0.119', '0.009', '0.004']
  Epoch   5 | loss=0.0931 | sat09=['0.297', '0.013', '0.005']
  Epoch  10 | loss=0.0340 | sat09=['0.359', '0.012', '0.007']
  Epoch  15 | loss=0.0131 | sat09=['0.383', '0.011', '0.012']
  Epoch  20 | loss=0.0054 | sat09=['0.394', '0.010', '0.016']
  Epoch  25 | loss=0.0028 | sat09=['0.400', '0.010', '0.021']
  Final test_acc: 98.21%
  Final sat09  : ['0.3996', '0.0103', '0.0211']
  Layer rank by final sat09 (1=highest): [np.float64(1.0), np.float64(3.0), np.float64(2.0)]
  Spearman(init_S_l, final_sat09): rho=0.8660 p=0.3333
  Spearman(depth_idx, final_sat09): rho=-0.5000 p=0.6667
  layer1_is_max=True  last>all-middle=True
  → 1/45 | elapsed=26s | ETA≈1146s

────────────────────────────────────────────────────────────
Regime=standard  Depth=3  Seed=1
────────────────────────────────────────────────────────────
  Empirical n·σ² per layer: [0.3333, 0.3319, 0.3321]
  Init CE    : 2.3001  (ln10=2.3026)
  Init S_l(>2): ['0.0012', '0.0000', '0.0000']
  Init sat09  : ['0.0135', '0.0000', '0.0000']
  Init Var(z) : ['0.3353', '0.0689', '0.0190']
  S_l order: strictly_dec=False, weakly_dec=True
  Epoch   1 | loss=0.4614 | sat09=['0.118', '0.009', '0.003']
  Epoch   5 | loss=0.0931 | sat09=['0.302', '0.014', '0.005']
  Epoch  10 | loss=0.0339 | sat09=['0.362', '0.012', '0.006']
  Epoch  15 | loss=0.0131 | sat09=['0.386', '0.011', '0.009']
  Epoch  20 | loss=0.0053 | sat09=['0.396', '0.011', '0.014']
  Epoch  25 | loss=0.0027 | sat09=['0.401', '0.011', '0.017']
  Final test_acc: 98.17%
  Final sat09  : ['0.4009', '0.0105', '0.0174']
  Layer rank by final sat09 (1=highest): [np.float64(1.0), np.float64(3.0), np.float64(2.0)]
  Spearman(init_S_l, final_sat09): rho=0.8660 p=0.3333
  Spearman(depth_idx, final_sat09): rho=-0.5000 p=0.6667
  layer1_is_max=True  last>all-middle=True
  → 2/45 | elapsed=32s | ETA≈692s

────────────────────────────────────────────────────────────
Regime=standard  Depth=3  Seed=2
────────────────────────────────────────────────────────────
  Empirical n·σ² per layer: [0.334, 0.3345, 0.3301]
  Init CE    : 2.2903  (ln10=2.3026)
  Init S_l(>2): ['0.0014', '0.0000', '0.0000']
  Init sat09  : ['0.0143', '0.0000', '0.0000']
  Init Var(z) : ['0.3389', '0.0694', '0.0199']
  S_l order: strictly_dec=False, weakly_dec=True
  Epoch   1 | loss=0.4651 | sat09=['0.113', '0.010', '0.004']
  Epoch   5 | loss=0.0921 | sat09=['0.299', '0.014', '0.005']
  Epoch  10 | loss=0.0334 | sat09=['0.359', '0.013', '0.008']
  Epoch  15 | loss=0.0123 | sat09=['0.382', '0.012', '0.011']
  Epoch  20 | loss=0.0049 | sat09=['0.391', '0.011', '0.015']
  Epoch  25 | loss=0.0027 | sat09=['0.395', '0.011', '0.020']
  Final test_acc: 98.08%
  Final sat09  : ['0.3955', '0.0115', '0.0198']
  Layer rank by final sat09 (1=highest): [np.float64(1.0), np.float64(3.0), np.float64(2.0)]
  Spearman(init_S_l, final_sat09): rho=0.8660 p=0.3333
  Spearman(depth_idx, final_sat09): rho=-0.5000 p=0.6667
  layer1_is_max=True  last>all-middle=True
  → 3/45 | elapsed=38s | ETA≈537s

────────────────────────────────────────────────────────────
Regime=standard  Depth=3  Seed=3
────────────────────────────────────────────────────────────
  Empirical n·σ² per layer: [0.3342, 0.3318, 0.3342]
  Init CE    : 2.3242  (ln10=2.3026)
  Init S_l(>2): ['0.0015', '0.0000', '0.0000']
  Init sat09  : ['0.0152', '0.0000', '0.0000']
  Init Var(z) : ['0.3427', '0.0697', '0.0216']
  S_l order: strictly_dec=False, weakly_dec=True
  Epoch   1 | loss=0.4679 | sat09=['0.116', '0.008', '0.003']
  Epoch   5 | loss=0.0935 | sat09=['0.302', '0.011', '0.005']
  Epoch  10 | loss=0.0354 | sat09=['0.363', '0.009', '0.007']
  Epoch  15 | loss=0.0129 | sat09=['0.383', '0.008', '0.012']
  Epoch  20 | loss=0.0054 | sat09=['0.394', '0.007', '0.015']
  Epoch  25 | loss=0.0028 | sat09=['0.399', '0.007', '0.020']
  Final test_acc: 98.26%
  Final sat09  : ['0.3990', '0.0075', '0.0199']
  Layer rank by final sat09 (1=highest): [np.float64(1.0), np.float64(3.0), np.float64(2.0)]
  Spearman(init_S_l, final_sat09): rho=0.8660 p=0.3333
  Spearman(depth_idx, final_sat09): rho=-0.5000 p=0.6667
  layer1_is_max=True  last>all-middle=True
  → 4/45 | elapsed=45s | ETA≈456s

────────────────────────────────────────────────────────────
Regime=standard  Depth=3  Seed=4
────────────────────────────────────────────────────────────
  Empirical n·σ² per layer: [0.333, 0.333, 0.3335]
  Init CE    : 2.3276  (ln10=2.3026)
  Init S_l(>2): ['0.0009', '0.0000', '0.0000']
  Init sat09  : ['0.0122', '0.0000', '0.0000']
  Init Var(z) : ['0.3211', '0.0667', '0.0195']
  S_l order: strictly_dec=False, weakly_dec=True
  Epoch   1 | loss=0.4630 | sat09=['0.110', '0.009', '0.003']
  Epoch   5 | loss=0.0929 | sat09=['0.287', '0.012', '0.005']
  Epoch  10 | loss=0.0347 | sat09=['0.343', '0.011', '0.008']
  Epoch  15 | loss=0.0130 | sat09=['0.367', '0.011', '0.013']
  Epoch  20 | loss=0.0054 | sat09=['0.378', '0.011', '0.018']
  Epoch  25 | loss=0.0028 | sat09=['0.384', '0.011', '0.022']
  Final test_acc: 98.23%
  Final sat09  : ['0.3843', '0.0112', '0.0225']
  Layer rank by final sat09 (1=highest): [np.float64(1.0), np.float64(3.0), np.float64(2.0)]
  Spearman(init_S_l, final_sat09): rho=0.8660 p=0.3333
  Spearman(depth_idx, final_sat09): rho=-0.5000 p=0.6667
  layer1_is_max=True  last>all-middle=True
  → 5/45 | elapsed=51s | ETA≈405s

────────────────────────────────────────────────────────────
Regime=standard  Depth=5  Seed=0
────────────────────────────────────────────────────────────
  Empirical n·σ² per layer: [0.3328, 0.333, 0.3338, 0.3326, 0.3334]
  Init CE    : 2.3109  (ln10=2.3026)
  Init S_l(>2): ['0.0011', '0.0000', '0.0000', '0.0000', '0.0000']
  Init sat09  : ['0.0124', '0.0000', '0.0000', '0.0000', '0.0000']
  Init Var(z) : ['0.3237', '0.0705', '0.0197', '0.0062', '0.0020']
  S_l order: strictly_dec=False, weakly_dec=True
  Epoch   1 | loss=0.6180 | sat09=['0.099', '0.005', '0.000', '0.000', '0.001']
  Epoch   5 | loss=0.0808 | sat09=['0.287', '0.009', '0.000', '0.001', '0.007']
  Epoch  10 | loss=0.0260 | sat09=['0.343', '0.011', '0.000', '0.002', '0.028']
  Epoch  15 | loss=0.0068 | sat09=['0.361', '0.012', '0.000', '0.004', '0.051']
  Epoch  20 | loss=0.0021 | sat09=['0.364', '0.012', '0.000', '0.005', '0.065']
  Epoch  25 | loss=0.0010 | sat09=['0.367', '0.012', '0.001', '0.007', '0.079']
  Final test_acc: 98.11%
  Final sat09  : ['0.3669', '0.0117', '0.0005', '0.0069', '0.0790']
  Layer rank by final sat09 (1=highest): [np.float64(1.0), np.float64(3.0), np.float64(5.0), np.float64(4.0), np.float64(2.0)]
  Spearman(init_S_l, final_sat09): rho=0.7071 p=0.1817
  Spearman(depth_idx, final_sat09): rho=-0.3000 p=0.6238
  layer1_is_max=True  last>all-middle=True
  → 6/45 | elapsed=58s | ETA≈380s

────────────────────────────────────────────────────────────
Regime=standard  Depth=5  Seed=1
────────────────────────────────────────────────────────────
  Empirical n·σ² per layer: [0.3333, 0.3319, 0.3321, 0.3349, 0.3329]
  Init CE    : 2.3138  (ln10=2.3026)
  Init S_l(>2): ['0.0012', '0.0000', '0.0000', '0.0000', '0.0000']
  Init sat09  : ['0.0135', '0.0000', '0.0000', '0.0000', '0.0000']
  Init Var(z) : ['0.3353', '0.0689', '0.0190', '0.0061', '0.0020']
  S_l order: strictly_dec=False, weakly_dec=True
  Epoch   1 | loss=0.6086 | sat09=['0.110', '0.003', '0.001', '0.001', '0.001']
  Epoch   5 | loss=0.0769 | sat09=['0.302', '0.006', '0.000', '0.001', '0.008']
  Epoch  10 | loss=0.0232 | sat09=['0.359', '0.007', '0.000', '0.002', '0.026']
  Epoch  15 | loss=0.0058 | sat09=['0.378', '0.008', '0.000', '0.005', '0.051']
  Epoch  20 | loss=0.0017 | sat09=['0.381', '0.008', '0.001', '0.007', '0.068']
  Epoch  25 | loss=0.0010 | sat09=['0.383', '0.008', '0.001', '0.009', '0.081']
  Final test_acc: 98.18%
  Final sat09  : ['0.3829', '0.0080', '0.0006', '0.0091', '0.0812']
  Layer rank by final sat09 (1=highest): [np.float64(1.0), np.float64(4.0), np.float64(5.0), np.float64(3.0), np.float64(2.0)]
  Spearman(init_S_l, final_sat09): rho=0.7071 p=0.1817
  Spearman(depth_idx, final_sat09): rho=-0.1000 p=0.8729
  layer1_is_max=True  last>all-middle=True
  → 7/45 | elapsed=66s | ETA≈360s

────────────────────────────────────────────────────────────
Regime=standard  Depth=5  Seed=2
────────────────────────────────────────────────────────────
  Empirical n·σ² per layer: [0.334, 0.3345, 0.3301, 0.3326, 0.3353]
  Init CE    : 2.3003  (ln10=2.3026)
  Init S_l(>2): ['0.0014', '0.0000', '0.0000', '0.0000', '0.0000']
  Init sat09  : ['0.0143', '0.0000', '0.0000', '0.0000', '0.0000']
  Init Var(z) : ['0.3389', '0.0694', '0.0199', '0.0062', '0.0019']
  S_l order: strictly_dec=False, weakly_dec=True
  Epoch   1 | loss=0.6034 | sat09=['0.109', '0.004', '0.000', '0.000', '0.002']
  Epoch   5 | loss=0.0792 | sat09=['0.306', '0.005', '0.000', '0.001', '0.011']
  Epoch  10 | loss=0.0243 | sat09=['0.359', '0.005', '0.000', '0.003', '0.032']
  Epoch  15 | loss=0.0072 | sat09=['0.380', '0.005', '0.000', '0.006', '0.059']
  Epoch  20 | loss=0.0018 | sat09=['0.382', '0.005', '0.000', '0.008', '0.076']
  Epoch  25 | loss=0.0010 | sat09=['0.383', '0.005', '0.001', '0.010', '0.089']
  Final test_acc: 97.92%
  Final sat09  : ['0.3834', '0.0050', '0.0006', '0.0097', '0.0891']
  Layer rank by final sat09 (1=highest): [np.float64(1.0), np.float64(4.0), np.float64(5.0), np.float64(3.0), np.float64(2.0)]
  Spearman(init_S_l, final_sat09): rho=0.7071 p=0.1817
  Spearman(depth_idx, final_sat09): rho=-0.1000 p=0.8729
  layer1_is_max=True  last>all-middle=True
  → 8/45 | elapsed=74s | ETA≈343s

────────────────────────────────────────────────────────────
Regime=standard  Depth=5  Seed=3
────────────────────────────────────────────────────────────
  Empirical n·σ² per layer: [0.3342, 0.3318, 0.3342, 0.3316, 0.3352]
  Init CE    : 2.3068  (ln10=2.3026)
  Init S_l(>2): ['0.0015', '0.0000', '0.0000', '0.0000', '0.0000']
  Init sat09  : ['0.0152', '0.0000', '0.0000', '0.0000', '0.0000']
  Init Var(z) : ['0.3427', '0.0697', '0.0216', '0.0071', '0.0023']
  S_l order: strictly_dec=False, weakly_dec=True
  Epoch   1 | loss=0.6296 | sat09=['0.099', '0.004', '0.001', '0.000', '0.002']
  Epoch   5 | loss=0.0844 | sat09=['0.302', '0.007', '0.000', '0.001', '0.008']
  Epoch  10 | loss=0.0263 | sat09=['0.366', '0.008', '0.000', '0.003', '0.025']
  Epoch  15 | loss=0.0067 | sat09=['0.380', '0.008', '0.000', '0.006', '0.053']
  Epoch  20 | loss=0.0020 | sat09=['0.384', '0.008', '0.000', '0.007', '0.070']
  Epoch  25 | loss=0.0010 | sat09=['0.385', '0.008', '0.000', '0.009', '0.083']
  Final test_acc: 98.02%
  Final sat09  : ['0.3852', '0.0078', '0.0005', '0.0090', '0.0826']
  Layer rank by final sat09 (1=highest): [np.float64(1.0), np.float64(4.0), np.float64(5.0), np.float64(3.0), np.float64(2.0)]
  Spearman(init_S_l, final_sat09): rho=0.7071 p=0.1817
  Spearman(depth_idx, final_sat09): rho=-0.1000 p=0.8729
  layer1_is_max=True  last>all-middle=True
  → 9/45 | elapsed=82s | ETA≈328s

────────────────────────────────────────────────────────────
Regime=standard  Depth=5  Seed=4
────────────────────────────────────────────────────────────
  Empirical n·σ² per layer: [0.333, 0.333, 0.3335, 0.3334, 0.3325]
  Init CE    : 2.3001  (ln10=2.3026)
  Init S_l(>2): ['0.0009', '0.0000', '0.0000', '0.0000', '0.0000']
  Init sat09  : ['0.0122', '0.0000', '0.0000', '0.0000', '0.0000']
  Init Var(z) : ['0.3211', '0.0667', '0.0195', '0.0058', '0.0019']
  S_l order: strictly_dec=False, weakly_dec=True
  Epoch   1 | loss=0.6208 | sat09=['0.098', '0.004', '0.001', '0.001', '0.003']
  Epoch   5 | loss=0.0804 | sat09=['0.296', '0.006', '0.000', '0.000', '0.009']
  Epoch  10 | loss=0.0265 | sat09=['0.354', '0.008', '0.000', '0.001', '0.029']
  Epoch  15 | loss=0.0078 | sat09=['0.373', '0.008', '0.000', '0.003', '0.055']
  Epoch  20 | loss=0.0018 | sat09=['0.379', '0.008', '0.000', '0.005', '0.074']
  Epoch  25 | loss=0.0010 | sat09=['0.380', '0.008', '0.000', '0.006', '0.086']
  Final test_acc: 98.06%
  Final sat09  : ['0.3804', '0.0078', '0.0004', '0.0063', '0.0858']
  Layer rank by final sat09 (1=highest): [np.float64(1.0), np.float64(3.0), np.float64(5.0), np.float64(4.0), np.float64(2.0)]
  Spearman(init_S_l, final_sat09): rho=0.7071 p=0.1817
  Spearman(depth_idx, final_sat09): rho=-0.3000 p=0.6238
  layer1_is_max=True  last>all-middle=True
  → 10/45 | elapsed=90s | ETA≈314s

────────────────────────────────────────────────────────────
Regime=standard  Depth=7  Seed=0
────────────────────────────────────────────────────────────
  Empirical n·σ² per layer: [0.3328, 0.333, 0.3338, 0.3326, 0.3334, 0.3335, 0.3343]
  Init CE    : 2.3027  (ln10=2.3026)
  Init S_l(>2): ['0.0011', '0.0000', '0.0000', '0.0000', '0.0000', '0.0000', '0.0000']
  Init sat09  : ['0.0124', '0.0000', '0.0000', '0.0000', '0.0000', '0.0000', '0.0000']
  Init Var(z) : ['0.3237', '0.0705', '0.0197', '0.0062', '0.0020', '0.0006', '0.0002']
  S_l order: strictly_dec=False, weakly_dec=True
  Epoch   1 | loss=0.8680 | sat09=['0.117', '0.002', '0.000', '0.000', '0.000', '0.000', '0.002']
  Epoch   5 | loss=0.0792 | sat09=['0.319', '0.004', '0.000', '0.000', '0.000', '0.002', '0.014']
  Epoch  10 | loss=0.0255 | sat09=['0.373', '0.006', '0.000', '0.000', '0.001', '0.009', '0.049']
  Epoch  15 | loss=0.0071 | sat09=['0.396', '0.008', '0.000', '0.000', '0.002', '0.020', '0.087']
  Epoch  20 | loss=0.0014 | sat09=['0.397', '0.008', '0.000', '0.000', '0.003', '0.026', '0.107']
  Epoch  25 | loss=0.0006 | sat09=['0.398', '0.008', '0.000', '0.000', '0.004', '0.032', '0.123']
  Final test_acc: 98.24%
  Final sat09  : ['0.3985', '0.0078', '0.0001', '0.0005', '0.0041', '0.0315', '0.1230']
  Layer rank by final sat09 (1=highest): [np.float64(1.0), np.float64(4.0), np.float64(7.0), np.float64(6.0), np.float64(5.0), np.float64(3.0), np.float64(2.0)]
  Spearman(init_S_l, final_sat09): rho=0.6124 p=0.1438
  Spearman(depth_idx, final_sat09): rho=0.0357 p=0.9394
  layer1_is_max=True  last>all-middle=True
  → 11/45 | elapsed=99s | ETA≈307s

────────────────────────────────────────────────────────────
Regime=standard  Depth=7  Seed=1
────────────────────────────────────────────────────────────
  Empirical n·σ² per layer: [0.3333, 0.3319, 0.3321, 0.3349, 0.3329, 0.3314, 0.3342]
  Init CE    : 2.3048  (ln10=2.3026)
  Init S_l(>2): ['0.0012', '0.0000', '0.0000', '0.0000', '0.0000', '0.0000', '0.0000']
  Init sat09  : ['0.0135', '0.0000', '0.0000', '0.0000', '0.0000', '0.0000', '0.0000']
  Init Var(z) : ['0.3353', '0.0689', '0.0190', '0.0061', '0.0020', '0.0006', '0.0002']
  S_l order: strictly_dec=False, weakly_dec=True
  Epoch   1 | loss=0.8737 | sat09=['0.120', '0.002', '0.000', '0.000', '0.000', '0.000', '0.002']
  Epoch   5 | loss=0.0788 | sat09=['0.318', '0.005', '0.000', '0.000', '0.000', '0.001', '0.016']
  Epoch  10 | loss=0.0265 | sat09=['0.369', '0.008', '0.000', '0.000', '0.001', '0.007', '0.048']
  Epoch  15 | loss=0.0062 | sat09=['0.391', '0.009', '0.000', '0.000', '0.003', '0.018', '0.089']
  Epoch  20 | loss=0.0012 | sat09=['0.391', '0.009', '0.000', '0.000', '0.004', '0.026', '0.116']
  Epoch  25 | loss=0.0006 | sat09=['0.392', '0.009', '0.000', '0.000', '0.005', '0.032', '0.131']
  Final test_acc: 98.08%
  Final sat09  : ['0.3917', '0.0086', '0.0001', '0.0002', '0.0047', '0.0317', '0.1311']
  Layer rank by final sat09 (1=highest): [np.float64(1.0), np.float64(4.0), np.float64(7.0), np.float64(6.0), np.float64(5.0), np.float64(3.0), np.float64(2.0)]
  Spearman(init_S_l, final_sat09): rho=0.6124 p=0.1438
  Spearman(depth_idx, final_sat09): rho=0.0357 p=0.9394
  layer1_is_max=True  last>all-middle=True
  → 12/45 | elapsed=109s | ETA≈299s

────────────────────────────────────────────────────────────
Regime=standard  Depth=7  Seed=2
────────────────────────────────────────────────────────────
  Empirical n·σ² per layer: [0.334, 0.3345, 0.3301, 0.3326, 0.3353, 0.3341, 0.3339]
  Init CE    : 2.3001  (ln10=2.3026)
  Init S_l(>2): ['0.0014', '0.0000', '0.0000', '0.0000', '0.0000', '0.0000', '0.0000']
  Init sat09  : ['0.0143', '0.0000', '0.0000', '0.0000', '0.0000', '0.0000', '0.0000']
  Init Var(z) : ['0.3389', '0.0694', '0.0199', '0.0062', '0.0019', '0.0006', '0.0002']
  S_l order: strictly_dec=False, weakly_dec=True
  Epoch   1 | loss=0.8791 | sat09=['0.112', '0.002', '0.000', '0.000', '0.000', '0.000', '0.001']
  Epoch   5 | loss=0.0799 | sat09=['0.314', '0.005', '0.000', '0.000', '0.000', '0.003', '0.017']
  Epoch  10 | loss=0.0255 | sat09=['0.371', '0.006', '0.000', '0.000', '0.001', '0.010', '0.047']
  Epoch  15 | loss=0.0063 | sat09=['0.388', '0.006', '0.000', '0.001', '0.003', '0.021', '0.084']
  Epoch  20 | loss=0.0017 | sat09=['0.390', '0.006', '0.000', '0.001', '0.004', '0.029', '0.108']
  Epoch  25 | loss=0.0008 | sat09=['0.391', '0.006', '0.000', '0.001', '0.004', '0.033', '0.119']
  Final test_acc: 98.03%
  Final sat09  : ['0.3912', '0.0062', '0.0001', '0.0007', '0.0042', '0.0328', '0.1192']
  Layer rank by final sat09 (1=highest): [np.float64(1.0), np.float64(4.0), np.float64(7.0), np.float64(6.0), np.float64(5.0), np.float64(3.0), np.float64(2.0)]
  Spearman(init_S_l, final_sat09): rho=0.6124 p=0.1438
  Spearman(depth_idx, final_sat09): rho=0.0357 p=0.9394
  layer1_is_max=True  last>all-middle=True
  → 13/45 | elapsed=118s | ETA≈291s

────────────────────────────────────────────────────────────
Regime=standard  Depth=7  Seed=3
────────────────────────────────────────────────────────────
  Empirical n·σ² per layer: [0.3342, 0.3318, 0.3342, 0.3316, 0.3352, 0.3343, 0.3345]
  Init CE    : 2.3027  (ln10=2.3026)
  Init S_l(>2): ['0.0015', '0.0000', '0.0000', '0.0000', '0.0000', '0.0000', '0.0000']
  Init sat09  : ['0.0152', '0.0000', '0.0000', '0.0000', '0.0000', '0.0000', '0.0000']
  Init Var(z) : ['0.3427', '0.0697', '0.0216', '0.0071', '0.0023', '0.0008', '0.0003']
  S_l order: strictly_dec=False, weakly_dec=True
  Epoch   1 | loss=0.9021 | sat09=['0.109', '0.002', '0.000', '0.000', '0.000', '0.001', '0.004']
  Epoch   5 | loss=0.0806 | sat09=['0.308', '0.004', '0.000', '0.000', '0.000', '0.003', '0.019']
  Epoch  10 | loss=0.0269 | sat09=['0.366', '0.006', '0.000', '0.000', '0.001', '0.011', '0.051']
  Epoch  15 | loss=0.0084 | sat09=['0.386', '0.007', '0.000', '0.000', '0.003', '0.026', '0.091']
  Epoch  20 | loss=0.0014 | sat09=['0.390', '0.007', '0.000', '0.000', '0.004', '0.032', '0.113']
  Epoch  25 | loss=0.0007 | sat09=['0.391', '0.007', '0.000', '0.000', '0.005', '0.038', '0.128']
  Final test_acc: 98.14%
  Final sat09  : ['0.3908', '0.0073', '0.0001', '0.0004', '0.0047', '0.0379', '0.1279']
  Layer rank by final sat09 (1=highest): [np.float64(1.0), np.float64(4.0), np.float64(7.0), np.float64(6.0), np.float64(5.0), np.float64(3.0), np.float64(2.0)]
  Spearman(init_S_l, final_sat09): rho=0.6124 p=0.1438
  Spearman(depth_idx, final_sat09): rho=0.0357 p=0.9394
  layer1_is_max=True  last>all-middle=True
  → 14/45 | elapsed=128s | ETA≈283s

────────────────────────────────────────────────────────────
Regime=standard  Depth=7  Seed=4
────────────────────────────────────────────────────────────
  Empirical n·σ² per layer: [0.333, 0.333, 0.3335, 0.3334, 0.3325, 0.3345, 0.3338]
  Init CE    : 2.3023  (ln10=2.3026)
  Init S_l(>2): ['0.0009', '0.0000', '0.0000', '0.0000', '0.0000', '0.0000', '0.0000']
  Init sat09  : ['0.0122', '0.0000', '0.0000', '0.0000', '0.0000', '0.0000', '0.0000']
  Init Var(z) : ['0.3211', '0.0667', '0.0195', '0.0058', '0.0019', '0.0006', '0.0002']
  S_l order: strictly_dec=False, weakly_dec=True
  Epoch   1 | loss=0.8769 | sat09=['0.102', '0.002', '0.000', '0.000', '0.000', '0.000', '0.002']
  Epoch   5 | loss=0.0792 | sat09=['0.312', '0.005', '0.000', '0.000', '0.000', '0.002', '0.016']
  Epoch  10 | loss=0.0263 | sat09=['0.366', '0.006', '0.000', '0.000', '0.002', '0.011', '0.053']
  Epoch  15 | loss=0.0089 | sat09=['0.391', '0.008', '0.000', '0.000', '0.004', '0.025', '0.093']
  Epoch  20 | loss=0.0013 | sat09=['0.392', '0.008', '0.000', '0.000', '0.005', '0.032', '0.114']
  Epoch  25 | loss=0.0006 | sat09=['0.393', '0.008', '0.000', '0.000', '0.005', '0.037', '0.129']
  Final test_acc: 97.90%
  Final sat09  : ['0.3931', '0.0075', '0.0003', '0.0003', '0.0053', '0.0370', '0.1285']
  Layer rank by final sat09 (1=highest): [np.float64(1.0), np.float64(4.0), np.float64(7.0), np.float64(6.0), np.float64(5.0), np.float64(3.0), np.float64(2.0)]
  Spearman(init_S_l, final_sat09): rho=0.6124 p=0.1438
  Spearman(depth_idx, final_sat09): rho=0.0357 p=0.9394
  layer1_is_max=True  last>all-middle=True
  → 15/45 | elapsed=137s | ETA≈274s

────────────────────────────────────────────────────────────
Regime=super_2x  Depth=3  Seed=0
────────────────────────────────────────────────────────────
  Empirical n·σ² per layer: [2.0051, 2.0029, 1.9983]
  Init CE    : 2.4958  (ln10=2.3026)
  Init S_l(>2): ['0.1466', '0.0482', '0.0263']
  Init sat09  : ['0.2801', '0.1472', '0.1019']
  Init Var(z) : ['1.9133', '1.0248', '0.8071']
  S_l order: strictly_dec=True, weakly_dec=True
  Epoch   1 | loss=0.3666 | sat09=['0.378', '0.216', '0.176']
  Epoch   5 | loss=0.0734 | sat09=['0.452', '0.234', '0.180']
  Epoch  10 | loss=0.0267 | sat09=['0.474', '0.236', '0.180']
  Epoch  15 | loss=0.0111 | sat09=['0.483', '0.235', '0.182']
  Epoch  20 | loss=0.0054 | sat09=['0.488', '0.235', '0.185']
  Epoch  25 | loss=0.0033 | sat09=['0.491', '0.235', '0.189']
  Final test_acc: 97.88%
  Final sat09  : ['0.4908', '0.2346', '0.1890']
  Layer rank by final sat09 (1=highest): [np.float64(1.0), np.float64(2.0), np.float64(3.0)]
  Spearman(init_S_l, final_sat09): rho=1.0000 p=0.0000
  Spearman(depth_idx, final_sat09): rho=-1.0000 p=0.0000
  layer1_is_max=True  last>all-middle=False
  → 16/45 | elapsed=143s | ETA≈260s

────────────────────────────────────────────────────────────
Regime=super_2x  Depth=3  Seed=1
────────────────────────────────────────────────────────────
  Empirical n·σ² per layer: [2.0072, 1.9994, 1.9902]
  Init CE    : 2.6388  (ln10=2.3026)
  Init S_l(>2): ['0.1654', '0.0492', '0.0249']
  Init sat09  : ['0.3026', '0.1491', '0.1003']
  Init Var(z) : ['2.1225', '1.0310', '0.7978']
  S_l order: strictly_dec=True, weakly_dec=True
  Epoch   1 | loss=0.3791 | sat09=['0.400', '0.208', '0.163']
  Epoch   5 | loss=0.0719 | sat09=['0.465', '0.219', '0.164']
  Epoch  10 | loss=0.0249 | sat09=['0.483', '0.219', '0.165']
  Epoch  15 | loss=0.0097 | sat09=['0.491', '0.219', '0.170']
  Epoch  20 | loss=0.0048 | sat09=['0.495', '0.218', '0.174']
  Epoch  25 | loss=0.0029 | sat09=['0.498', '0.218', '0.178']
  Final test_acc: 97.76%
  Final sat09  : ['0.4978', '0.2182', '0.1781']
  Layer rank by final sat09 (1=highest): [np.float64(1.0), np.float64(2.0), np.float64(3.0)]
  Spearman(init_S_l, final_sat09): rho=1.0000 p=0.0000
  Spearman(depth_idx, final_sat09): rho=-1.0000 p=0.0000
  layer1_is_max=True  last>all-middle=False
  → 17/45 | elapsed=149s | ETA≈246s

────────────────────────────────────────────────────────────
Regime=super_2x  Depth=3  Seed=2
────────────────────────────────────────────────────────────
  Empirical n·σ² per layer: [1.9898, 2.009, 1.9789]
  Init CE    : 2.6515  (ln10=2.3026)
  Init S_l(>2): ['0.1437', '0.0533', '0.0246']
  Init sat09  : ['0.2769', '0.1525', '0.0956']
  Init Var(z) : ['1.8969', '1.0590', '0.7803']
  S_l order: strictly_dec=True, weakly_dec=True
  Epoch   1 | loss=0.3811 | sat09=['0.373', '0.221', '0.167']
  Epoch   5 | loss=0.0750 | sat09=['0.444', '0.240', '0.169']
  Epoch  10 | loss=0.0267 | sat09=['0.465', '0.240', '0.170']
  Epoch  15 | loss=0.0107 | sat09=['0.474', '0.239', '0.172']
  Epoch  20 | loss=0.0053 | sat09=['0.479', '0.238', '0.176']
  Epoch  25 | loss=0.0032 | sat09=['0.482', '0.238', '0.180']
  Final test_acc: 97.70%
  Final sat09  : ['0.4821', '0.2379', '0.1799']
  Layer rank by final sat09 (1=highest): [np.float64(1.0), np.float64(2.0), np.float64(3.0)]
  Spearman(init_S_l, final_sat09): rho=1.0000 p=0.0000
  Spearman(depth_idx, final_sat09): rho=-1.0000 p=0.0000
  layer1_is_max=True  last>all-middle=False
  → 18/45 | elapsed=156s | ETA≈233s

────────────────────────────────────────────────────────────
Regime=super_2x  Depth=3  Seed=3
────────────────────────────────────────────────────────────
  Empirical n·σ² per layer: [1.9966, 1.9876, 2.0089]
  Init CE    : 2.5224  (ln10=2.3026)
  Init S_l(>2): ['0.1562', '0.0530', '0.0268']
  Init sat09  : ['0.2942', '0.1575', '0.1002']
  Init Var(z) : ['2.0144', '1.0727', '0.7990']
  S_l order: strictly_dec=True, weakly_dec=True
  Epoch   1 | loss=0.3795 | sat09=['0.392', '0.219', '0.174']
  Epoch   5 | loss=0.0751 | sat09=['0.461', '0.231', '0.178']
  Epoch  10 | loss=0.0266 | sat09=['0.480', '0.233', '0.175']
  Epoch  15 | loss=0.0106 | sat09=['0.488', '0.231', '0.175']
  Epoch  20 | loss=0.0051 | sat09=['0.492', '0.231', '0.178']
  Epoch  25 | loss=0.0031 | sat09=['0.496', '0.231', '0.181']
  Final test_acc: 97.76%
  Final sat09  : ['0.4956', '0.2307', '0.1814']
  Layer rank by final sat09 (1=highest): [np.float64(1.0), np.float64(2.0), np.float64(3.0)]
  Spearman(init_S_l, final_sat09): rho=1.0000 p=0.0000
  Spearman(depth_idx, final_sat09): rho=-1.0000 p=0.0000
  layer1_is_max=True  last>all-middle=False
  → 19/45 | elapsed=162s | ETA≈221s

────────────────────────────────────────────────────────────
Regime=super_2x  Depth=3  Seed=4
────────────────────────────────────────────────────────────
  Empirical n·σ² per layer: [1.999, 1.9876, 1.9977]
  Init CE    : 2.6315  (ln10=2.3026)
  Init S_l(>2): ['0.1462', '0.0467', '0.0260']
  Init sat09  : ['0.2791', '0.1407', '0.1019']
  Init Var(z) : ['1.9534', '1.0042', '0.8101']
  S_l order: strictly_dec=True, weakly_dec=True
  Epoch   1 | loss=0.3761 | sat09=['0.383', '0.211', '0.167']
  Epoch   5 | loss=0.0732 | sat09=['0.450', '0.226', '0.168']
  Epoch  10 | loss=0.0265 | sat09=['0.472', '0.227', '0.169']
  Epoch  15 | loss=0.0104 | sat09=['0.481', '0.228', '0.171']
  Epoch  20 | loss=0.0051 | sat09=['0.485', '0.228', '0.176']
  Epoch  25 | loss=0.0031 | sat09=['0.488', '0.229', '0.179']
  Final test_acc: 97.76%
  Final sat09  : ['0.4878', '0.2289', '0.1787']
  Layer rank by final sat09 (1=highest): [np.float64(1.0), np.float64(2.0), np.float64(3.0)]
  Spearman(init_S_l, final_sat09): rho=1.0000 p=0.0000
  Spearman(depth_idx, final_sat09): rho=-1.0000 p=0.0000
  layer1_is_max=True  last>all-middle=False
  → 20/45 | elapsed=168s | ETA≈210s

────────────────────────────────────────────────────────────
Regime=super_2x  Depth=5  Seed=0
────────────────────────────────────────────────────────────
  Empirical n·σ² per layer: [2.0051, 2.0029, 1.9983, 2.0018, 1.9866]
  Init CE    : 2.4405  (ln10=2.3026)
  Init S_l(>2): ['0.1466', '0.0482', '0.0263', '0.0183', '0.0164']
  Init sat09  : ['0.2801', '0.1472', '0.1019', '0.0817', '0.0733']
  Init Var(z) : ['1.9133', '1.0248', '0.8071', '0.7157', '0.6743']
  S_l order: strictly_dec=True, weakly_dec=True
  Epoch   1 | loss=0.3402 | sat09=['0.378', '0.224', '0.157', '0.136', '0.135']
  Epoch   5 | loss=0.0469 | sat09=['0.432', '0.249', '0.162', '0.134', '0.146']
  Epoch  10 | loss=0.0091 | sat09=['0.445', '0.250', '0.156', '0.129', '0.163']
  Epoch  15 | loss=0.0029 | sat09=['0.447', '0.251', '0.155', '0.130', '0.176']
  Epoch  20 | loss=0.0015 | sat09=['0.449', '0.252', '0.155', '0.132', '0.187']
  Epoch  25 | loss=0.0010 | sat09=['0.451', '0.253', '0.155', '0.133', '0.194']
  Final test_acc: 97.57%
  Final sat09  : ['0.4507', '0.2526', '0.1549', '0.1331', '0.1939']
  Layer rank by final sat09 (1=highest): [np.float64(1.0), np.float64(2.0), np.float64(4.0), np.float64(5.0), np.float64(3.0)]
  Spearman(init_S_l, final_sat09): rho=0.7000 p=0.1881
  Spearman(depth_idx, final_sat09): rho=-0.7000 p=0.1881
  layer1_is_max=True  last>all-middle=False
  → 21/45 | elapsed=176s | ETA≈201s

────────────────────────────────────────────────────────────
Regime=super_2x  Depth=5  Seed=1
────────────────────────────────────────────────────────────
  Empirical n·σ² per layer: [2.0072, 1.9994, 1.9902, 1.9939, 2.0089]
  Init CE    : 2.6026  (ln10=2.3026)
  Init S_l(>2): ['0.1654', '0.0492', '0.0249', '0.0193', '0.0160']
  Init sat09  : ['0.3026', '0.1491', '0.1003', '0.0837', '0.0739']
  Init Var(z) : ['2.1225', '1.0310', '0.7978', '0.7249', '0.6776']
  S_l order: strictly_dec=True, weakly_dec=True
  Epoch   1 | loss=0.3520 | sat09=['0.394', '0.216', '0.157', '0.136', '0.137']
  Epoch   5 | loss=0.0469 | sat09=['0.447', '0.235', '0.165', '0.132', '0.146']
  Epoch  10 | loss=0.0104 | sat09=['0.459', '0.237', '0.163', '0.130', '0.162']
  Epoch  15 | loss=0.0030 | sat09=['0.463', '0.237', '0.162', '0.130', '0.178']
  Epoch  20 | loss=0.0015 | sat09=['0.465', '0.238', '0.162', '0.131', '0.188']
  Epoch  25 | loss=0.0010 | sat09=['0.466', '0.239', '0.162', '0.132', '0.195']
  Final test_acc: 97.74%
  Final sat09  : ['0.4659', '0.2386', '0.1622', '0.1323', '0.1953']
  Layer rank by final sat09 (1=highest): [np.float64(1.0), np.float64(2.0), np.float64(4.0), np.float64(5.0), np.float64(3.0)]
  Spearman(init_S_l, final_sat09): rho=0.7000 p=0.1881
  Spearman(depth_idx, final_sat09): rho=-0.7000 p=0.1881
  layer1_is_max=True  last>all-middle=False
  → 22/45 | elapsed=183s | ETA≈192s

────────────────────────────────────────────────────────────
Regime=super_2x  Depth=5  Seed=2
────────────────────────────────────────────────────────────
  Empirical n·σ² per layer: [1.9898, 2.009, 1.9789, 1.9851, 1.9848]
  Init CE    : 2.5170  (ln10=2.3026)
  Init S_l(>2): ['0.1437', '0.0533', '0.0246', '0.0163', '0.0136']
  Init sat09  : ['0.2769', '0.1525', '0.0956', '0.0771', '0.0684']
  Init Var(z) : ['1.8969', '1.0590', '0.7803', '0.6922', '0.6552']
  S_l order: strictly_dec=True, weakly_dec=True
  Epoch   1 | loss=0.3435 | sat09=['0.373', '0.224', '0.150', '0.137', '0.142']
  Epoch   5 | loss=0.0486 | sat09=['0.428', '0.251', '0.157', '0.137', '0.152']
  Epoch  10 | loss=0.0100 | sat09=['0.439', '0.253', '0.154', '0.134', '0.169']
  Epoch  15 | loss=0.0031 | sat09=['0.442', '0.254', '0.153', '0.134', '0.181']
  Epoch  20 | loss=0.0016 | sat09=['0.444', '0.254', '0.153', '0.135', '0.191']
  Epoch  25 | loss=0.0010 | sat09=['0.445', '0.255', '0.153', '0.136', '0.199']
  Final test_acc: 97.63%
  Final sat09  : ['0.4452', '0.2547', '0.1528', '0.1365', '0.1986']
  Layer rank by final sat09 (1=highest): [np.float64(1.0), np.float64(2.0), np.float64(4.0), np.float64(5.0), np.float64(3.0)]
  Spearman(init_S_l, final_sat09): rho=0.7000 p=0.1881
  Spearman(depth_idx, final_sat09): rho=-0.7000 p=0.1881
  layer1_is_max=True  last>all-middle=False
  → 23/45 | elapsed=191s | ETA≈183s

────────────────────────────────────────────────────────────
Regime=super_2x  Depth=5  Seed=3
────────────────────────────────────────────────────────────
  Empirical n·σ² per layer: [1.9966, 1.9876, 2.0089, 1.9935, 2.0011]
  Init CE    : 2.6001  (ln10=2.3026)
  Init S_l(>2): ['0.1562', '0.0530', '0.0268', '0.0172', '0.0128']
  Init sat09  : ['0.2942', '0.1575', '0.1002', '0.0791', '0.0676']
  Init Var(z) : ['2.0144', '1.0727', '0.7990', '0.7038', '0.6488']
  S_l order: strictly_dec=True, weakly_dec=True
  Epoch   1 | loss=0.3570 | sat09=['0.394', '0.207', '0.155', '0.132', '0.141']
  Epoch   5 | loss=0.0462 | sat09=['0.446', '0.225', '0.157', '0.126', '0.150']
  Epoch  10 | loss=0.0090 | sat09=['0.458', '0.229', '0.153', '0.125', '0.166']
  Epoch  15 | loss=0.0027 | sat09=['0.461', '0.230', '0.152', '0.126', '0.180']
  Epoch  20 | loss=0.0014 | sat09=['0.463', '0.230', '0.151', '0.127', '0.189']
  Epoch  25 | loss=0.0010 | sat09=['0.464', '0.231', '0.152', '0.128', '0.196']
  Final test_acc: 97.53%
  Final sat09  : ['0.4640', '0.2305', '0.1515', '0.1283', '0.1964']
  Layer rank by final sat09 (1=highest): [np.float64(1.0), np.float64(2.0), np.float64(4.0), np.float64(5.0), np.float64(3.0)]
  Spearman(init_S_l, final_sat09): rho=0.7000 p=0.1881
  Spearman(depth_idx, final_sat09): rho=-0.7000 p=0.1881
  layer1_is_max=True  last>all-middle=False
  → 24/45 | elapsed=199s | ETA≈174s

────────────────────────────────────────────────────────────
Regime=super_2x  Depth=5  Seed=4
────────────────────────────────────────────────────────────
  Empirical n·σ² per layer: [1.999, 1.9876, 1.9977, 2.0093, 1.997]
  Init CE    : 2.5314  (ln10=2.3026)
  Init S_l(>2): ['0.1462', '0.0467', '0.0260', '0.0171', '0.0148']
  Init sat09  : ['0.2791', '0.1407', '0.1019', '0.0776', '0.0719']
  Init Var(z) : ['1.9534', '1.0042', '0.8101', '0.6935', '0.6724']
  S_l order: strictly_dec=True, weakly_dec=True
  Epoch   1 | loss=0.3470 | sat09=['0.388', '0.223', '0.163', '0.140', '0.141']
  Epoch   5 | loss=0.0459 | sat09=['0.440', '0.244', '0.171', '0.137', '0.150']
  Epoch  10 | loss=0.0095 | sat09=['0.452', '0.247', '0.170', '0.137', '0.166']
  Epoch  15 | loss=0.0030 | sat09=['0.455', '0.248', '0.169', '0.137', '0.180']
  Epoch  20 | loss=0.0016 | sat09=['0.457', '0.248', '0.169', '0.140', '0.190']
  Epoch  25 | loss=0.0011 | sat09=['0.458', '0.248', '0.169', '0.140', '0.196']
  Final test_acc: 97.68%
  Final sat09  : ['0.4585', '0.2482', '0.1694', '0.1405', '0.1962']
  Layer rank by final sat09 (1=highest): [np.float64(1.0), np.float64(2.0), np.float64(4.0), np.float64(5.0), np.float64(3.0)]
  Spearman(init_S_l, final_sat09): rho=0.7000 p=0.1881
  Spearman(depth_idx, final_sat09): rho=-0.7000 p=0.1881
  layer1_is_max=True  last>all-middle=False
  → 25/45 | elapsed=207s | ETA≈165s

────────────────────────────────────────────────────────────
Regime=super_2x  Depth=7  Seed=0
────────────────────────────────────────────────────────────
  Empirical n·σ² per layer: [2.0051, 2.0029, 1.9983, 2.0018, 1.9866, 1.9931, 2.0138]
  Init CE    : 2.5049  (ln10=2.3026)
  Init S_l(>2): ['0.1466', '0.0482', '0.0263', '0.0183', '0.0164', '0.0129', '0.0112']
  Init sat09  : ['0.2801', '0.1472', '0.1019', '0.0817', '0.0733', '0.0676', '0.0611']
  Init Var(z) : ['1.9133', '1.0248', '0.8071', '0.7157', '0.6743', '0.6476', '0.6190']
  S_l order: strictly_dec=True, weakly_dec=True
  Epoch   1 | loss=0.3224 | sat09=['0.381', '0.230', '0.169', '0.154', '0.123', '0.119', '0.136']
  Epoch   5 | loss=0.0328 | sat09=['0.419', '0.248', '0.184', '0.161', '0.119', '0.116', '0.155']
  Epoch  10 | loss=0.0044 | sat09=['0.428', '0.248', '0.184', '0.161', '0.117', '0.121', '0.182']
  Epoch  15 | loss=0.0014 | sat09=['0.430', '0.249', '0.184', '0.161', '0.117', '0.124', '0.196']
  Epoch  20 | loss=0.0008 | sat09=['0.431', '0.250', '0.185', '0.161', '0.118', '0.127', '0.206']
  Epoch  25 | loss=0.0006 | sat09=['0.431', '0.250', '0.185', '0.162', '0.118', '0.130', '0.213']
  Final test_acc: 97.53%
  Final sat09  : ['0.4314', '0.2497', '0.1847', '0.1618', '0.1181', '0.1300', '0.2131']
  Layer rank by final sat09 (1=highest): [np.float64(1.0), np.float64(2.0), np.float64(4.0), np.float64(5.0), np.float64(7.0), np.float64(6.0), np.float64(3.0)]
  Spearman(init_S_l, final_sat09): rho=0.6071 p=0.1482
  Spearman(depth_idx, final_sat09): rho=-0.6071 p=0.1482
  layer1_is_max=True  last>all-middle=False
  → 26/45 | elapsed=216s | ETA≈158s

────────────────────────────────────────────────────────────
Regime=super_2x  Depth=7  Seed=1
────────────────────────────────────────────────────────────
  Empirical n·σ² per layer: [2.0072, 1.9994, 1.9902, 1.9939, 2.0089, 2.0201, 2.0024]
  Init CE    : 2.7717  (ln10=2.3026)
  Init S_l(>2): ['0.1654', '0.0492', '0.0249', '0.0193', '0.0160', '0.0130', '0.0124']
  Init sat09  : ['0.3026', '0.1491', '0.1003', '0.0837', '0.0739', '0.0677', '0.0672']
  Init Var(z) : ['2.1225', '1.0310', '0.7978', '0.7249', '0.6776', '0.6478', '0.6472']
  S_l order: strictly_dec=True, weakly_dec=True
  Epoch   1 | loss=0.3351 | sat09=['0.397', '0.224', '0.151', '0.126', '0.123', '0.127', '0.135']
  Epoch   5 | loss=0.0327 | sat09=['0.432', '0.245', '0.165', '0.130', '0.126', '0.128', '0.150']
  Epoch  10 | loss=0.0041 | sat09=['0.438', '0.245', '0.166', '0.130', '0.124', '0.131', '0.174']
  Epoch  15 | loss=0.0014 | sat09=['0.441', '0.246', '0.166', '0.129', '0.124', '0.135', '0.188']
  Epoch  20 | loss=0.0008 | sat09=['0.442', '0.247', '0.166', '0.129', '0.124', '0.137', '0.197']
  Epoch  25 | loss=0.0005 | sat09=['0.443', '0.247', '0.167', '0.130', '0.125', '0.140', '0.203']
  Final test_acc: 97.46%
  Final sat09  : ['0.4432', '0.2472', '0.1667', '0.1299', '0.1250', '0.1398', '0.2034']
  Layer rank by final sat09 (1=highest): [np.float64(1.0), np.float64(2.0), np.float64(4.0), np.float64(6.0), np.float64(7.0), np.float64(5.0), np.float64(3.0)]
  Spearman(init_S_l, final_sat09): rho=0.5357 p=0.2152
  Spearman(depth_idx, final_sat09): rho=-0.5357 p=0.2152
  layer1_is_max=True  last>all-middle=False
  → 27/45 | elapsed=226s | ETA≈151s

────────────────────────────────────────────────────────────
Regime=super_2x  Depth=7  Seed=2
────────────────────────────────────────────────────────────
  Empirical n·σ² per layer: [1.9898, 2.009, 1.9789, 1.9851, 1.9848, 2.0205, 1.9966]
  Init CE    : 2.4169  (ln10=2.3026)
  Init S_l(>2): ['0.1437', '0.0533', '0.0246', '0.0163', '0.0136', '0.0138', '0.0126']
  Init sat09  : ['0.2769', '0.1525', '0.0956', '0.0771', '0.0684', '0.0688', '0.0652']
  Init Var(z) : ['1.8969', '1.0590', '0.7803', '0.6922', '0.6552', '0.6522', '0.6384']
  S_l order: strictly_dec=False, weakly_dec=False
  Epoch   1 | loss=0.3275 | sat09=['0.376', '0.220', '0.153', '0.134', '0.129', '0.130', '0.141']
  Epoch   5 | loss=0.0335 | sat09=['0.419', '0.239', '0.163', '0.136', '0.123', '0.126', '0.161']
  Epoch  10 | loss=0.0037 | sat09=['0.427', '0.240', '0.164', '0.134', '0.119', '0.130', '0.188']
  Epoch  15 | loss=0.0013 | sat09=['0.429', '0.240', '0.164', '0.134', '0.119', '0.135', '0.204']
  Epoch  20 | loss=0.0008 | sat09=['0.430', '0.241', '0.164', '0.133', '0.120', '0.138', '0.214']
  Epoch  25 | loss=0.0005 | sat09=['0.431', '0.241', '0.164', '0.134', '0.121', '0.141', '0.221']
  Final test_acc: 97.61%
  Final sat09  : ['0.4314', '0.2409', '0.1641', '0.1339', '0.1206', '0.1408', '0.2214']
  Layer rank by final sat09 (1=highest): [np.float64(1.0), np.float64(2.0), np.float64(4.0), np.float64(6.0), np.float64(7.0), np.float64(5.0), np.float64(3.0)]
  Spearman(init_S_l, final_sat09): rho=0.6071 p=0.1482
  Spearman(depth_idx, final_sat09): rho=-0.5357 p=0.2152
  layer1_is_max=True  last>all-middle=False
  → 28/45 | elapsed=235s | ETA≈143s

────────────────────────────────────────────────────────────
Regime=super_2x  Depth=7  Seed=3
────────────────────────────────────────────────────────────
  Empirical n·σ² per layer: [1.9966, 1.9876, 2.0089, 1.9935, 2.0011, 2.0082, 2.0022]
  Init CE    : 2.4624  (ln10=2.3026)
  Init S_l(>2): ['0.1562', '0.0530', '0.0268', '0.0172', '0.0128', '0.0124', '0.0137']
  Init sat09  : ['0.2942', '0.1575', '0.1002', '0.0791', '0.0676', '0.0656', '0.0683']
  Init Var(z) : ['2.0144', '1.0727', '0.7990', '0.7038', '0.6488', '0.6351', '0.6517']
  S_l order: strictly_dec=False, weakly_dec=False
  Epoch   1 | loss=0.3260 | sat09=['0.399', '0.229', '0.162', '0.144', '0.132', '0.124', '0.145']
  Epoch   5 | loss=0.0331 | sat09=['0.432', '0.250', '0.179', '0.148', '0.126', '0.121', '0.161']
  Epoch  10 | loss=0.0042 | sat09=['0.438', '0.252', '0.178', '0.146', '0.123', '0.123', '0.188']
  Epoch  15 | loss=0.0014 | sat09=['0.439', '0.253', '0.178', '0.146', '0.123', '0.127', '0.205']
  Epoch  20 | loss=0.0008 | sat09=['0.440', '0.253', '0.179', '0.146', '0.124', '0.130', '0.215']
  Epoch  25 | loss=0.0005 | sat09=['0.441', '0.254', '0.180', '0.146', '0.124', '0.132', '0.222']
  Final test_acc: 97.63%
  Final sat09  : ['0.4408', '0.2536', '0.1795', '0.1465', '0.1239', '0.1319', '0.2220']
  Layer rank by final sat09 (1=highest): [np.float64(1.0), np.float64(2.0), np.float64(4.0), np.float64(5.0), np.float64(7.0), np.float64(6.0), np.float64(3.0)]
  Spearman(init_S_l, final_sat09): rho=0.8571 p=0.0137
  Spearman(depth_idx, final_sat09): rho=-0.6071 p=0.1482
  layer1_is_max=True  last>all-middle=False
  → 29/45 | elapsed=245s | ETA≈135s

────────────────────────────────────────────────────────────
Regime=super_2x  Depth=7  Seed=4
────────────────────────────────────────────────────────────
  Empirical n·σ² per layer: [1.999, 1.9876, 1.9977, 2.0093, 1.997, 2.006, 1.9965]
  Init CE    : 2.6553  (ln10=2.3026)
  Init S_l(>2): ['0.1462', '0.0467', '0.0260', '0.0171', '0.0148', '0.0130', '0.0155']
  Init sat09  : ['0.2791', '0.1407', '0.1019', '0.0776', '0.0719', '0.0687', '0.0741']
  Init Var(z) : ['1.9534', '1.0042', '0.8101', '0.6935', '0.6724', '0.6567', '0.6756']
  S_l order: strictly_dec=False, weakly_dec=False
  Epoch   1 | loss=0.3368 | sat09=['0.395', '0.223', '0.158', '0.135', '0.131', '0.126', '0.139']
  Epoch   5 | loss=0.0329 | sat09=['0.438', '0.244', '0.168', '0.138', '0.127', '0.126', '0.157']
  Epoch  10 | loss=0.0041 | sat09=['0.446', '0.244', '0.168', '0.135', '0.124', '0.130', '0.182']
  Epoch  15 | loss=0.0013 | sat09=['0.448', '0.246', '0.170', '0.135', '0.125', '0.134', '0.196']
  Epoch  20 | loss=0.0008 | sat09=['0.449', '0.247', '0.171', '0.135', '0.125', '0.137', '0.207']
  Epoch  25 | loss=0.0005 | sat09=['0.450', '0.247', '0.171', '0.135', '0.126', '0.139', '0.213']
  Final test_acc: 97.47%
  Final sat09  : ['0.4498', '0.2468', '0.1712', '0.1355', '0.1256', '0.1394', '0.2134']
  Layer rank by final sat09 (1=highest): [np.float64(1.0), np.float64(2.0), np.float64(4.0), np.float64(6.0), np.float64(7.0), np.float64(5.0), np.float64(3.0)]
  Spearman(init_S_l, final_sat09): rho=0.7500 p=0.0522
  Spearman(depth_idx, final_sat09): rho=-0.5357 p=0.2152
  layer1_is_max=True  last>all-middle=False
  → 30/45 | elapsed=254s | ETA≈127s

────────────────────────────────────────────────────────────
Regime=super_4x  Depth=3  Seed=0
────────────────────────────────────────────────────────────
  Empirical n·σ² per layer: [4.0102, 4.0058, 3.9966]
  Init CE    : 2.6162  (ln10=2.3026)
  Init S_l(>2): ['0.2991', '0.2095', '0.1836']
  Init sat09  : ['0.4413', '0.3554', '0.3271']
  Init Var(z) : ['3.8265', '2.5209', '2.2616']
  S_l order: strictly_dec=True, weakly_dec=True
  Epoch   1 | loss=0.4050 | sat09=['0.519', '0.408', '0.384']
  Epoch   5 | loss=0.0773 | sat09=['0.561', '0.418', '0.385']
  Epoch  10 | loss=0.0282 | sat09=['0.572', '0.420', '0.382']
  Epoch  15 | loss=0.0125 | sat09=['0.576', '0.419', '0.382']
  Epoch  20 | loss=0.0067 | sat09=['0.579', '0.420', '0.383']
  Epoch  25 | loss=0.0042 | sat09=['0.580', '0.420', '0.384']
  Final test_acc: 97.07%
  Final sat09  : ['0.5802', '0.4199', '0.3843']
  Layer rank by final sat09 (1=highest): [np.float64(1.0), np.float64(2.0), np.float64(3.0)]
  Spearman(init_S_l, final_sat09): rho=1.0000 p=0.0000
  Spearman(depth_idx, final_sat09): rho=-1.0000 p=0.0000
  layer1_is_max=True  last>all-middle=False
  → 31/45 | elapsed=260s | ETA≈118s

────────────────────────────────────────────────────────────
Regime=super_4x  Depth=3  Seed=1
────────────────────────────────────────────────────────────
  Empirical n·σ² per layer: [4.0145, 3.9988, 3.9804]
  Init CE    : 2.7990  (ln10=2.3026)
  Init S_l(>2): ['0.3215', '0.2104', '0.1821']
  Init sat09  : ['0.4642', '0.3571', '0.3266']
  Init Var(z) : ['4.2450', '2.5143', '2.2244']
  S_l order: strictly_dec=True, weakly_dec=True
  Epoch   1 | loss=0.4203 | sat09=['0.539', '0.408', '0.371']
  Epoch   5 | loss=0.0773 | sat09=['0.575', '0.413', '0.367']
  Epoch  10 | loss=0.0268 | sat09=['0.584', '0.416', '0.365']
  Epoch  15 | loss=0.0111 | sat09=['0.587', '0.417', '0.366']
  Epoch  20 | loss=0.0058 | sat09=['0.590', '0.417', '0.367']
  Epoch  25 | loss=0.0037 | sat09=['0.591', '0.418', '0.369']
  Final test_acc: 97.35%
  Final sat09  : ['0.5913', '0.4175', '0.3686']
  Layer rank by final sat09 (1=highest): [np.float64(1.0), np.float64(2.0), np.float64(3.0)]
  Spearman(init_S_l, final_sat09): rho=1.0000 p=0.0000
  Spearman(depth_idx, final_sat09): rho=-1.0000 p=0.0000
  layer1_is_max=True  last>all-middle=False
  → 32/45 | elapsed=267s | ETA≈108s

────────────────────────────────────────────────────────────
Regime=super_4x  Depth=3  Seed=2
────────────────────────────────────────────────────────────
  Empirical n·σ² per layer: [3.9796, 4.018, 3.9578]
  Init CE    : 2.8330  (ln10=2.3026)
  Init S_l(>2): ['0.2958', '0.2151', '0.1760']
  Init sat09  : ['0.4386', '0.3602', '0.3177']
  Init Var(z) : ['3.7939', '2.6068', '2.1907']
  S_l order: strictly_dec=True, weakly_dec=True
  Epoch   1 | loss=0.4223 | sat09=['0.514', '0.422', '0.369']
  Epoch   5 | loss=0.0786 | sat09=['0.555', '0.439', '0.365']
  Epoch  10 | loss=0.0274 | sat09=['0.567', '0.437', '0.362']
  Epoch  15 | loss=0.0115 | sat09=['0.570', '0.436', '0.363']
  Epoch  20 | loss=0.0061 | sat09=['0.573', '0.437', '0.365']
  Epoch  25 | loss=0.0039 | sat09=['0.575', '0.437', '0.367']
  Final test_acc: 97.09%
  Final sat09  : ['0.5748', '0.4375', '0.3668']
  Layer rank by final sat09 (1=highest): [np.float64(1.0), np.float64(2.0), np.float64(3.0)]
  Spearman(init_S_l, final_sat09): rho=1.0000 p=0.0000
  Spearman(depth_idx, final_sat09): rho=-1.0000 p=0.0000
  layer1_is_max=True  last>all-middle=False
  → 33/45 | elapsed=273s | ETA≈99s

────────────────────────────────────────────────────────────
Regime=super_4x  Depth=3  Seed=3
────────────────────────────────────────────────────────────
  Empirical n·σ² per layer: [3.9932, 3.9752, 4.0177]
  Init CE    : 2.6459  (ln10=2.3026)
  Init S_l(>2): ['0.3132', '0.2196', '0.1798']
  Init sat09  : ['0.4569', '0.3663', '0.3213']
  Init Var(z) : ['4.0287', '2.6158', '2.2271']
  S_l order: strictly_dec=True, weakly_dec=True
  Epoch   1 | loss=0.4204 | sat09=['0.528', '0.417', '0.379']
  Epoch   5 | loss=0.0786 | sat09=['0.567', '0.429', '0.378']
  Epoch  10 | loss=0.0277 | sat09=['0.578', '0.429', '0.374']
  Epoch  15 | loss=0.0114 | sat09=['0.582', '0.427', '0.373']
  Epoch  20 | loss=0.0060 | sat09=['0.584', '0.427', '0.374']
  Epoch  25 | loss=0.0038 | sat09=['0.586', '0.427', '0.375']
  Final test_acc: 97.14%
  Final sat09  : ['0.5859', '0.4272', '0.3753']
  Layer rank by final sat09 (1=highest): [np.float64(1.0), np.float64(2.0), np.float64(3.0)]
  Spearman(init_S_l, final_sat09): rho=1.0000 p=0.0000
  Spearman(depth_idx, final_sat09): rho=-1.0000 p=0.0000
  layer1_is_max=True  last>all-middle=False
  → 34/45 | elapsed=279s | ETA≈90s

────────────────────────────────────────────────────────────
Regime=super_4x  Depth=3  Seed=4
────────────────────────────────────────────────────────────
  Empirical n·σ² per layer: [3.9981, 3.9752, 3.9954]
  Init CE    : 2.7850  (ln10=2.3026)
  Init S_l(>2): ['0.2982', '0.2030', '0.1858']
  Init sat09  : ['0.4417', '0.3479', '0.3307']
  Init Var(z) : ['3.9068', '2.4705', '2.2835']
  S_l order: strictly_dec=True, weakly_dec=True
  Epoch   1 | loss=0.4184 | sat09=['0.523', '0.408', '0.376']
  Epoch   5 | loss=0.0771 | sat09=['0.563', '0.419', '0.377']
  Epoch  10 | loss=0.0277 | sat09=['0.574', '0.422', '0.376']
  Epoch  15 | loss=0.0117 | sat09=['0.578', '0.423', '0.376']
  Epoch  20 | loss=0.0062 | sat09=['0.580', '0.423', '0.377']
  Epoch  25 | loss=0.0039 | sat09=['0.582', '0.423', '0.379']
  Final test_acc: 97.33%
  Final sat09  : ['0.5819', '0.4234', '0.3788']
  Layer rank by final sat09 (1=highest): [np.float64(1.0), np.float64(2.0), np.float64(3.0)]
  Spearman(init_S_l, final_sat09): rho=1.0000 p=0.0000
  Spearman(depth_idx, final_sat09): rho=-1.0000 p=0.0000
  layer1_is_max=True  last>all-middle=False
  → 35/45 | elapsed=285s | ETA≈81s

────────────────────────────────────────────────────────────
Regime=super_4x  Depth=5  Seed=0
────────────────────────────────────────────────────────────
  Empirical n·σ² per layer: [4.0102, 4.0058, 3.9966, 4.0037, 3.9731]
  Init CE    : 2.5932  (ln10=2.3026)
  Init S_l(>2): ['0.2991', '0.2095', '0.1836', '0.1749', '0.1706']
  Init sat09  : ['0.4413', '0.3554', '0.3271', '0.3183', '0.3125']
  Init Var(z) : ['3.8265', '2.5209', '2.2616', '2.1783', '2.1458']
  S_l order: strictly_dec=True, weakly_dec=True
  Epoch   1 | loss=0.3967 | sat09=['0.521', '0.433', '0.394', '0.376', '0.367']
  Epoch   5 | loss=0.0473 | sat09=['0.548', '0.449', '0.399', '0.376', '0.374']
  Epoch  10 | loss=0.0094 | sat09=['0.553', '0.449', '0.396', '0.371', '0.380']
  Epoch  15 | loss=0.0037 | sat09=['0.555', '0.449', '0.396', '0.373', '0.385']
  Epoch  20 | loss=0.0021 | sat09=['0.557', '0.450', '0.396', '0.374', '0.390']
  Epoch  25 | loss=0.0014 | sat09=['0.557', '0.450', '0.397', '0.374', '0.394']
  Final test_acc: 96.67%
  Final sat09  : ['0.5572', '0.4499', '0.3967', '0.3744', '0.3937']
  Layer rank by final sat09 (1=highest): [np.float64(1.0), np.float64(2.0), np.float64(3.0), np.float64(5.0), np.float64(4.0)]
  Spearman(init_S_l, final_sat09): rho=0.9000 p=0.0374
  Spearman(depth_idx, final_sat09): rho=-0.9000 p=0.0374
  layer1_is_max=True  last>all-middle=False
  → 36/45 | elapsed=293s | ETA≈73s

────────────────────────────────────────────────────────────
Regime=super_4x  Depth=5  Seed=1
────────────────────────────────────────────────────────────
  Empirical n·σ² per layer: [4.0145, 3.9988, 3.9804, 3.9877, 4.0178]
  Init CE    : 2.7577  (ln10=2.3026)
  Init S_l(>2): ['0.3215', '0.2104', '0.1821', '0.1769', '0.1732']
  Init sat09  : ['0.4642', '0.3571', '0.3266', '0.3200', '0.3153']
  Init Var(z) : ['4.2450', '2.5143', '2.2244', '2.1990', '2.1628']
  S_l order: strictly_dec=True, weakly_dec=True
  Epoch   1 | loss=0.4138 | sat09=['0.545', '0.427', '0.389', '0.365', '0.370']
  Epoch   5 | loss=0.0475 | sat09=['0.569', '0.441', '0.394', '0.364', '0.375']
  Epoch  10 | loss=0.0102 | sat09=['0.575', '0.440', '0.395', '0.361', '0.380']
  Epoch  15 | loss=0.0038 | sat09=['0.577', '0.440', '0.394', '0.361', '0.385']
  Epoch  20 | loss=0.0021 | sat09=['0.577', '0.440', '0.395', '0.361', '0.389']
  Epoch  25 | loss=0.0014 | sat09=['0.578', '0.440', '0.395', '0.362', '0.392']
  Final test_acc: 96.80%
  Final sat09  : ['0.5781', '0.4401', '0.3955', '0.3619', '0.3921']
  Layer rank by final sat09 (1=highest): [np.float64(1.0), np.float64(2.0), np.float64(3.0), np.float64(5.0), np.float64(4.0)]
  Spearman(init_S_l, final_sat09): rho=0.9000 p=0.0374
  Spearman(depth_idx, final_sat09): rho=-0.9000 p=0.0374
  layer1_is_max=True  last>all-middle=False
  → 37/45 | elapsed=301s | ETA≈65s

────────────────────────────────────────────────────────────
Regime=super_4x  Depth=5  Seed=2
────────────────────────────────────────────────────────────
  Empirical n·σ² per layer: [3.9796, 4.018, 3.9578, 3.9702, 3.9696]
  Init CE    : 2.6836  (ln10=2.3026)
  Init S_l(>2): ['0.2958', '0.2151', '0.1760', '0.1698', '0.1689']
  Init sat09  : ['0.4386', '0.3602', '0.3177', '0.3121', '0.3111']
  Init Var(z) : ['3.7939', '2.6068', '2.1907', '2.1254', '2.1174']
  S_l order: strictly_dec=True, weakly_dec=True
  Epoch   1 | loss=0.4014 | sat09=['0.524', '0.434', '0.374', '0.371', '0.366']
  Epoch   5 | loss=0.0489 | sat09=['0.549', '0.448', '0.380', '0.373', '0.373']
  Epoch  10 | loss=0.0102 | sat09=['0.553', '0.448', '0.378', '0.370', '0.379']
  Epoch  15 | loss=0.0039 | sat09=['0.555', '0.449', '0.378', '0.369', '0.384']
  Epoch  20 | loss=0.0021 | sat09=['0.556', '0.450', '0.379', '0.370', '0.389']
  Epoch  25 | loss=0.0014 | sat09=['0.556', '0.450', '0.379', '0.370', '0.393']
  Final test_acc: 96.51%
  Final sat09  : ['0.5564', '0.4503', '0.3793', '0.3702', '0.3926']
  Layer rank by final sat09 (1=highest): [np.float64(1.0), np.float64(2.0), np.float64(4.0), np.float64(5.0), np.float64(3.0)]
  Spearman(init_S_l, final_sat09): rho=0.7000 p=0.1881
  Spearman(depth_idx, final_sat09): rho=-0.7000 p=0.1881
  layer1_is_max=True  last>all-middle=False
  → 38/45 | elapsed=308s | ETA≈57s

────────────────────────────────────────────────────────────
Regime=super_4x  Depth=5  Seed=3
────────────────────────────────────────────────────────────
  Empirical n·σ² per layer: [3.9932, 3.9752, 4.0177, 3.987, 4.0021]
  Init CE    : 2.7574  (ln10=2.3026)
  Init S_l(>2): ['0.3132', '0.2196', '0.1798', '0.1718', '0.1668']
  Init sat09  : ['0.4569', '0.3663', '0.3213', '0.3144', '0.3086']
  Init Var(z) : ['4.0287', '2.6158', '2.2271', '2.1457', '2.0933']
  S_l order: strictly_dec=True, weakly_dec=True
  Epoch   1 | loss=0.4171 | sat09=['0.541', '0.423', '0.384', '0.362', '0.364']
  Epoch   5 | loss=0.0462 | sat09=['0.567', '0.434', '0.389', '0.365', '0.370']
  Epoch  10 | loss=0.0088 | sat09=['0.574', '0.434', '0.386', '0.364', '0.376']
  Epoch  15 | loss=0.0034 | sat09=['0.575', '0.435', '0.387', '0.364', '0.383']
  Epoch  20 | loss=0.0020 | sat09=['0.576', '0.435', '0.388', '0.365', '0.388']
  Epoch  25 | loss=0.0013 | sat09=['0.577', '0.435', '0.388', '0.366', '0.391']
  Final test_acc: 96.79%
  Final sat09  : ['0.5767', '0.4352', '0.3882', '0.3661', '0.3911']
  Layer rank by final sat09 (1=highest): [np.float64(1.0), np.float64(2.0), np.float64(4.0), np.float64(5.0), np.float64(3.0)]
  Spearman(init_S_l, final_sat09): rho=0.7000 p=0.1881
  Spearman(depth_idx, final_sat09): rho=-0.7000 p=0.1881
  layer1_is_max=True  last>all-middle=False
  → 39/45 | elapsed=316s | ETA≈49s

────────────────────────────────────────────────────────────
Regime=super_4x  Depth=5  Seed=4
────────────────────────────────────────────────────────────
  Empirical n·σ² per layer: [3.9981, 3.9752, 3.9954, 4.0186, 3.994]
  Init CE    : 2.6838  (ln10=2.3026)
  Init S_l(>2): ['0.2982', '0.2030', '0.1858', '0.1695', '0.1730']
  Init sat09  : ['0.4417', '0.3479', '0.3307', '0.3107', '0.3167']
  Init Var(z) : ['3.9068', '2.4705', '2.2835', '2.1288', '2.1588']
  S_l order: strictly_dec=False, weakly_dec=False
  Epoch   1 | loss=0.4074 | sat09=['0.537', '0.432', '0.396', '0.367', '0.369']
  Epoch   5 | loss=0.0455 | sat09=['0.562', '0.444', '0.398', '0.364', '0.371']
  Epoch  10 | loss=0.0093 | sat09=['0.567', '0.445', '0.397', '0.362', '0.376']
  Epoch  15 | loss=0.0036 | sat09=['0.569', '0.446', '0.397', '0.362', '0.382']
  Epoch  20 | loss=0.0020 | sat09=['0.570', '0.447', '0.397', '0.363', '0.386']
  Epoch  25 | loss=0.0014 | sat09=['0.571', '0.447', '0.397', '0.364', '0.389']
  Final test_acc: 96.95%
  Final sat09  : ['0.5707', '0.4469', '0.3969', '0.3638', '0.3891']
  Layer rank by final sat09 (1=highest): [np.float64(1.0), np.float64(2.0), np.float64(3.0), np.float64(5.0), np.float64(4.0)]
  Spearman(init_S_l, final_sat09): rho=1.0000 p=0.0000
  Spearman(depth_idx, final_sat09): rho=-0.9000 p=0.0374
  layer1_is_max=True  last>all-middle=False
  → 40/45 | elapsed=324s | ETA≈41s

────────────────────────────────────────────────────────────
Regime=super_4x  Depth=7  Seed=0
────────────────────────────────────────────────────────────
  Empirical n·σ² per layer: [4.0102, 4.0058, 3.9966, 4.0037, 3.9731, 3.9863, 4.0276]
  Init CE    : 2.6597  (ln10=2.3026)
  Init S_l(>2): ['0.2991', '0.2095', '0.1836', '0.1749', '0.1706', '0.1717', '0.1680']
  Init sat09  : ['0.4413', '0.3554', '0.3271', '0.3183', '0.3125', '0.3141', '0.3104']
  Init Var(z) : ['3.8265', '2.5209', '2.2616', '2.1783', '2.1458', '2.1372', '2.1064']
  S_l order: strictly_dec=False, weakly_dec=False
  Epoch   1 | loss=0.4053 | sat09=['0.539', '0.446', '0.402', '0.405', '0.373', '0.366', '0.373']
  Epoch   5 | loss=0.0308 | sat09=['0.556', '0.454', '0.408', '0.408', '0.379', '0.370', '0.388']
  Epoch  10 | loss=0.0045 | sat09=['0.558', '0.456', '0.407', '0.409', '0.377', '0.371', '0.398']
  Epoch  15 | loss=0.0019 | sat09=['0.559', '0.455', '0.407', '0.409', '0.378', '0.374', '0.404']
  Epoch  20 | loss=0.0011 | sat09=['0.559', '0.456', '0.407', '0.410', '0.378', '0.375', '0.409']
  Epoch  25 | loss=0.0008 | sat09=['0.560', '0.456', '0.407', '0.410', '0.379', '0.377', '0.412']
  Final test_acc: 96.68%
  Final sat09  : ['0.5596', '0.4557', '0.4075', '0.4102', '0.3789', '0.3768', '0.4124']
  Layer rank by final sat09 (1=highest): [np.float64(1.0), np.float64(2.0), np.float64(5.0), np.float64(4.0), np.float64(6.0), np.float64(7.0), np.float64(3.0)]
  Spearman(init_S_l, final_sat09): rho=0.5714 p=0.1802
  Spearman(depth_idx, final_sat09): rho=-0.6071 p=0.1482
  layer1_is_max=True  last>all-middle=False
  → 41/45 | elapsed=334s | ETA≈33s

────────────────────────────────────────────────────────────
Regime=super_4x  Depth=7  Seed=1
────────────────────────────────────────────────────────────
  Empirical n·σ² per layer: [4.0145, 3.9988, 3.9804, 3.9877, 4.0178, 4.0402, 4.0049]
  Init CE    : 2.9498  (ln10=2.3026)
  Init S_l(>2): ['0.3215', '0.2104', '0.1821', '0.1769', '0.1732', '0.1714', '0.1740']
  Init sat09  : ['0.4642', '0.3571', '0.3266', '0.3200', '0.3153', '0.3134', '0.3175']
  Init Var(z) : ['4.2450', '2.5143', '2.2244', '2.1990', '2.1628', '2.1350', '2.1531']
  S_l order: strictly_dec=False, weakly_dec=False
  Epoch   1 | loss=0.4215 | sat09=['0.550', '0.439', '0.400', '0.379', '0.380', '0.370', '0.372']
  Epoch   5 | loss=0.0300 | sat09=['0.567', '0.450', '0.405', '0.385', '0.384', '0.371', '0.382']
  Epoch  10 | loss=0.0045 | sat09=['0.570', '0.451', '0.405', '0.385', '0.386', '0.375', '0.393']
  Epoch  15 | loss=0.0019 | sat09=['0.571', '0.452', '0.406', '0.386', '0.387', '0.377', '0.400']
  Epoch  20 | loss=0.0011 | sat09=['0.571', '0.452', '0.406', '0.386', '0.388', '0.379', '0.404']
  Epoch  25 | loss=0.0008 | sat09=['0.571', '0.452', '0.406', '0.387', '0.389', '0.381', '0.408']
  Final test_acc: 96.47%
  Final sat09  : ['0.5712', '0.4518', '0.4063', '0.3866', '0.3890', '0.3806', '0.4077']
  Layer rank by final sat09 (1=highest): [np.float64(1.0), np.float64(2.0), np.float64(4.0), np.float64(6.0), np.float64(5.0), np.float64(7.0), np.float64(3.0)]
  Spearman(init_S_l, final_sat09): rho=0.8214 p=0.0234
  Spearman(depth_idx, final_sat09): rho=-0.6071 p=0.1482
  layer1_is_max=True  last>all-middle=False
  → 42/45 | elapsed=343s | ETA≈24s

────────────────────────────────────────────────────────────
Regime=super_4x  Depth=7  Seed=2
────────────────────────────────────────────────────────────
  Empirical n·σ² per layer: [3.9796, 4.018, 3.9578, 3.9702, 3.9696, 4.041, 3.9932]
  Init CE    : 2.5637  (ln10=2.3026)
  Init S_l(>2): ['0.2958', '0.2151', '0.1760', '0.1698', '0.1689', '0.1752', '0.1712']
  Init sat09  : ['0.4386', '0.3602', '0.3177', '0.3121', '0.3111', '0.3175', '0.3136']
  Init Var(z) : ['3.7939', '2.6068', '2.1907', '2.1254', '2.1174', '2.1725', '2.1400']
  S_l order: strictly_dec=False, weakly_dec=False
  Epoch   1 | loss=0.4144 | sat09=['0.528', '0.434', '0.390', '0.387', '0.375', '0.373', '0.371']
  Epoch   5 | loss=0.0316 | sat09=['0.549', '0.445', '0.400', '0.394', '0.381', '0.376', '0.383']
  Epoch  10 | loss=0.0045 | sat09=['0.552', '0.445', '0.401', '0.393', '0.381', '0.377', '0.394']
  Epoch  15 | loss=0.0019 | sat09=['0.553', '0.446', '0.401', '0.395', '0.382', '0.379', '0.402']
  Epoch  20 | loss=0.0011 | sat09=['0.554', '0.446', '0.402', '0.395', '0.383', '0.381', '0.407']
  Epoch  25 | loss=0.0008 | sat09=['0.554', '0.446', '0.402', '0.395', '0.383', '0.382', '0.411']
  Final test_acc: 96.60%
  Final sat09  : ['0.5541', '0.4462', '0.4019', '0.3954', '0.3834', '0.3819', '0.4106']
  Layer rank by final sat09 (1=highest): [np.float64(1.0), np.float64(2.0), np.float64(4.0), np.float64(5.0), np.float64(6.0), np.float64(7.0), np.float64(3.0)]
  Spearman(init_S_l, final_sat09): rho=0.7143 p=0.0713
  Spearman(depth_idx, final_sat09): rho=-0.6429 p=0.1194
  layer1_is_max=True  last>all-middle=False
  → 43/45 | elapsed=352s | ETA≈16s

────────────────────────────────────────────────────────────
Regime=super_4x  Depth=7  Seed=3
────────────────────────────────────────────────────────────
  Empirical n·σ² per layer: [3.9932, 3.9752, 4.0177, 3.987, 4.0021, 4.0165, 4.0044]
  Init CE    : 2.6354  (ln10=2.3026)
  Init S_l(>2): ['0.3132', '0.2196', '0.1798', '0.1718', '0.1668', '0.1690', '0.1759']
  Init sat09  : ['0.4569', '0.3663', '0.3213', '0.3144', '0.3086', '0.3102', '0.3187']
  Init Var(z) : ['4.0287', '2.6158', '2.2271', '2.1457', '2.0933', '2.1149', '2.1852']
  S_l order: strictly_dec=False, weakly_dec=False
  Epoch   1 | loss=0.4090 | sat09=['0.543', '0.436', '0.405', '0.394', '0.389', '0.365', '0.387']
  Epoch   5 | loss=0.0298 | sat09=['0.562', '0.443', '0.410', '0.398', '0.395', '0.369', '0.394']
  Epoch  10 | loss=0.0042 | sat09=['0.564', '0.443', '0.409', '0.398', '0.395', '0.372', '0.407']
  Epoch  15 | loss=0.0018 | sat09=['0.565', '0.443', '0.410', '0.399', '0.396', '0.374', '0.414']
  Epoch  20 | loss=0.0011 | sat09=['0.566', '0.443', '0.410', '0.399', '0.396', '0.376', '0.418']
  Epoch  25 | loss=0.0008 | sat09=['0.566', '0.443', '0.411', '0.400', '0.397', '0.377', '0.421']
  Final test_acc: 96.41%
  Final sat09  : ['0.5659', '0.4431', '0.4106', '0.3998', '0.3971', '0.3774', '0.4211']
  Layer rank by final sat09 (1=highest): [np.float64(1.0), np.float64(2.0), np.float64(4.0), np.float64(5.0), np.float64(6.0), np.float64(7.0), np.float64(3.0)]
  Spearman(init_S_l, final_sat09): rho=0.9286 p=0.0025
  Spearman(depth_idx, final_sat09): rho=-0.6429 p=0.1194
  layer1_is_max=True  last>all-middle=False
  → 44/45 | elapsed=362s | ETA≈8s

────────────────────────────────────────────────────────────
Regime=super_4x  Depth=7  Seed=4
────────────────────────────────────────────────────────────
  Empirical n·σ² per layer: [3.9981, 3.9752, 3.9954, 4.0186, 3.994, 4.0119, 3.993]
  Init CE    : 2.8185  (ln10=2.3026)
  Init S_l(>2): ['0.2982', '0.2030', '0.1858', '0.1695', '0.1730', '0.1741', '0.1790']
  Init sat09  : ['0.4417', '0.3479', '0.3307', '0.3107', '0.3167', '0.3184', '0.3214']
  Init Var(z) : ['3.9068', '2.4705', '2.2835', '2.1288', '2.1588', '2.1659', '2.2188']
  S_l order: strictly_dec=False, weakly_dec=False
  Epoch   1 | loss=0.4236 | sat09=['0.553', '0.440', '0.402', '0.393', '0.379', '0.375', '0.377']
  Epoch   5 | loss=0.0306 | sat09=['0.568', '0.446', '0.406', '0.400', '0.385', '0.376', '0.389']
  Epoch  10 | loss=0.0045 | sat09=['0.572', '0.448', '0.406', '0.399', '0.383', '0.377', '0.399']
  Epoch  15 | loss=0.0019 | sat09=['0.572', '0.448', '0.406', '0.399', '0.384', '0.379', '0.405']
  Epoch  20 | loss=0.0011 | sat09=['0.573', '0.448', '0.407', '0.400', '0.385', '0.381', '0.409']
  Epoch  25 | loss=0.0008 | sat09=['0.573', '0.448', '0.407', '0.400', '0.386', '0.383', '0.412']
  Final test_acc: 96.28%
  Final sat09  : ['0.5733', '0.4484', '0.4068', '0.3998', '0.3857', '0.3825', '0.4124']
  Layer rank by final sat09 (1=highest): [np.float64(1.0), np.float64(2.0), np.float64(4.0), np.float64(5.0), np.float64(6.0), np.float64(7.0), np.float64(3.0)]
  Spearman(init_S_l, final_sat09): rho=0.8214 p=0.0234
  Spearman(depth_idx, final_sat09): rho=-0.6429 p=0.1194
  layer1_is_max=True  last>all-middle=False
  → 45/45 | elapsed=371s | ETA≈0s

=================================================================
AGGREGATED RESULTS
=================================================================

standard_d3:
  mean_init_S_l      = ['0.0012', '0.0000', '0.0000']
  mean_final_sat09   = ['0.3958', '0.0102', '0.0201']
  layer_rank(1=max)  = [1.0, 3.0, 2.0]
  Spearman(S_l,sat09)     mean=0.866  95%CI=[0.866, 0.866]
  Spearman(depth,sat09)   mean=-0.5  95%CI=[-0.5, -0.5]
  layer1_is_max       = 5/5 (100%)
  last_layer>all_mid  = 5/5

standard_d5:
  mean_init_S_l      = ['0.0012', '0.0000', '0.0000', '0.0000', '0.0000']
  mean_final_sat09   = ['0.3797', '0.0081', '0.0005', '0.0082', '0.0835']
  layer_rank(1=max)  = [1.0, 3.6, 5.0, 3.4, 2.0]
  Spearman(S_l,sat09)     mean=0.7071  95%CI=[0.7071, 0.7071]
  Spearman(depth,sat09)   mean=-0.18  95%CI=[-0.26, -0.1]
  layer1_is_max       = 5/5 (100%)
  last_layer>all_mid  = 5/5

standard_d7:
  mean_init_S_l      = ['0.0012', '0.0000', '0.0000', '0.0000', '0.0000', '0.0000', '0.0000']
  mean_final_sat09   = ['0.3930', '0.0075', '0.0001', '0.0004', '0.0046', '0.0342', '0.1259']
  layer_rank(1=max)  = [1.0, 4.0, 7.0, 6.0, 5.0, 3.0, 2.0]
  Spearman(S_l,sat09)     mean=0.6124  95%CI=[0.6124, 0.6124]
  Spearman(depth,sat09)   mean=0.0357  95%CI=[0.0357, 0.0357]
  layer1_is_max       = 5/5 (100%)
  last_layer>all_mid  = 5/5

super_2x_d3:
  mean_init_S_l      = ['0.1516', '0.0501', '0.0257']
  mean_final_sat09   = ['0.4908', '0.2301', '0.1814']
  layer_rank(1=max)  = [1.0, 2.0, 3.0]
  Spearman(S_l,sat09)     mean=1.0  95%CI=[1.0, 1.0]
  Spearman(depth,sat09)   mean=-1.0  95%CI=[-1.0, -1.0]
  layer1_is_max       = 5/5 (100%)
  last_layer>all_mid  = 0/5

super_2x_d5:
  mean_init_S_l      = ['0.1516', '0.0501', '0.0257', '0.0176', '0.0147']
  mean_final_sat09   = ['0.4569', '0.2449', '0.1582', '0.1341', '0.1961']
  layer_rank(1=max)  = [1.0, 2.0, 4.0, 5.0, 3.0]
  Spearman(S_l,sat09)     mean=0.7  95%CI=[0.7, 0.7]
  Spearman(depth,sat09)   mean=-0.7  95%CI=[-0.7, -0.7]
  layer1_is_max       = 5/5 (100%)
  last_layer>all_mid  = 0/5

super_2x_d7:
  mean_init_S_l      = ['0.1516', '0.0501', '0.0257', '0.0176', '0.0147', '0.0130', '0.0131']
  mean_final_sat09   = ['0.4393', '0.2477', '0.1732', '0.1415', '0.1226', '0.1364', '0.2147']
  layer_rank(1=max)  = [1.0, 2.0, 4.0, 5.6, 7.0, 5.4, 3.0]
  Spearman(S_l,sat09)     mean=0.6714  95%CI=[0.5786, 0.7714]
  Spearman(depth,sat09)   mean=-0.5643  95%CI=[-0.5929, -0.5357]
  layer1_is_max       = 5/5 (100%)
  last_layer>all_mid  = 0/5

super_4x_d3:
  mean_init_S_l      = ['0.3056', '0.2115', '0.1815']
  mean_final_sat09   = ['0.5828', '0.4251', '0.3748']
  layer_rank(1=max)  = [1.0, 2.0, 3.0]
  Spearman(S_l,sat09)     mean=1.0  95%CI=[1.0, 1.0]
  Spearman(depth,sat09)   mean=-1.0  95%CI=[-1.0, -1.0]
  layer1_is_max       = 5/5 (100%)
  last_layer>all_mid  = 0/5

super_4x_d5:
  mean_init_S_l      = ['0.3056', '0.2115', '0.1815', '0.1726', '0.1705']
  mean_final_sat09   = ['0.5678', '0.4445', '0.3913', '0.3673', '0.3917']
  layer_rank(1=max)  = [1.0, 2.0, 3.4, 5.0, 3.6]
  Spearman(S_l,sat09)     mean=0.84  95%CI=[0.74, 0.94]
  Spearman(depth,sat09)   mean=-0.82  95%CI=[-0.9, -0.74]
  layer1_is_max       = 5/5 (100%)
  last_layer>all_mid  = 0/5

super_4x_d7:
  mean_init_S_l      = ['0.3056', '0.2115', '0.1815', '0.1726', '0.1705', '0.1723', '0.1736']
  mean_final_sat09   = ['0.5648', '0.4490', '0.4066', '0.3983', '0.3868', '0.3798', '0.4128']
  layer_rank(1=max)  = [1.0, 2.0, 4.2, 5.0, 5.8, 7.0, 3.0]
  Spearman(S_l,sat09)     mean=0.7714  95%CI=[0.6714, 0.8643]
  Spearman(depth,sat09)   mean=-0.6286  95%CI=[-0.6429, -0.6143]
  layer1_is_max       = 5/5 (100%)
  last_layer>all_mid  = 0/5

=================================================================
REVERSAL HYPOTHESIS TEST
=================================================================

  depth_3:
    standard  Spearman(S_l,sat09)=0.866  Spearman(depth,sat09)=-0.5
    super_2x  Spearman(S_l,sat09)=1.0  sign_reversal=False
    super_4x  Spearman(S_l,sat09)=1.0  sign_reversal=False
    layer1_is_max (std/2x/4x): 1.0 / 1.0 / 1.0

  depth_5:
    standard  Spearman(S_l,sat09)=0.7071  Spearman(depth,sat09)=-0.18
    super_2x  Spearman(S_l,sat09)=0.7  sign_reversal=False
    super_4x  Spearman(S_l,sat09)=0.84  sign_reversal=False
    layer1_is_max (std/2x/4x): 1.0 / 1.0 / 1.0

  depth_7:
    standard  Spearman(S_l,sat09)=0.6124  Spearman(depth,sat09)=0.0357
    super_2x  Spearman(S_l,sat09)=0.6714  sign_reversal=False
    super_4x  Spearman(S_l,sat09)=0.7714  sign_reversal=False
    layer1_is_max (std/2x/4x): 1.0 / 1.0 / 1.0

=================================================================
VERDICT
=================================================================
  any_sign_reversal:              False
  reversal_in_ALL_depths:         False
  layer1_first_everywhere (std):  True

  REVERSAL VERDICT: NO REVERSAL: layer-1-first ordering persists in all regimes; Spearman(S_l, sat09) stays POSITIVE everywhere. Standard and super-standard both show layer 1 as max-saturation layer.

Results written → /workspace/results/increase_complexity-03/RESULTS.json
Total elapsed: 374.7s | any_diverged=False | sanity_ok=True

{
  "status": "SUCCESS",
  "scale": "full",
  "metrics": {
    "primary_metric": "Spearman(init_S_l, final_sat_frac_|tanh|>0.9) per (regime, depth), mean \u00b1 95% bootstrap CI over 5 seeds",
    "sat_threshold_final": "|tanh(z)| > 0.9  \u27fa  |z| > 1.4722",
    "init_sl_threshold": "|z| > 2.0",
    "summary_table": [
      {
        "config": "standard_d3",
        "regime": "standard",
        "depth": 3,
        "n_seeds": 5,
        "spearman_sl_mean": 0.866,
        "spearman_sl_ci95_lo": 0.866,
        "spearman_sl_ci95_hi": 0.866,
        "spearman_depth_mean": -0.5,
        "spearman_depth_ci95": [
          -0.5,
          -0.5
        ],
        "layer1_is_max_frac": 1.0
      },
      {
        "config": "standard_d5",
        "regime": "standard",
        "depth": 5,
        "n_seeds": 5,
        "spearman_sl_mean": 0.7071,
        "spearman_sl_ci95_lo": 0.7071,
        "spearman_sl_ci95_hi": 0.7071,
        "spearman_depth_mean": -0.18,
        "spearman_depth_ci95": [
          -0.26,
          -0.1
        ],
        "layer1_is_max_frac": 1.0
      },
      {
        "config": "standard_d7",
        "regime": "standard",
        "depth": 7,
        "n_seeds": 5,
        "spearman_sl_mean": 0.6124,
        "spearman_sl_ci95_lo": 0.6124,
        "spearman_sl_ci95_hi": 0.6124,
        "spearman_depth_mean": 0.0357,
        "spearman_depth_ci95": [
          0.0357,
          0.0357
        ],
        "layer1_is_max_frac": 1.0
      },
      {
        "config": "super_2x_d3",
        "regime": "super_2x",
        "depth": 3,
        "n_seeds": 5,
        "spearman_sl_mean": 1.0,
        "spearman_sl_ci95_lo": 1.0,
        "spearman_sl_ci95_hi": 1.0,
        "spearman_depth_mean": -1.0,
        "spearman_depth_ci95": [
          -1.0,
          -1.0
        ],
        "layer1_is_max_frac": 1.0
      },
      {
        "config": "super_2x_d5",
        "regime": "super_2x",
        "depth": 5,
        "n_seeds": 5,
        "spearman_sl_mean": 0.7,
        "spearman_sl_ci95_lo": 0.7,
        "spearman_sl_ci95_hi": 0.7,
        "spearman_depth_mean": -0.7,
        "spearman_depth_ci95": [
          -0.7,
          -0.7
        ],
        "layer1_is_max_frac": 1.0
      },
      {
        "config": "super_2x_d7",
        "regime": "super_2x",
        "depth": 7,
        "n_seeds": 5,
        "spearman_sl_mean": 0.6714,
        "spearman_sl_ci95_lo": 0.5786,
        "spearman_sl_ci95_hi": 0.7714,
        "spearman_depth_mean": -0.5643,
        "spearman_depth_ci95": [
          -0.5929,
          -0.5357
        ],
        "layer1_is_max_frac": 1.0
      },
      {
        "config": "super_4x_d3",
        "regime": "super_4x",
        "depth": 3,
        "n_seeds": 5,
        "spearman_sl_mean": 1.0,
        "spearman_sl_ci95_lo": 1.0,
        "spearman_sl_ci95_hi": 1.0,
        "spearman_depth_mean": -1.0,
        "spearman_depth_ci95": [
          -1.0,
          -1.0
        ],
        "layer1_is_max_frac": 1.0
      },
      {
        "config": "super_4x_d5",
        "regime": "super_4x",
        "depth": 5,
        "n_seeds": 5,
        "spearman_sl_mean": 0.84,
        "spearman_sl_ci95_lo": 0.74,
        "spearman_sl_ci95_hi": 0.94,
        "spearman_depth_mean": -0.82,
        "spearman_depth_ci95": [
          -0.9,
          -0.74
        ],
        "layer1_is_max_frac": 1.0
      },
      {
        "config": "super_4x_d7",
        "regime": "super_4x",
        "depth": 7,
        "n_seeds": 5,
        "spearman_sl_mean": 0.7714,
        "spearman_sl_ci95_lo": 0.6714,
        "spearman_sl_ci95_hi": 0.8643,
        "spearman_depth_mean": -0.6286,
        "spearman_depth_ci95": [
          -0.6429,
          -0.6143
        ],
        "layer1_is_max_frac": 1.0
      }
    ],
    "per_config": {
      "standard_d3": {
        "regime": "standard",
        "depth": 3,
        "n_seeds": 5,
        "spearman_sl_per_seed": [
          0.8660254037844387,
          0.8660254037844387,
          0.8660254037844387,
          0.8660254037844387,
          0.8660254037844387
        ],
        "spearman_sl_mean": 0.866,
        "spearman_sl_ci95": [
          0.866,
          0.866
        ],
        "spearman_depth_per_seed": [
          -0.5,
          -0.5,
          -0.5,
          -0.5,
          -0.5
        ],
        "spearman_depth_mean": -0.5,
        "spearman_depth_ci95": [
          -0.5,
          -0.5
        ],
        "mean_init_S_l": [
          0.001212,
          0.0,
          0.0
        ],
        "mean_final_sat09": [
          0.395843,
          0.010194,
          0.020146
        ],
        "mean_rank_final_sat09": [
          1.0,
          3.0,
          2.0
        ],
        "layer1_is_max_count": "5/5",
        "layer1_is_max_fraction": 1.0,
        "last_layer_gt_all_middle": {
          "count": "5/5",
          "fraction": 1.0,
          "per_seed": [
            true,
            true,
            true,
            true,
            true
          ]
        }
      },
      "standard_d5": {
        "regime": "standard",
        "depth": 5,
        "n_seeds": 5,
        "spearman_sl_per_seed": [
          0.7071067811865475,
          0.7071067811865475,
          0.7071067811865475,
          0.7071067811865475,
          0.7071067811865475
        ],
        "spearman_sl_mean": 0.7071,
        "spearman_sl_ci95": [
          0.7071,
          0.7071
        ],
        "spearman_depth_per_seed": [
          -0.3,
          -0.09999999999999999,
          -0.09999999999999999,
          -0.09999999999999999,
          -0.3
        ],
        "spearman_depth_mean": -0.18,
        "spearman_depth_ci95": [
          -0.26,
          -0.1
        ],
        "mean_init_S_l": [
          0.001212,
          0.0,
          0.0,
          0.0,
          0.0
        ],
        "mean_final_sat09": [
          0.379748,
          0.008072,
          0.000511,
          0.008208,
          0.083529
        ],
        "mean_rank_final_sat09": [
          1.0,
          3.6,
          5.0,
          3.4,
          2.0
        ],
        "layer1_is_max_count": "5/5",
        "layer1_is_max_fraction": 1.0,
        "last_layer_gt_all_middle": {
          "count": "5/5",
          "fraction": 1.0,
          "per_seed": [
            true,
            true,
            true,
            true,
            true
          ]
        }
      },
      "standard_d7": {
        "regime": "standard",
        "depth": 7,
        "n_seeds": 5,
        "spearman_sl_per_seed": [
          0.6123724356957946,
          0.6123724356957946,
          0.6123724356957946,
          0.6123724356957946,
          0.6123724356957946
        ],
        "spearman_sl_mean": 0.6124,
        "spearman_sl_ci95": [
          0.6124,
          0.6124
        ],
        "spearman_depth_per_seed": [
          0.03571428571428572,
          0.03571428571428572,
          0.03571428571428572,
          0.03571428571428572,
          0.03571428571428572
        ],
        "spearman_depth_mean": 0.0357,
        "spearman_depth_ci95": [
          0.0357,
          0.0357
        ],
        "mean_init_S_l": [
          0.001212,
          0.0,
          0.0,
          0.0,
          0.0,
          0.0,
          0.0
        ],
        "mean_final_sat09": [
          0.393047,
          0.007479,
          0.000132,
          0.000425,
          0.004598,
          0.034213,
          0.12594
        ],
        "mean_rank_final_sat09": [
          1.0,
          4.0,
          7.0,
          6.0,
          5.0,
          3.0,
          2.0
        ],
        "layer1_is_max_count": "5/5",
        "layer1_is_max_fraction": 1.0,
        "last_layer_gt_all_middle": {
          "count": "5/5",
          "fraction": 1.0,
          "per_seed": [
            true,
            true,
            true,
            true,
            true
          ]
        }
      },
      "super_2x_d3": {
        "regime": "super_2x",
        "depth": 3,
        "n_seeds": 5,
        "spearman_sl_per_seed": [
          1.0,
          1.0,
          1.0,
          1.0,
          1.0
        ],
        "spearman_sl_mean": 1.0,
        "spearman_sl_ci95": [
          1.0,
          1.0
        ],
        "spearman_depth_per_seed": [
          -1.0,
          -1.0,
          -1.0,
          -1.0,
          -1.0
        ],
        "spearman_depth_mean": -1.0,
        "spearman_depth_ci95": [
          -1.0,
          -1.0
        ],
        "mean_init_S_l": [
          0.151622,
          0.050081,
          0.025735
        ],
        "mean_final_sat09": [
          0.490821,
          0.230064,
          0.181421
        ],
        "mean_rank_final_sat09": [
          1.0,
          2.0,
          3.0
        ],
        "layer1_is_max_count": "5/5",
        "layer1_is_max_fraction": 1.0,
        "last_layer_gt_all_middle": {
          "count": "0/5",
          "fraction": 0.0,
          "per_seed": [
            false,
            false,
            false,
            false,
            false
          ]
        }
      },
      "super_2x_d5": {
        "regime": "super_2x",
        "depth": 5,
        "n_seeds": 5,
        "spearman_sl_per_seed": [
          0.7,
          0.7,
          0.7,
          0.7,
          0.7
        ],
        "spearman_sl_mean": 0.7,
        "spearman_sl_ci95": [
          0.7,
          0.7
        ],
        "spearman_depth_per_seed": [
          -0.7,
          -0.7,
          -0.7,
          -0.7,
          -0.7
        ],
        "spearman_depth_mean": -0.7,
        "spearman_depth_ci95": [
          -0.7,
          -0.7
        ],
        "mean_init_S_l": [
          0.151622,
          0.050081,
          0.025735,
          0.017643,
          0.014716
        ],
        "mean_final_sat09": [
          0.456852,
          0.2449,
          0.158167,
          0.134116,
          0.196089
        ],
        "mean_rank_final_sat09": [
          1.0,
          2.0,
          4.0,
          5.0,
          3.0
        ],
        "layer1_is_max_count": "5/5",
        "layer1_is_max_fraction": 1.0,
        "last_layer_gt_all_middle": {
          "count": "0/5",
          "fraction": 0.0,
          "per_seed": [
            false,
            false,
            false,
            false,
            false
          ]
        }
      },
      "super_2x_d7": {
        "regime": "super_2x",
        "depth": 7,
        "n_seeds": 5,
        "spearman_sl_per_seed": [
          0.6071428571428572,
          0.5357142857142858,
          0.6071428571428572,
          0.8571428571428573,
          0.7500000000000002
        ],
        "spearman_sl_mean": 0.6714,
        "spearman_sl_ci95": [
          0.5786,
          0.7714
        ],
        "spearman_depth_per_seed": [
          -0.6071428571428572,
          -0.5357142857142858,
          -0.5357142857142858,
          -0.6071428571428572,
          -0.5357142857142858
        ],
        "spearman_depth_mean": -0.5643,
        "spearman_depth_ci95": [
          -0.5929,
          -0.5357
        ],
        "mean_init_S_l": [
          0.151622,
          0.050081,
          0.025735,
          0.017643,
          0.014716,
          0.013004,
          0.013089
        ],
        "mean_final_sat09": [
          0.439304,
          0.247657,
          0.173238,
          0.14151,
          0.122638,
          0.136375,
          0.214669
        ],
        "mean_rank_final_sat09": [
          1.0,
          2.0,
          4.0,
          5.6,
          7.0,
          5.4,
          3.0
        ],
        "layer1_is_max_count": "5/5",
        "layer1_is_max_fraction": 1.0,
        "last_layer_gt_all_middle": {
          "count": "0/5",
          "fraction": 0.0,
          "per_seed": [
            false,
            false,
            false,
            false,
            false
          ]
        }
      },
      "super_4x_d3": {
        "regime": "super_4x",
        "depth": 3,
        "n_seeds": 5,
        "spearman_sl_per_seed": [
          1.0,
          1.0,
          1.0,
          1.0,
          1.0
        ],
        "spearman_sl_mean": 1.0,
        "spearman_sl_ci95": [
          1.0,
          1.0
        ],
        "spearman_depth_per_seed": [
          -1.0,
          -1.0,
          -1.0,
          -1.0,
          -1.0
        ],
        "spearman_depth_mean": -1.0,
        "spearman_depth_ci95": [
          -1.0,
          -1.0
        ],
        "mean_init_S_l": [
          0.305567,
          0.211514,
          0.18147
        ],
        "mean_final_sat09": [
          0.582832,
          0.425097,
          0.374752
        ],
        "mean_rank_final_sat09": [
          1.0,
          2.0,
          3.0
        ],
        "layer1_is_max_count": "5/5",
        "layer1_is_max_fraction": 1.0,
        "last_layer_gt_all_middle": {
          "count": "0/5",
          "fraction": 0.0,
          "per_seed": [
            false,
            false,
            false,
            false,
            false
          ]
        }
      },
      "super_4x_d5": {
        "regime": "super_4x",
        "depth": 5,
        "n_seeds": 5,
        "spearman_sl_per_seed": [
          0.8999999999999998,
          0.8999999999999998,
          0.7,
          0.7,
          0.9999999999999999
        ],
        "spearman_sl_mean": 0.84,
        "spearman_sl_ci95": [
          0.74,
          0.94
        ],
        "spearman_depth_per_seed": [
          -0.8999999999999998,
          -0.8999999999999998,
          -0.7,
          -0.7,
          -0.8999999999999998
        ],
        "spearman_depth_mean": -0.82,
        "spearman_depth_ci95": [
          -0.9,
          -0.74
        ],
        "mean_init_S_l": [
          0.305567,
          0.211514,
          0.18147,
          0.172595,
          0.170508
        ],
        "mean_final_sat09": [
          0.56785,
          0.444476,
          0.391309,
          0.367284,
          0.391739
        ],
        "mean_rank_final_sat09": [
          1.0,
          2.0,
          3.4,
          5.0,
          3.6
        ],
        "layer1_is_max_count": "5/5",
        "layer1_is_max_fraction": 1.0,
        "last_layer_gt_all_middle": {
          "count": "0/5",
          "fraction": 0.0,
          "per_seed": [
            false,
            false,
            false,
            false,
            false
          ]
        }
      },
      "super_4x_d7": {
        "regime": "super_4x",
        "depth": 7,
        "n_seeds": 5,
        "spearman_sl_per_seed": [
          0.5714285714285715,
          0.8214285714285715,
          0.7142857142857144,
          0.9285714285714288,
          0.8214285714285715
        ],
        "spearman_sl_mean": 0.7714,
        "spearman_sl_ci95": [
          0.6714,
          0.8643
        ],
        "spearman_depth_per_seed": [
          -0.6071428571428572,
          -0.6071428571428572,
          -0.642857142857143,
          -0.642857142857143,
          -0.642857142857143
        ],
        "spearman_depth_mean": -0.6286,
        "spearman_depth_ci95": [
          -0.6429,
          -0.6143
        ],
        "mean_init_S_l": [
          0.305567,
          0.211514,
          0.18147,
          0.172595,
          0.170508,
          0.172295,
          0.173588
        ],
        "mean_final_sat09": [
          0.564831,
          0.449046,
          0.406599,
          0.398338,
          0.386831,
          0.379832,
          0.412835
        ],
        "mean_rank_final_sat09": [
          1.0,
          2.0,
          4.2,
          5.0,
          5.8,
          7.0,
          3.0
        ],
        "layer1_is_max_count": "5/5",
        "layer1_is_max_fraction": 1.0,
        "last_layer_gt_all_middle": {
          "count": "0/5",
          "fraction": 0.0,
          "per_seed": [
            false,
            false,
            false,
            false,
            false
          ]
        }
      }
    },
    "reversal_analysis": {
      "per_depth": {
        "depth_3": {
          "standard_spearman_sl": 0.866,
          "super_2x_spearman_sl": 1.0,
          "super_4x_spearman_sl": 1.0,
          "standard_spearman_depth": -0.5,
          "super_2x_spearman_depth": -1.0,
          "super_4x_spearman_depth": -1.0,
          "sign_reversal_2x": false,
          "sign_reversal_4x": false,
          "any_sign_reversal": false,
          "layer1_is_max_standard": "5/5",
          "layer1_is_max_super_2x": "5/5",
          "layer1_is_max_super_4x": "5/5",
          "layer1_frac_standard": 1.0,
          "layer1_frac_super_2x": 1.0,
          "layer1_frac_super_4x": 1.0
        },
        "depth_5": {
          "standard_spearman_sl": 0.7071,
          "super_2x_spearman_sl": 0.7,
          "super_4x_spearman_sl": 0.84,
          "standard_spearman_depth": -0.18,
          "super_2x_spearman_depth": -0.7,
          "super_4x_spearman_depth": -0.82,
          "sign_reversal_2x": false,
          "sign_reversal_4x": false,
          "any_sign_reversal": false,
          "layer1_is_max_standard": "5/5",
          "layer1_is_max_super_2x": "5/5",
          "layer1_is_max_super_4x": "5/5",
          "layer1_frac_standard": 1.0,
          "layer1_frac_super_2x": 1.0,
          "layer1_frac_super_4x": 1.0
        },
        "depth_7": {
          "standard_spearman_sl": 0.6124,
          "super_2x_spearman_sl": 0.6714,
          "super_4x_spearman_sl": 0.7714,
          "standard_spearman_depth": 0.0357,
          "super_2x_spearman_depth": -0.5643,
          "super_4x_spearman_depth": -0.6286,
          "sign_reversal_2x": false,
          "sign_reversal_4x": false,
          "any_sign_reversal": false,
          "layer1_is_max_standard": "5/5",
          "layer1_is_max_super_2x": "5/5",
          "layer1_is_max_super_4x": "5/5",
          "layer1_frac_standard": 1.0,
          "layer1_frac_super_2x": 1.0,
          "layer1_frac_super_4x": 1.0
        }
      },
      "any_sign_reversal": false,
      "reversal_in_all_depths": false,
      "layer1_first_in_standard_everywhere": true,
      "verdict": "NO REVERSAL: layer-1-first ordering persists in all regimes; Spearman(S_l, sat09) stays POSITIVE everywhere. Standard and super-standard both show layer 1 as max-saturation layer."
    },
    "reversal_verdict": "NO REVERSAL: layer-1-first ordering persists in all regimes; Spearman(S_l, sat09) stays POSITIVE everywhere. Standard and super-standard both show layer 1 as max-saturation layer.",
    "any_diverged": false,
    "sanity_ce_ok": true,
    "elapsed_seconds": 374.7,
    "total_runs": 45
  },
  "subject_executed": "tanh MLP, MNIST std-norm (\u00b5=0.1307, \u03c3=0.3081), depths=[3, 5, 7], seeds=[0, 1, 2, 3, 4], regimes=[standard(uniform,n\u00b7\u03c3\u00b2\u22481/3), super_2x(normal,n\u00b7\u03c3\u00b2=2), super_4x(normal,n\u00b7\u03c3\u00b2=4)], lr=1e-2, momentum=0.9, batch=256, max_epochs=25, device=cuda, bootstrap_n=10000, total_runs=45",
  "notes": "Round increase_complexity-03: confirmatory (full) run, 5 seeds, 25 epochs. Reuses refine-02 non-censored metric: Spearman(init S_l, final_sat_frac_|tanh|>0.9). REVERSAL VERDICT: NO REVERSAL: layer-1-first ordering persists in all regimes; Spearman(S_l, sat09) stays POSITIVE everywhere. Standard and super-standard both show layer 1 as max-saturation layer. Baseline (refine-02, 3 seeds): no reversal, Spearman positive everywhere."
}
