[init] Device: cuda
[init] Grid: ['cifar100', 'cifar10'] × ['convnet', 'mlp3'] × ['A_floor', 'B', 'C', 'D', 'RANDOM'] × [0, 1, 2, 3, 4, 5]
[init] steps/task=800  reset_every=100  frac=0.1
[init] Total training runs: 100

[main] Loading datasets...
[cifar100] torchvision: (50000, 3, 32, 32)
[cifar10] torchvision: (50000, 3, 32, 32)
[main] Datasets loaded.


====================================================================
DATASET: CIFAR100  (4 tasks × 5 cls = 20 / 100 classes)
====================================================================

────────────────────────────────────────────────────────
ARCH: convnet  (n_pen=512)
────────────────────────────────────────────────────────

  A_floor (seed=0)

  [run 1] dataset=cifar100 arch=convnet arm=A_floor seed=0
  [A_floor /s0/convnet] T1/4 acc=0.866 dead=0.605 erank=51.00 loss=0.0780 wall=4.5s
  [A_floor /s0/convnet] T2/4 acc=0.898 dead=0.953 erank=11.18 loss=0.0606 wall=3.2s
  [A_floor /s0/convnet] T3/4 acc=0.200 dead=0.998 erank=1.00 loss=1.6143 wall=3.2s
  [A_floor /s0/convnet] T4/4 acc=0.200 dead=1.000 erank=0.00 loss=2.4915 wall=3.3s
  → primary_acc=0.4327  dead=1.000  erank=0.00  wall=14.5s

  SEED 0

  [run 2/100] dataset=cifar100 arch=convnet arm=B seed=0
  [B       /s0/convnet] T1/4 acc=0.846 dead=0.504 erank=63.93 loss=0.0691 wall=3.3s
  [B       /s0/convnet] T2/4 acc=0.900 dead=0.834 erank=18.48 loss=0.1307 wall=3.4s
  [B       /s0/convnet] T3/4 acc=0.784 dead=0.816 erank=18.16 loss=0.4738 wall=3.3s
  [B       /s0/convnet] T4/4 acc=0.682 dead=0.881 erank=12.60 loss=0.7278 wall=3.4s
  → primary_acc=0.7887  dead=0.881  erank=12.60  wall=13.6s

  [run 3/100] dataset=cifar100 arch=convnet arm=C seed=0
  [C       /s0/convnet] T1/4 acc=0.876 dead=0.635 erank=47.47 loss=0.0661 wall=3.4s
  [C       /s0/convnet] T2/4 acc=0.858 dead=0.869 erank=15.16 loss=0.1354 wall=3.3s
  [C       /s0/convnet] T3/4 acc=0.814 dead=0.891 erank=10.28 loss=0.2997 wall=3.3s
  [C       /s0/convnet] T4/4 acc=0.762 dead=0.871 erank=12.36 loss=0.4859 wall=3.3s
  → primary_acc=0.8113  dead=0.871  erank=12.36  wall=13.6s

  [run 4/100] dataset=cifar100 arch=convnet arm=D seed=0
  [D       /s0/convnet] T1/4 acc=0.862 dead=0.508 erank=62.06 loss=0.0772 wall=3.3s
  [D       /s0/convnet] T2/4 acc=0.902 dead=0.857 erank=12.43 loss=0.1563 wall=3.3s
  [D       /s0/convnet] T3/4 acc=0.720 dead=0.875 erank=8.38 loss=0.7294 wall=3.4s
  [D       /s0/convnet] T4/4 acc=0.774 dead=0.859 erank=12.97 loss=0.5430 wall=3.3s
  → primary_acc=0.7987  dead=0.859  erank=12.97  wall=13.5s

  [run 5/100] dataset=cifar100 arch=convnet arm=RANDOM seed=0
  [RANDOM  /s0/convnet] T1/4 acc=0.866 dead=0.734 erank=39.45 loss=0.0637 wall=3.3s
  [RANDOM  /s0/convnet] T2/4 acc=0.744 dead=0.869 erank=12.93 loss=0.0727 wall=3.3s
  [RANDOM  /s0/convnet] T3/4 acc=0.832 dead=0.842 erank=17.25 loss=0.3038 wall=3.3s
  [RANDOM  /s0/convnet] T4/4 acc=0.704 dead=0.883 erank=14.51 loss=0.6501 wall=3.3s
  → primary_acc=0.7600  dead=0.883  erank=14.51  wall=13.5s
  [io] RESULTS.json written  status=RUNNING
  [seed done] elapsed=1.3min

  SEED 1

  [run 6/100] dataset=cifar100 arch=convnet arm=B seed=1
  [B       /s1/convnet] T1/4 acc=0.804 dead=0.551 erank=63.99 loss=0.1155 wall=3.4s
  [B       /s1/convnet] T2/4 acc=0.846 dead=0.873 erank=14.59 loss=0.3352 wall=3.4s
  [B       /s1/convnet] T3/4 acc=0.696 dead=0.869 erank=12.82 loss=0.6482 wall=3.4s
  [B       /s1/convnet] T4/4 acc=0.740 dead=0.873 erank=12.71 loss=0.6374 wall=3.4s
  → primary_acc=0.7607  dead=0.873  erank=12.71  wall=13.8s

  [run 7/100] dataset=cifar100 arch=convnet arm=C seed=1
  [C       /s1/convnet] T1/4 acc=0.810 dead=0.697 erank=46.47 loss=0.1319 wall=3.4s
  [C       /s1/convnet] T2/4 acc=0.826 dead=0.900 erank=9.36 loss=0.3889 wall=3.3s
  [C       /s1/convnet] T3/4 acc=0.680 dead=0.904 erank=8.85 loss=0.6805 wall=3.3s
  [C       /s1/convnet] T4/4 acc=0.432 dead=0.916 erank=6.33 loss=1.0380 wall=3.4s
  → primary_acc=0.6460  dead=0.916  erank=6.33  wall=13.5s

  [run 8/100] dataset=cifar100 arch=convnet arm=D seed=1
  [D       /s1/convnet] T1/4 acc=0.812 dead=0.553 erank=65.01 loss=0.1226 wall=3.3s
  [D       /s1/convnet] T2/4 acc=0.820 dead=0.871 erank=15.97 loss=0.2833 wall=3.5s
  [D       /s1/convnet] T3/4 acc=0.586 dead=0.889 erank=10.40 loss=0.9111 wall=3.3s
  [D       /s1/convnet] T4/4 acc=0.744 dead=0.873 erank=11.30 loss=0.6254 wall=3.3s
  → primary_acc=0.7167  dead=0.873  erank=11.30  wall=13.6s

  [run 9/100] dataset=cifar100 arch=convnet arm=RANDOM seed=1
  [RANDOM  /s1/convnet] T1/4 acc=0.822 dead=0.758 erank=36.72 loss=0.1194 wall=3.3s
  [RANDOM  /s1/convnet] T2/4 acc=0.718 dead=0.869 erank=16.97 loss=0.1807 wall=3.3s
  [RANDOM  /s1/convnet] T3/4 acc=0.560 dead=0.910 erank=8.17 loss=0.9580 wall=3.3s
  [RANDOM  /s1/convnet] T4/4 acc=0.652 dead=0.885 erank=12.58 loss=0.9607 wall=3.4s
  → primary_acc=0.6433  dead=0.885  erank=12.58  wall=13.5s
  [io] RESULTS.json written  status=RUNNING
  [seed done] elapsed=2.2min

  SEED 2

  [run 10/100] dataset=cifar100 arch=convnet arm=B seed=2
  [B       /s2/convnet] T1/4 acc=0.914 dead=0.527 erank=61.24 loss=0.0707 wall=3.4s
  [B       /s2/convnet] T2/4 acc=0.876 dead=0.812 erank=21.08 loss=0.2104 wall=3.4s
  [B       /s2/convnet] T3/4 acc=0.824 dead=0.875 erank=10.88 loss=0.3408 wall=3.5s
  [B       /s2/convnet] T4/4 acc=0.822 dead=0.857 erank=16.61 loss=0.3932 wall=3.5s
  → primary_acc=0.8407  dead=0.857  erank=16.61  wall=14.0s

  [run 11/100] dataset=cifar100 arch=convnet arm=C seed=2
  [C       /s2/convnet] T1/4 acc=0.894 dead=0.676 erank=47.70 loss=0.0886 wall=3.4s
  [C       /s2/convnet] T2/4 acc=0.842 dead=0.879 erank=15.70 loss=0.1400 wall=3.4s
  [C       /s2/convnet] T3/4 acc=0.854 dead=0.883 erank=10.14 loss=0.1938 wall=3.4s
  [C       /s2/convnet] T4/4 acc=0.736 dead=0.895 erank=11.18 loss=0.6250 wall=3.4s
  → primary_acc=0.8107  dead=0.894  erank=11.18  wall=13.9s

  [run 12/100] dataset=cifar100 arch=convnet arm=D seed=2
  [D       /s2/convnet] T1/4 acc=0.926 dead=0.527 erank=58.63 loss=0.0522 wall=3.4s
  [D       /s2/convnet] T2/4 acc=0.846 dead=0.789 erank=26.63 loss=0.2208 wall=3.4s
  [D       /s2/convnet] T3/4 acc=0.830 dead=0.869 erank=14.22 loss=0.3237 wall=3.4s
  [D       /s2/convnet] T4/4 acc=0.806 dead=0.887 erank=12.40 loss=0.3992 wall=3.4s
  → primary_acc=0.8273  dead=0.887  erank=12.40  wall=13.8s

  [run 13/100] dataset=cifar100 arch=convnet arm=RANDOM seed=2
  [RANDOM  /s2/convnet] T1/4 acc=0.916 dead=0.699 erank=39.88 loss=0.0428 wall=3.4s
  [RANDOM  /s2/convnet] T2/4 acc=0.754 dead=0.861 erank=13.96 loss=0.2619 wall=3.4s
  [RANDOM  /s2/convnet] T3/4 acc=0.828 dead=0.895 erank=10.58 loss=0.2185 wall=3.4s
  [RANDOM  /s2/convnet] T4/4 acc=0.842 dead=0.871 erank=14.90 loss=0.2324 wall=3.4s
  → primary_acc=0.8080  dead=0.871  erank=14.90  wall=13.7s
  [io] RESULTS.json written  status=RUNNING
  [seed done] elapsed=3.1min

  SEED 3

  [run 14/100] dataset=cifar100 arch=convnet arm=B seed=3
  [B       /s3/convnet] T1/4 acc=0.824 dead=0.531 erank=58.39 loss=0.0843 wall=3.4s
  [B       /s3/convnet] T2/4 acc=0.772 dead=0.877 erank=11.55 loss=0.5265 wall=3.4s
  [B       /s3/convnet] T3/4 acc=0.704 dead=0.881 erank=8.16 loss=0.7988 wall=3.5s
  [B       /s3/convnet] T4/4 acc=0.854 dead=0.848 erank=14.26 loss=0.3917 wall=3.5s
  → primary_acc=0.7767  dead=0.848  erank=14.26  wall=13.9s

  [run 15/100] dataset=cifar100 arch=convnet arm=C seed=3
  [C       /s3/convnet] T1/4 acc=0.814 dead=0.678 erank=43.15 loss=0.0995 wall=3.4s
  [C       /s3/convnet] T2/4 acc=0.750 dead=0.879 erank=13.18 loss=0.4717 wall=3.4s
  [C       /s3/convnet] T3/4 acc=0.790 dead=0.893 erank=10.03 loss=0.5010 wall=3.4s
  [C       /s3/convnet] T4/4 acc=0.852 dead=0.893 erank=10.13 loss=0.2827 wall=3.4s
  → primary_acc=0.7973  dead=0.893  erank=10.13  wall=13.9s

  [run 16/100] dataset=cifar100 arch=convnet arm=D seed=3
  [D       /s3/convnet] T1/4 acc=0.814 dead=0.531 erank=59.33 loss=0.1116 wall=3.4s
  [D       /s3/convnet] T2/4 acc=0.700 dead=0.852 erank=13.96 loss=0.4822 wall=3.4s
  [D       /s3/convnet] T3/4 acc=0.714 dead=0.881 erank=13.02 loss=0.7216 wall=3.4s
  [D       /s3/convnet] T4/4 acc=0.858 dead=0.865 erank=9.81 loss=0.2471 wall=3.4s
  → primary_acc=0.7573  dead=0.865  erank=9.81  wall=13.8s

  [run 17/100] dataset=cifar100 arch=convnet arm=RANDOM seed=3
  [RANDOM  /s3/convnet] T1/4 acc=0.808 dead=0.730 erank=38.49 loss=0.0846 wall=3.3s
  [RANDOM  /s3/convnet] T2/4 acc=0.766 dead=0.871 erank=12.97 loss=0.2934 wall=3.4s
  [RANDOM  /s3/convnet] T3/4 acc=0.738 dead=0.883 erank=12.29 loss=0.3141 wall=3.3s
  [RANDOM  /s3/convnet] T4/4 acc=0.898 dead=0.875 erank=9.94 loss=0.1533 wall=3.3s
  → primary_acc=0.8007  dead=0.875  erank=9.94  wall=13.7s
  [io] RESULTS.json written  status=RUNNING
  [seed done] elapsed=4.0min

  SEED 4

  [run 18/100] dataset=cifar100 arch=convnet arm=B seed=4
  [B       /s4/convnet] T1/4 acc=0.868 dead=0.523 erank=56.54 loss=0.1052 wall=3.4s
  [B       /s4/convnet] T2/4 acc=0.772 dead=0.865 erank=14.97 loss=0.3422 wall=3.5s
  [B       /s4/convnet] T3/4 acc=0.840 dead=0.883 erank=10.86 loss=0.2680 wall=3.5s
  [B       /s4/convnet] T4/4 acc=0.800 dead=0.826 erank=14.85 loss=0.4083 wall=3.4s
  → primary_acc=0.8040  dead=0.826  erank=14.85  wall=14.0s

  [run 19/100] dataset=cifar100 arch=convnet arm=C seed=4
  [C       /s4/convnet] T1/4 acc=0.888 dead=0.648 erank=45.45 loss=0.0853 wall=3.3s
  [C       /s4/convnet] T2/4 acc=0.768 dead=0.887 erank=11.37 loss=0.4298 wall=3.4s
  [C       /s4/convnet] T3/4 acc=0.812 dead=0.902 erank=10.81 loss=0.3289 wall=3.4s
  [C       /s4/convnet] T4/4 acc=0.698 dead=0.877 erank=13.18 loss=0.4001 wall=3.4s
  → primary_acc=0.7593  dead=0.877  erank=13.18  wall=13.8s

  [run 20/100] dataset=cifar100 arch=convnet arm=D seed=4
  [D       /s4/convnet] T1/4 acc=0.876 dead=0.527 erank=59.48 loss=0.0914 wall=3.4s
  [D       /s4/convnet] T2/4 acc=0.782 dead=0.867 erank=14.03 loss=0.3484 wall=3.4s
  [D       /s4/convnet] T3/4 acc=0.834 dead=0.873 erank=12.08 loss=0.3112 wall=3.3s
  [D       /s4/convnet] T4/4 acc=0.808 dead=0.871 erank=8.12 loss=0.3365 wall=3.3s
  → primary_acc=0.8080  dead=0.871  erank=8.12  wall=13.7s

  [run 21/100] dataset=cifar100 arch=convnet arm=RANDOM seed=4
  [RANDOM  /s4/convnet] T1/4 acc=0.870 dead=0.742 erank=35.70 loss=0.0981 wall=3.3s
  [RANDOM  /s4/convnet] T2/4 acc=0.782 dead=0.879 erank=13.69 loss=0.3544 wall=3.4s
  [RANDOM  /s4/convnet] T3/4 acc=0.700 dead=0.895 erank=10.76 loss=0.2974 wall=3.4s
  [RANDOM  /s4/convnet] T4/4 acc=0.760 dead=0.879 erank=11.81 loss=0.4479 wall=3.4s
  → primary_acc=0.7473  dead=0.879  erank=11.81  wall=13.8s
  [io] RESULTS.json written  status=RUNNING
  [seed done] elapsed=5.0min

  SEED 5

  [run 22/100] dataset=cifar100 arch=convnet arm=B seed=5
  [B       /s5/convnet] T1/4 acc=0.876 dead=0.527 erank=61.08 loss=0.0534 wall=3.4s
  [B       /s5/convnet] T2/4 acc=0.784 dead=0.846 erank=19.06 loss=0.2390 wall=3.5s
  [B       /s5/convnet] T3/4 acc=0.634 dead=0.893 erank=5.74 loss=0.9036 wall=3.5s
  [B       /s5/convnet] T4/4 acc=0.764 dead=0.869 erank=13.22 loss=0.4107 wall=3.5s
  → primary_acc=0.7273  dead=0.869  erank=13.22  wall=14.0s

  [run 23/100] dataset=cifar100 arch=convnet arm=C seed=5
  [C       /s5/convnet] T1/4 acc=0.866 dead=0.652 erank=49.43 loss=0.0771 wall=3.4s
  [C       /s5/convnet] T2/4 acc=0.810 dead=0.842 erank=23.98 loss=0.2309 wall=3.4s
  [C       /s5/convnet] T3/4 acc=0.688 dead=0.904 erank=8.50 loss=0.6226 wall=3.4s
  [C       /s5/convnet] T4/4 acc=0.802 dead=0.865 erank=14.50 loss=0.2808 wall=3.4s
  → primary_acc=0.7667  dead=0.865  erank=14.50  wall=13.8s

  [run 24/100] dataset=cifar100 arch=convnet arm=D seed=5
  [D       /s5/convnet] T1/4 acc=0.878 dead=0.529 erank=60.99 loss=0.0709 wall=3.4s
  [D       /s5/convnet] T2/4 acc=0.802 dead=0.844 erank=22.57 loss=0.3442 wall=3.4s
  [D       /s5/convnet] T3/4 acc=0.798 dead=0.852 erank=16.32 loss=0.2449 wall=3.4s
  [D       /s5/convnet] T4/4 acc=0.730 dead=0.904 erank=9.40 loss=0.6953 wall=3.4s
  → primary_acc=0.7767  dead=0.904  erank=9.40  wall=13.7s

  [run 25/100] dataset=cifar100 arch=convnet arm=RANDOM seed=5
  [RANDOM  /s5/convnet] T1/4 acc=0.858 dead=0.736 erank=37.16 loss=0.0541 wall=3.4s
  [RANDOM  /s5/convnet] T2/4 acc=0.814 dead=0.854 erank=21.43 loss=0.2028 wall=3.4s
  [RANDOM  /s5/convnet] T3/4 acc=0.764 dead=0.869 erank=14.58 loss=0.3470 wall=3.4s
  [RANDOM  /s5/convnet] T4/4 acc=0.692 dead=0.910 erank=6.29 loss=0.8049 wall=3.4s
  → primary_acc=0.7567  dead=0.910  erank=6.29  wall=13.7s
  [io] RESULTS.json written  status=RUNNING
  [seed done] elapsed=5.9min
  [io] RESULTS.json written  status=RUNNING
  [arch done] cifar100/convnet elapsed=5.9min

────────────────────────────────────────────────────────
ARCH: mlp3  (n_pen=512)
────────────────────────────────────────────────────────

  A_floor (seed=0)

  [run 26] dataset=cifar100 arch=mlp3 arm=A_floor seed=0
  [A_floor /s0/mlp3] T1/4 acc=0.734 dead=0.158 erank=132.44 loss=0.0463 wall=1.9s
  [A_floor /s0/mlp3] T2/4 acc=0.796 dead=0.387 erank=77.13 loss=0.0199 wall=1.8s
  [A_floor /s0/mlp3] T3/4 acc=0.758 dead=0.436 erank=70.45 loss=0.0312 wall=1.8s
  [A_floor /s0/mlp3] T4/4 acc=0.670 dead=0.420 erank=81.37 loss=0.0418 wall=1.8s
  → primary_acc=0.7413  dead=0.420  erank=81.37  wall=7.5s

  SEED 0

  [run 27/100] dataset=cifar100 arch=mlp3 arm=B seed=0
  [B       /s0/mlp3] T1/4 acc=0.712 dead=0.021 erank=157.71 loss=0.0536 wall=1.9s
  [B       /s0/mlp3] T2/4 acc=0.776 dead=0.383 erank=76.27 loss=0.0366 wall=1.9s
  [B       /s0/mlp3] T3/4 acc=0.770 dead=0.344 erank=85.97 loss=0.0188 wall=1.9s
  [B       /s0/mlp3] T4/4 acc=0.644 dead=0.445 erank=76.83 loss=0.1010 wall=1.9s
  → primary_acc=0.7300  dead=0.445  erank=76.83  wall=7.8s

  [run 28/100] dataset=cifar100 arch=mlp3 arm=C seed=0
  [C       /s0/mlp3] T1/4 acc=0.734 dead=0.094 erank=144.21 loss=0.0562 wall=1.9s
  [C       /s0/mlp3] T2/4 acc=0.800 dead=0.305 erank=82.42 loss=0.0401 wall=1.8s
  [C       /s0/mlp3] T3/4 acc=0.744 dead=0.418 erank=83.88 loss=0.0329 wall=1.8s
  [C       /s0/mlp3] T4/4 acc=0.664 dead=0.285 erank=116.48 loss=0.0408 wall=1.8s
  → primary_acc=0.7360  dead=0.285  erank=116.48  wall=7.5s

  [run 29/100] dataset=cifar100 arch=mlp3 arm=D seed=0
  [D       /s0/mlp3] T1/4 acc=0.704 dead=0.160 erank=136.37 loss=0.0553 wall=1.8s
  [D       /s0/mlp3] T2/4 acc=0.780 dead=0.371 erank=75.76 loss=0.0334 wall=1.8s
  [D       /s0/mlp3] T3/4 acc=0.774 dead=0.453 erank=71.87 loss=0.0277 wall=1.8s
  [D       /s0/mlp3] T4/4 acc=0.648 dead=0.326 erank=109.58 loss=0.0401 wall=1.8s
  → primary_acc=0.7340  dead=0.326  erank=109.58  wall=7.5s

  [run 30/100] dataset=cifar100 arch=mlp3 arm=RANDOM seed=0
  [RANDOM  /s0/mlp3] T1/4 acc=0.724 dead=0.029 erank=174.69 loss=0.0422 wall=1.8s
  [RANDOM  /s0/mlp3] T2/4 acc=0.774 dead=0.195 erank=108.59 loss=0.0326 wall=1.8s
  [RANDOM  /s0/mlp3] T3/4 acc=0.758 dead=0.230 erank=117.57 loss=0.0087 wall=1.8s
  [RANDOM  /s0/mlp3] T4/4 acc=0.658 dead=0.258 erank=112.92 loss=0.0455 wall=1.8s
  → primary_acc=0.7300  dead=0.258  erank=112.92  wall=7.5s
  [io] RESULTS.json written  status=RUNNING
  [seed done] elapsed=6.5min

  SEED 1

  [run 31/100] dataset=cifar100 arch=mlp3 arm=B seed=1
  [B       /s1/mlp3] T1/4 acc=0.724 dead=0.023 erank=151.26 loss=0.0525 wall=1.9s
  [B       /s1/mlp3] T2/4 acc=0.694 dead=0.336 erank=91.63 loss=0.0461 wall=1.9s
  [B       /s1/mlp3] T3/4 acc=0.580 dead=0.387 erank=101.25 loss=0.1024 wall=1.9s
  [B       /s1/mlp3] T4/4 acc=0.606 dead=0.232 erank=130.87 loss=0.0500 wall=1.9s
  → primary_acc=0.6267  dead=0.232  erank=130.87  wall=7.8s

  [run 32/100] dataset=cifar100 arch=mlp3 arm=C seed=1
  [C       /s1/mlp3] T1/4 acc=0.736 dead=0.104 erank=143.24 loss=0.0514 wall=1.8s
  [C       /s1/mlp3] T2/4 acc=0.684 dead=0.316 erank=95.81 loss=0.0534 wall=1.8s
  [C       /s1/mlp3] T3/4 acc=0.602 dead=0.354 erank=106.93 loss=0.0781 wall=1.9s
  [C       /s1/mlp3] T4/4 acc=0.612 dead=0.324 erank=119.03 loss=0.0604 wall=1.8s
  → primary_acc=0.6327  dead=0.324  erank=119.03  wall=7.5s

  [run 33/100] dataset=cifar100 arch=mlp3 arm=D seed=1
  [D       /s1/mlp3] T1/4 acc=0.728 dead=0.182 erank=120.16 loss=0.0736 wall=1.8s
  [D       /s1/mlp3] T2/4 acc=0.692 dead=0.402 erank=83.10 loss=0.0439 wall=1.8s
  [D       /s1/mlp3] T3/4 acc=0.596 dead=0.453 erank=81.25 loss=0.0891 wall=1.8s
  [D       /s1/mlp3] T4/4 acc=0.604 dead=0.412 erank=94.96 loss=0.0936 wall=1.8s
  → primary_acc=0.6307  dead=0.412  erank=94.96  wall=7.4s

  [run 34/100] dataset=cifar100 arch=mlp3 arm=RANDOM seed=1
  [RANDOM  /s1/mlp3] T1/4 acc=0.732 dead=0.078 erank=149.82 loss=0.0567 wall=1.8s
  [RANDOM  /s1/mlp3] T2/4 acc=0.690 dead=0.207 erank=119.41 loss=0.0440 wall=1.7s
  [RANDOM  /s1/mlp3] T3/4 acc=0.600 dead=0.217 erank=141.56 loss=0.0608 wall=1.8s
  [RANDOM  /s1/mlp3] T4/4 acc=0.614 dead=0.297 erank=128.18 loss=0.0776 wall=1.8s
  → primary_acc=0.6347  dead=0.297  erank=128.18  wall=7.2s
/usr/local/lib/python3.12/site-packages/scipy/stats/_axis_nan_policy.py:431: RuntimeWarning: Precision loss occurred in moment calculation due to catastrophic cancellation. This occurs when the data are nearly identical. Results may be unreliable.
  return hypotest_fun_in(*args, **kwds)
  [io] RESULTS.json written  status=RUNNING
  [seed done] elapsed=7.0min

  SEED 2

  [run 35/100] dataset=cifar100 arch=mlp3 arm=B seed=2
  [B       /s2/mlp3] T1/4 acc=0.824 dead=0.012 erank=132.90 loss=0.0307 wall=1.8s
  [B       /s2/mlp3] T2/4 acc=0.736 dead=0.381 erank=74.28 loss=0.0467 wall=1.8s
  [B       /s2/mlp3] T3/4 acc=0.756 dead=0.371 erank=78.82 loss=0.0231 wall=1.8s
  [B       /s2/mlp3] T4/4 acc=0.702 dead=0.375 erank=94.60 loss=0.0350 wall=1.8s
  → primary_acc=0.7313  dead=0.375  erank=94.60  wall=7.4s

  [run 36/100] dataset=cifar100 arch=mlp3 arm=C seed=2
  [C       /s2/mlp3] T1/4 acc=0.810 dead=0.078 erank=119.03 loss=0.0341 wall=1.7s
  [C       /s2/mlp3] T2/4 acc=0.754 dead=0.303 erank=85.27 loss=0.0407 wall=1.7s
  [C       /s2/mlp3] T3/4 acc=0.738 dead=0.416 erank=81.40 loss=0.0268 wall=1.7s
  [C       /s2/mlp3] T4/4 acc=0.698 dead=0.328 erank=98.86 loss=0.0161 wall=1.8s
  → primary_acc=0.7300  dead=0.328  erank=98.86  wall=7.1s

  [run 37/100] dataset=cifar100 arch=mlp3 arm=D seed=2
  [D       /s2/mlp3] T1/4 acc=0.812 dead=0.143 erank=112.18 loss=0.0533 wall=1.7s
  [D       /s2/mlp3] T2/4 acc=0.720 dead=0.441 erank=67.04 loss=0.0314 wall=1.7s
  [D       /s2/mlp3] T3/4 acc=0.732 dead=0.471 erank=64.25 loss=0.0425 wall=1.7s
  [D       /s2/mlp3] T4/4 acc=0.690 dead=0.381 erank=89.79 loss=0.0435 wall=1.7s
  → primary_acc=0.7140  dead=0.381  erank=89.79  wall=7.0s

  [run 38/100] dataset=cifar100 arch=mlp3 arm=RANDOM seed=2
  [RANDOM  /s2/mlp3] T1/4 acc=0.826 dead=0.053 erank=131.49 loss=0.0524 wall=1.7s
  [RANDOM  /s2/mlp3] T2/4 acc=0.740 dead=0.242 erank=99.49 loss=0.0476 wall=1.8s
  [RANDOM  /s2/mlp3] T3/4 acc=0.762 dead=0.264 erank=98.65 loss=0.0341 wall=1.7s
  [RANDOM  /s2/mlp3] T4/4 acc=0.680 dead=0.221 erank=115.57 loss=0.0279 wall=1.7s
  → primary_acc=0.7273  dead=0.221  erank=115.57  wall=7.1s
  [io] RESULTS.json written  status=RUNNING
  [seed done] elapsed=7.5min

  SEED 3

  [run 39/100] dataset=cifar100 arch=mlp3 arm=B seed=3
  [B       /s3/mlp3] T1/4 acc=0.692 dead=0.021 erank=160.51 loss=0.0649 wall=1.8s
  [B       /s3/mlp3] T2/4 acc=0.706 dead=0.381 erank=74.52 loss=0.0743 wall=1.8s
  [B       /s3/mlp3] T3/4 acc=0.626 dead=0.373 erank=97.72 loss=0.0624 wall=1.8s
  [B       /s3/mlp3] T4/4 acc=0.834 dead=0.309 erank=84.79 loss=0.0061 wall=1.8s
  → primary_acc=0.7220  dead=0.309  erank=84.79  wall=7.4s

  [run 40/100] dataset=cifar100 arch=mlp3 arm=C seed=3
  [C       /s3/mlp3] T1/4 acc=0.708 dead=0.092 erank=141.66 loss=0.0593 wall=1.7s
  [C       /s3/mlp3] T2/4 acc=0.698 dead=0.330 erank=90.03 loss=0.0692 wall=1.8s
  [C       /s3/mlp3] T3/4 acc=0.652 dead=0.416 erank=94.31 loss=0.0484 wall=1.8s
  [C       /s3/mlp3] T4/4 acc=0.822 dead=0.451 erank=69.77 loss=0.0322 wall=1.9s
  → primary_acc=0.7240  dead=0.451  erank=69.77  wall=7.3s

  [run 41/100] dataset=cifar100 arch=mlp3 arm=D seed=3
  [D       /s3/mlp3] T1/4 acc=0.720 dead=0.113 erank=143.62 loss=0.0559 wall=2.1s
  [D       /s3/mlp3] T2/4 acc=0.692 dead=0.383 erank=75.00 loss=0.0473 wall=1.8s
  [D       /s3/mlp3] T3/4 acc=0.612 dead=0.451 erank=80.83 loss=0.0695 wall=1.8s
  [D       /s3/mlp3] T4/4 acc=0.812 dead=0.363 erank=78.04 loss=0.0220 wall=1.8s
  → primary_acc=0.7053  dead=0.363  erank=78.04  wall=7.7s

  [run 42/100] dataset=cifar100 arch=mlp3 arm=RANDOM seed=3
  [RANDOM  /s3/mlp3] T1/4 acc=0.692 dead=0.041 erank=174.36 loss=0.0484 wall=1.7s
  [RANDOM  /s3/mlp3] T2/4 acc=0.680 dead=0.209 erank=104.33 loss=0.0781 wall=1.8s
  [RANDOM  /s3/mlp3] T3/4 acc=0.662 dead=0.201 erank=137.09 loss=0.0201 wall=1.8s
  [RANDOM  /s3/mlp3] T4/4 acc=0.832 dead=0.252 erank=96.02 loss=0.0076 wall=1.7s
  → primary_acc=0.7247  dead=0.252  erank=96.02  wall=7.3s
  [io] RESULTS.json written  status=RUNNING
  [seed done] elapsed=8.0min

  SEED 4

  [run 43/100] dataset=cifar100 arch=mlp3 arm=B seed=4
  [B       /s4/mlp3] T1/4 acc=0.822 dead=0.014 erank=136.96 loss=0.0308 wall=1.8s
  [B       /s4/mlp3] T2/4 acc=0.710 dead=0.354 erank=84.01 loss=0.0709 wall=1.8s
  [B       /s4/mlp3] T3/4 acc=0.650 dead=0.355 erank=93.26 loss=0.0508 wall=1.8s
  [B       /s4/mlp3] T4/4 acc=0.724 dead=0.377 erank=81.78 loss=0.0673 wall=1.8s
  → primary_acc=0.6947  dead=0.377  erank=81.78  wall=7.4s

  [run 44/100] dataset=cifar100 arch=mlp3 arm=C seed=4
  [C       /s4/mlp3] T1/4 acc=0.804 dead=0.084 erank=120.73 loss=0.0579 wall=1.8s
  [C       /s4/mlp3] T2/4 acc=0.702 dead=0.289 erank=93.52 loss=0.0577 wall=1.8s
  [C       /s4/mlp3] T3/4 acc=0.670 dead=0.373 erank=94.88 loss=0.0438 wall=1.8s
  [C       /s4/mlp3] T4/4 acc=0.740 dead=0.396 erank=91.78 loss=0.0483 wall=1.8s
  → primary_acc=0.7040  dead=0.397  erank=91.78  wall=7.3s

  [run 45/100] dataset=cifar100 arch=mlp3 arm=D seed=4
  [D       /s4/mlp3] T1/4 acc=0.800 dead=0.117 erank=112.10 loss=0.0405 wall=1.7s
  [D       /s4/mlp3] T2/4 acc=0.706 dead=0.391 erank=82.59 loss=0.0610 wall=1.7s
  [D       /s4/mlp3] T3/4 acc=0.670 dead=0.383 erank=90.96 loss=0.0585 wall=1.7s
  [D       /s4/mlp3] T4/4 acc=0.736 dead=0.426 erank=73.98 loss=0.0516 wall=1.7s
  → primary_acc=0.7040  dead=0.426  erank=73.98  wall=7.0s

  [run 46/100] dataset=cifar100 arch=mlp3 arm=RANDOM seed=4
  [RANDOM  /s4/mlp3] T1/4 acc=0.800 dead=0.059 erank=140.09 loss=0.0369 wall=1.7s
  [RANDOM  /s4/mlp3] T2/4 acc=0.700 dead=0.232 erank=108.95 loss=0.0623 wall=1.7s
  [RANDOM  /s4/mlp3] T3/4 acc=0.690 dead=0.244 erank=122.07 loss=0.0364 wall=1.7s
  [RANDOM  /s4/mlp3] T4/4 acc=0.732 dead=0.260 erank=108.95 loss=0.0416 wall=1.7s
  → primary_acc=0.7073  dead=0.260  erank=108.95  wall=7.0s
  [io] RESULTS.json written  status=RUNNING
  [seed done] elapsed=8.5min

  SEED 5

  [run 47/100] dataset=cifar100 arch=mlp3 arm=B seed=5
  [B       /s5/mlp3] T1/4 acc=0.768 dead=0.014 erank=142.85 loss=0.0556 wall=1.8s
  [B       /s5/mlp3] T2/4 acc=0.692 dead=0.371 erank=74.87 loss=0.0739 wall=1.8s
  [B       /s5/mlp3] T3/4 acc=0.704 dead=0.318 erank=94.76 loss=0.0449 wall=1.8s
  [B       /s5/mlp3] T4/4 acc=0.646 dead=0.379 erank=94.43 loss=0.0449 wall=1.8s
  → primary_acc=0.6807  dead=0.379  erank=94.43  wall=7.4s

  [run 48/100] dataset=cifar100 arch=mlp3 arm=C seed=5
  [C       /s5/mlp3] T1/4 acc=0.746 dead=0.084 erank=130.49 loss=0.0489 wall=1.7s
  [C       /s5/mlp3] T2/4 acc=0.676 dead=0.350 erank=77.70 loss=0.1017 wall=1.7s
  [C       /s5/mlp3] T3/4 acc=0.670 dead=0.408 erank=88.64 loss=0.0338 wall=1.8s
  [C       /s5/mlp3] T4/4 acc=0.674 dead=0.395 erank=96.73 loss=0.0469 wall=1.7s
  → primary_acc=0.6733  dead=0.395  erank=96.73  wall=7.1s

  [run 49/100] dataset=cifar100 arch=mlp3 arm=D seed=5
  [D       /s5/mlp3] T1/4 acc=0.752 dead=0.141 erank=126.06 loss=0.0359 wall=1.8s
  [D       /s5/mlp3] T2/4 acc=0.692 dead=0.455 erank=71.71 loss=0.0853 wall=1.8s
  [D       /s5/mlp3] T3/4 acc=0.672 dead=0.447 erank=78.64 loss=0.0662 wall=1.8s
  [D       /s5/mlp3] T4/4 acc=0.664 dead=0.406 erank=90.98 loss=0.0575 wall=1.8s
  → primary_acc=0.6760  dead=0.406  erank=90.98  wall=7.3s

  [run 50/100] dataset=cifar100 arch=mlp3 arm=RANDOM seed=5
  [RANDOM  /s5/mlp3] T1/4 acc=0.740 dead=0.033 erank=146.83 loss=0.0461 wall=2.0s
  [RANDOM  /s5/mlp3] T2/4 acc=0.692 dead=0.191 erank=116.20 loss=0.0919 wall=1.7s
  [RANDOM  /s5/mlp3] T3/4 acc=0.672 dead=0.248 erank=119.24 loss=0.0307 wall=1.7s
  [RANDOM  /s5/mlp3] T4/4 acc=0.668 dead=0.209 erank=133.98 loss=0.0299 wall=1.8s
  → primary_acc=0.6773  dead=0.209  erank=133.98  wall=7.5s
  [io] RESULTS.json written  status=RUNNING
  [seed done] elapsed=9.0min
  [io] RESULTS.json written  status=RUNNING
  [arch done] cifar100/mlp3 elapsed=9.0min

====================================================================
DATASET: CIFAR10  (2 tasks × 5 cls = 10 / 10 classes)
====================================================================

────────────────────────────────────────────────────────
ARCH: convnet  (n_pen=512)
────────────────────────────────────────────────────────

  A_floor (seed=0)

  [run 51] dataset=cifar10 arch=convnet arm=A_floor seed=0
  [A_floor /s0/convnet] T1/2 acc=0.781 dead=0.715 erank=48.66 loss=0.5147 wall=3.3s
  [A_floor /s0/convnet] T2/2 acc=0.200 dead=1.000 erank=0.00 loss=1.7838 wall=3.3s
  → primary_acc=0.2000  dead=1.000  erank=0.00  wall=6.9s

  SEED 0

  [run 52/100] dataset=cifar10 arch=convnet arm=B seed=0
  [B       /s0/convnet] T1/2 acc=0.800 dead=0.623 erank=61.71 loss=0.5007 wall=3.3s
  [B       /s0/convnet] T2/2 acc=0.737 dead=0.889 erank=14.05 loss=0.7140 wall=3.4s
  → primary_acc=0.7374  dead=0.889  erank=14.05  wall=7.1s

  [run 53/100] dataset=cifar10 arch=convnet arm=C seed=0
  [C       /s0/convnet] T1/2 acc=0.793 dead=0.775 erank=40.96 loss=0.5049 wall=3.3s
  [C       /s0/convnet] T2/2 acc=0.737 dead=0.896 erank=11.82 loss=0.6974 wall=3.4s
  → primary_acc=0.7368  dead=0.896  erank=11.82  wall=7.1s

  [run 54/100] dataset=cifar10 arch=convnet arm=D seed=0
  [D       /s0/convnet] T1/2 acc=0.801 dead=0.627 erank=62.19 loss=0.5061 wall=3.3s
  [D       /s0/convnet] T2/2 acc=0.744 dead=0.883 erank=15.77 loss=0.6819 wall=3.3s
  → primary_acc=0.7438  dead=0.883  erank=15.77  wall=7.0s

  [run 55/100] dataset=cifar10 arch=convnet arm=RANDOM seed=0
  [RANDOM  /s0/convnet] T1/2 acc=0.811 dead=0.791 erank=35.57 loss=0.4959 wall=3.3s
  [RANDOM  /s0/convnet] T2/2 acc=0.756 dead=0.900 erank=12.71 loss=0.6549 wall=3.3s
  → primary_acc=0.7562  dead=0.900  erank=12.71  wall=6.9s
  [io] RESULTS.json written  status=RUNNING
  [seed done] elapsed=9.5min

  SEED 1

  [run 56/100] dataset=cifar10 arch=convnet arm=B seed=1
  [B       /s1/convnet] T1/2 acc=0.869 dead=0.637 erank=55.16 loss=0.4118 wall=3.4s
  [B       /s1/convnet] T2/2 acc=0.691 dead=0.891 erank=14.24 loss=0.7760 wall=3.4s
  → primary_acc=0.6908  dead=0.891  erank=14.24  wall=7.1s

  [run 57/100] dataset=cifar10 arch=convnet arm=C seed=1
  [C       /s1/convnet] T1/2 acc=0.858 dead=0.748 erank=40.23 loss=0.3992 wall=3.4s
  [C       /s1/convnet] T2/2 acc=0.698 dead=0.914 erank=6.70 loss=0.8027 wall=3.3s
  → primary_acc=0.6984  dead=0.914  erank=6.70  wall=7.0s

  [run 58/100] dataset=cifar10 arch=convnet arm=D seed=1
  [D       /s1/convnet] T1/2 acc=0.866 dead=0.633 erank=55.84 loss=0.4115 wall=3.3s
  [D       /s1/convnet] T2/2 acc=0.666 dead=0.887 erank=14.37 loss=0.8858 wall=3.4s
  → primary_acc=0.6662  dead=0.887  erank=14.37  wall=7.1s

  [run 59/100] dataset=cifar10 arch=convnet arm=RANDOM seed=1
  [RANDOM  /s1/convnet] T1/2 acc=0.864 dead=0.777 erank=35.98 loss=0.4111 wall=3.3s
  [RANDOM  /s1/convnet] T2/2 acc=0.703 dead=0.893 erank=13.59 loss=0.7801 wall=3.3s
  → primary_acc=0.7028  dead=0.893  erank=13.59  wall=6.9s
  [io] RESULTS.json written  status=RUNNING
  [seed done] elapsed=10.0min

  SEED 2

  [run 60/100] dataset=cifar10 arch=convnet arm=B seed=2
  [B       /s2/convnet] T1/2 acc=0.744 dead=0.613 erank=63.24 loss=0.6625 wall=3.3s
  [B       /s2/convnet] T2/2 acc=0.831 dead=0.871 erank=16.43 loss=0.4586 wall=3.4s
  → primary_acc=0.8308  dead=0.871  erank=16.43  wall=7.0s

  [run 61/100] dataset=cifar10 arch=convnet arm=C seed=2
  [C       /s2/convnet] T1/2 acc=0.741 dead=0.762 erank=41.58 loss=0.6688 wall=3.3s
  [C       /s2/convnet] T2/2 acc=0.836 dead=0.881 erank=15.51 loss=0.4361 wall=3.4s
  → primary_acc=0.8358  dead=0.881  erank=15.51  wall=7.0s

  [run 62/100] dataset=cifar10 arch=convnet arm=D seed=2
  [D       /s2/convnet] T1/2 acc=0.736 dead=0.602 erank=65.77 loss=0.6679 wall=3.3s
  [D       /s2/convnet] T2/2 acc=0.814 dead=0.863 erank=19.20 loss=0.5106 wall=3.3s
  → primary_acc=0.8138  dead=0.863  erank=19.20  wall=6.9s

  [run 63/100] dataset=cifar10 arch=convnet arm=RANDOM seed=2
  [RANDOM  /s2/convnet] T1/2 acc=0.753 dead=0.760 erank=39.92 loss=0.6566 wall=3.3s
  [RANDOM  /s2/convnet] T2/2 acc=0.805 dead=0.898 erank=9.99 loss=0.5313 wall=3.3s
  → primary_acc=0.8048  dead=0.898  erank=9.99  wall=6.9s
  [io] RESULTS.json written  status=RUNNING
  [seed done] elapsed=10.5min

  SEED 3

  [run 64/100] dataset=cifar10 arch=convnet arm=B seed=3
  [B       /s3/convnet] T1/2 acc=0.867 dead=0.629 erank=61.08 loss=0.3955 wall=3.3s
  [B       /s3/convnet] T2/2 acc=0.723 dead=0.902 erank=10.03 loss=0.7263 wall=3.3s
  → primary_acc=0.7228  dead=0.902  erank=10.03  wall=7.0s

  [run 65/100] dataset=cifar10 arch=convnet arm=C seed=3
  [C       /s3/convnet] T1/2 acc=0.859 dead=0.736 erank=44.17 loss=0.3890 wall=3.3s
  [C       /s3/convnet] T2/2 acc=0.728 dead=0.908 erank=9.80 loss=0.7038 wall=3.3s
  → primary_acc=0.7282  dead=0.908  erank=9.80  wall=6.9s

  [run 66/100] dataset=cifar10 arch=convnet arm=D seed=3
  [D       /s3/convnet] T1/2 acc=0.861 dead=0.629 erank=62.55 loss=0.4046 wall=3.3s
  [D       /s3/convnet] T2/2 acc=0.723 dead=0.898 erank=10.28 loss=0.7128 wall=3.3s
  → primary_acc=0.7232  dead=0.898  erank=10.28  wall=6.9s

  [run 67/100] dataset=cifar10 arch=convnet arm=RANDOM seed=3
  [RANDOM  /s3/convnet] T1/2 acc=0.855 dead=0.781 erank=36.05 loss=0.4042 wall=3.2s
  [RANDOM  /s3/convnet] T2/2 acc=0.510 dead=0.908 erank=9.69 loss=0.7217 wall=3.3s
  → primary_acc=0.5102  dead=0.908  erank=9.69  wall=6.9s
  [io] RESULTS.json written  status=RUNNING
  [seed done] elapsed=11.0min

  SEED 4

  [run 68/100] dataset=cifar10 arch=convnet arm=B seed=4
  [B       /s4/convnet] T1/2 acc=0.836 dead=0.602 erank=65.05 loss=0.4750 wall=3.3s
  [B       /s4/convnet] T2/2 acc=0.702 dead=0.891 erank=11.72 loss=0.7175 wall=3.3s
  → primary_acc=0.7022  dead=0.891  erank=11.72  wall=7.0s

  [run 69/100] dataset=cifar10 arch=convnet arm=C seed=4
  [C       /s4/convnet] T1/2 acc=0.835 dead=0.719 erank=45.77 loss=0.4743 wall=3.3s
  [C       /s4/convnet] T2/2 acc=0.618 dead=0.908 erank=7.09 loss=0.8564 wall=3.3s
  → primary_acc=0.6176  dead=0.908  erank=7.09  wall=7.0s

  [run 70/100] dataset=cifar10 arch=convnet arm=D seed=4
  [D       /s4/convnet] T1/2 acc=0.827 dead=0.600 erank=65.77 loss=0.4896 wall=3.3s
  [D       /s4/convnet] T2/2 acc=0.689 dead=0.889 erank=12.58 loss=0.7393 wall=3.3s
  → primary_acc=0.6890  dead=0.889  erank=12.58  wall=6.9s

  [run 71/100] dataset=cifar10 arch=convnet arm=RANDOM seed=4
  [RANDOM  /s4/convnet] T1/2 acc=0.839 dead=0.764 erank=40.12 loss=0.4759 wall=3.3s
  [RANDOM  /s4/convnet] T2/2 acc=0.661 dead=0.900 erank=8.23 loss=0.7886 wall=3.3s
  → primary_acc=0.6606  dead=0.900  erank=8.23  wall=6.9s
  [io] RESULTS.json written  status=RUNNING
  [seed done] elapsed=11.4min

  SEED 5

  [run 72/100] dataset=cifar10 arch=convnet arm=B seed=5
  [B       /s5/convnet] T1/2 acc=0.799 dead=0.627 erank=73.13 loss=0.4748 wall=3.4s
  [B       /s5/convnet] T2/2 acc=0.568 dead=0.881 erank=11.78 loss=1.1326 wall=3.4s
  → primary_acc=0.5676  dead=0.881  erank=11.78  wall=7.1s

  [run 73/100] dataset=cifar10 arch=convnet arm=C seed=5
  [C       /s5/convnet] T1/2 acc=0.778 dead=0.734 erank=53.18 loss=0.4721 wall=3.3s
  [C       /s5/convnet] T2/2 acc=0.200 dead=0.939 erank=12.94 loss=1.6362 wall=3.3s
  → primary_acc=0.2000  dead=0.940  erank=12.94  wall=7.0s

  [run 74/100] dataset=cifar10 arch=convnet arm=D seed=5
  [D       /s5/convnet] T1/2 acc=0.806 dead=0.633 erank=70.06 loss=0.4852 wall=3.3s
  [D       /s5/convnet] T2/2 acc=0.688 dead=0.883 erank=13.37 loss=0.8622 wall=3.3s
  → primary_acc=0.6880  dead=0.883  erank=13.37  wall=6.8s

  [run 75/100] dataset=cifar10 arch=convnet arm=RANDOM seed=5
  [RANDOM  /s5/convnet] T1/2 acc=0.819 dead=0.768 erank=47.15 loss=0.4695 wall=3.3s
  [RANDOM  /s5/convnet] T2/2 acc=0.752 dead=0.895 erank=11.62 loss=0.7066 wall=3.2s
  → primary_acc=0.7524  dead=0.894  erank=11.62  wall=6.8s
  [io] RESULTS.json written  status=RUNNING
  [seed done] elapsed=11.9min
  [io] RESULTS.json written  status=RUNNING
  [arch done] cifar10/convnet elapsed=11.9min

────────────────────────────────────────────────────────
ARCH: mlp3  (n_pen=512)
────────────────────────────────────────────────────────

  A_floor (seed=0)

  [run 76] dataset=cifar10 arch=mlp3 arm=A_floor seed=0
  [A_floor /s0/mlp3] T1/2 acc=0.663 dead=0.316 erank=102.44 loss=0.7164 wall=1.7s
  [A_floor /s0/mlp3] T2/2 acc=0.668 dead=0.320 erank=78.42 loss=0.7701 wall=1.7s
  → primary_acc=0.6678  dead=0.320  erank=78.42  wall=3.7s

  SEED 0

  [run 77/100] dataset=cifar10 arch=mlp3 arm=B seed=0
  [B       /s0/mlp3] T1/2 acc=0.644 dead=0.129 erank=155.58 loss=0.7110 wall=2.0s
  [B       /s0/mlp3] T2/2 acc=0.673 dead=0.393 erank=91.76 loss=0.7694 wall=1.8s
  → primary_acc=0.6734  dead=0.393  erank=91.76  wall=4.1s

  [run 78/100] dataset=cifar10 arch=mlp3 arm=C seed=0
  [C       /s0/mlp3] T1/2 acc=0.643 dead=0.268 erank=130.31 loss=0.7116 wall=1.7s
  [C       /s0/mlp3] T2/2 acc=0.678 dead=0.340 erank=89.42 loss=0.7585 wall=1.8s
  → primary_acc=0.6782  dead=0.340  erank=89.42  wall=3.8s

  [run 79/100] dataset=cifar10 arch=mlp3 arm=D seed=0
  [D       /s0/mlp3] T1/2 acc=0.648 dead=0.252 erank=127.47 loss=0.7104 wall=1.8s
  [D       /s0/mlp3] T2/2 acc=0.673 dead=0.428 erank=73.35 loss=0.7620 wall=1.8s
  → primary_acc=0.6732  dead=0.428  erank=73.35  wall=3.9s

  [run 80/100] dataset=cifar10 arch=mlp3 arm=RANDOM seed=0
  [RANDOM  /s0/mlp3] T1/2 acc=0.635 dead=0.199 erank=155.36 loss=0.7182 wall=1.8s
  [RANDOM  /s0/mlp3] T2/2 acc=0.669 dead=0.406 erank=96.77 loss=0.7747 wall=1.8s
  → primary_acc=0.6688  dead=0.406  erank=96.77  wall=3.9s
  [io] RESULTS.json written  status=RUNNING
  [seed done] elapsed=12.2min

  SEED 1

  [run 81/100] dataset=cifar10 arch=mlp3 arm=B seed=1
  [B       /s1/mlp3] T1/2 acc=0.712 dead=0.156 erank=141.96 loss=0.6447 wall=1.9s
  [B       /s1/mlp3] T2/2 acc=0.646 dead=0.332 erank=111.66 loss=0.7936 wall=1.9s
  → primary_acc=0.6462  dead=0.332  erank=111.66  wall=4.1s

  [run 82/100] dataset=cifar10 arch=mlp3 arm=C seed=1
  [C       /s1/mlp3] T1/2 acc=0.714 dead=0.273 erank=116.02 loss=0.6425 wall=1.7s
  [C       /s1/mlp3] T2/2 acc=0.650 dead=0.346 erank=88.23 loss=0.7909 wall=1.7s
  → primary_acc=0.6498  dead=0.346  erank=88.23  wall=3.7s

  [run 83/100] dataset=cifar10 arch=mlp3 arm=D seed=1
  [D       /s1/mlp3] T1/2 acc=0.715 dead=0.260 erank=115.90 loss=0.6445 wall=1.7s
  [D       /s1/mlp3] T2/2 acc=0.647 dead=0.396 erank=78.15 loss=0.7922 wall=1.7s
  → primary_acc=0.6470  dead=0.397  erank=78.15  wall=3.7s

  [run 84/100] dataset=cifar10 arch=mlp3 arm=RANDOM seed=1
  [RANDOM  /s1/mlp3] T1/2 acc=0.722 dead=0.234 erank=146.68 loss=0.6470 wall=1.8s
  [RANDOM  /s1/mlp3] T2/2 acc=0.629 dead=0.395 erank=95.58 loss=0.8046 wall=1.8s
  → primary_acc=0.6294  dead=0.395  erank=95.58  wall=3.8s
  [io] RESULTS.json written  status=RUNNING
  [seed done] elapsed=12.5min

  SEED 2

  [run 85/100] dataset=cifar10 arch=mlp3 arm=B seed=2
  [B       /s2/mlp3] T1/2 acc=0.585 dead=0.158 erank=150.74 loss=0.9136 wall=1.8s
  [B       /s2/mlp3] T2/2 acc=0.723 dead=0.365 erank=95.54 loss=0.6469 wall=1.8s
  → primary_acc=0.7226  dead=0.365  erank=95.54  wall=3.9s

  [run 86/100] dataset=cifar10 arch=mlp3 arm=C seed=2
  [C       /s2/mlp3] T1/2 acc=0.581 dead=0.291 erank=115.92 loss=0.9151 wall=1.8s
  [C       /s2/mlp3] T2/2 acc=0.715 dead=0.332 erank=96.05 loss=0.6410 wall=1.7s
  → primary_acc=0.7146  dead=0.332  erank=96.05  wall=3.7s

  [run 87/100] dataset=cifar10 arch=mlp3 arm=D seed=2
  [D       /s2/mlp3] T1/2 acc=0.586 dead=0.262 erank=123.59 loss=0.9152 wall=1.8s
  [D       /s2/mlp3] T2/2 acc=0.719 dead=0.410 erank=78.52 loss=0.6341 wall=1.7s
  → primary_acc=0.7192  dead=0.410  erank=78.52  wall=3.8s

  [run 88/100] dataset=cifar10 arch=mlp3 arm=RANDOM seed=2
  [RANDOM  /s2/mlp3] T1/2 acc=0.580 dead=0.252 erank=141.99 loss=0.9230 wall=1.8s
  [RANDOM  /s2/mlp3] T2/2 acc=0.717 dead=0.369 erank=104.49 loss=0.6490 wall=1.8s
  → primary_acc=0.7174  dead=0.369  erank=104.49  wall=3.8s
  [io] RESULTS.json written  status=RUNNING
  [seed done] elapsed=12.8min

  SEED 3

  [run 89/100] dataset=cifar10 arch=mlp3 arm=B seed=3
  [B       /s3/mlp3] T1/2 acc=0.717 dead=0.135 erank=149.26 loss=0.6857 wall=1.9s
  [B       /s3/mlp3] T2/2 acc=0.651 dead=0.373 erank=98.10 loss=0.8149 wall=1.9s
  → primary_acc=0.6512  dead=0.373  erank=98.10  wall=4.1s

  [run 90/100] dataset=cifar10 arch=mlp3 arm=C seed=3
  [C       /s3/mlp3] T1/2 acc=0.716 dead=0.268 erank=119.11 loss=0.6849 wall=1.9s
  [C       /s3/mlp3] T2/2 acc=0.649 dead=0.346 erank=89.18 loss=0.8058 wall=1.8s
  → primary_acc=0.6490  dead=0.346  erank=89.18  wall=3.9s

  [run 91/100] dataset=cifar10 arch=mlp3 arm=D seed=3
  [D       /s3/mlp3] T1/2 acc=0.721 dead=0.217 erank=124.83 loss=0.6858 wall=1.8s
  [D       /s3/mlp3] T2/2 acc=0.650 dead=0.395 erank=77.72 loss=0.8110 wall=1.8s
  → primary_acc=0.6502  dead=0.395  erank=77.72  wall=3.9s

  [run 92/100] dataset=cifar10 arch=mlp3 arm=RANDOM seed=3
  [RANDOM  /s3/mlp3] T1/2 acc=0.714 dead=0.244 erank=146.06 loss=0.6878 wall=1.8s
  [RANDOM  /s3/mlp3] T2/2 acc=0.639 dead=0.377 erank=109.23 loss=0.8193 wall=1.8s
  → primary_acc=0.6394  dead=0.377  erank=109.23  wall=3.9s
  [io] RESULTS.json written  status=RUNNING
  [seed done] elapsed=13.0min

  SEED 4

  [run 93/100] dataset=cifar10 arch=mlp3 arm=B seed=4
  [B       /s4/mlp3] T1/2 acc=0.703 dead=0.131 erank=147.77 loss=0.7134 wall=1.9s
  [B       /s4/mlp3] T2/2 acc=0.615 dead=0.377 erank=101.00 loss=0.7905 wall=1.9s
  → primary_acc=0.6150  dead=0.377  erank=101.00  wall=4.0s

  [run 94/100] dataset=cifar10 arch=mlp3 arm=C seed=4
  [C       /s4/mlp3] T1/2 acc=0.707 dead=0.248 erank=120.48 loss=0.7143 wall=1.8s
  [C       /s4/mlp3] T2/2 acc=0.627 dead=0.357 erank=94.35 loss=0.7822 wall=1.9s
  → primary_acc=0.6274  dead=0.357  erank=94.35  wall=3.9s

  [run 95/100] dataset=cifar10 arch=mlp3 arm=D seed=4
  [D       /s4/mlp3] T1/2 acc=0.704 dead=0.244 erank=120.58 loss=0.7154 wall=1.8s
  [D       /s4/mlp3] T2/2 acc=0.627 dead=0.447 erank=75.88 loss=0.7827 wall=1.8s
  → primary_acc=0.6270  dead=0.447  erank=75.88  wall=3.9s

  [run 96/100] dataset=cifar10 arch=mlp3 arm=RANDOM seed=4
  [RANDOM  /s4/mlp3] T1/2 acc=0.704 dead=0.213 erank=148.67 loss=0.7189 wall=1.8s
  [RANDOM  /s4/mlp3] T2/2 acc=0.619 dead=0.383 erank=113.66 loss=0.7954 wall=1.8s
  → primary_acc=0.6192  dead=0.383  erank=113.66  wall=3.9s
  [io] RESULTS.json written  status=RUNNING
  [seed done] elapsed=13.3min

  SEED 5

  [run 97/100] dataset=cifar10 arch=mlp3 arm=B seed=5
  [B       /s5/mlp3] T1/2 acc=0.680 dead=0.141 erank=155.77 loss=0.7341 wall=1.9s
  [B       /s5/mlp3] T2/2 acc=0.666 dead=0.400 erank=95.92 loss=0.7447 wall=1.9s
  → primary_acc=0.6664  dead=0.400  erank=95.92  wall=4.0s

  [run 98/100] dataset=cifar10 arch=mlp3 arm=C seed=5
  [C       /s5/mlp3] T1/2 acc=0.685 dead=0.254 erank=132.78 loss=0.7341 wall=1.8s
  [C       /s5/mlp3] T2/2 acc=0.667 dead=0.350 erank=95.61 loss=0.7372 wall=1.8s
  → primary_acc=0.6672  dead=0.350  erank=95.61  wall=3.9s

  [run 99/100] dataset=cifar10 arch=mlp3 arm=D seed=5
  [D       /s5/mlp3] T1/2 acc=0.685 dead=0.250 erank=130.26 loss=0.7369 wall=1.8s
  [D       /s5/mlp3] T2/2 acc=0.671 dead=0.402 erank=85.12 loss=0.7391 wall=1.8s
  → primary_acc=0.6712  dead=0.402  erank=85.12  wall=3.8s

  [run 100/100] dataset=cifar10 arch=mlp3 arm=RANDOM seed=5
  [RANDOM  /s5/mlp3] T1/2 acc=0.681 dead=0.207 erank=160.10 loss=0.7390 wall=1.8s
  [RANDOM  /s5/mlp3] T2/2 acc=0.663 dead=0.383 erank=109.56 loss=0.7505 wall=1.8s
  → primary_acc=0.6626  dead=0.383  erank=109.56  wall=3.8s
  [io] RESULTS.json written  status=RUNNING
  [seed done] elapsed=13.6min
  [io] RESULTS.json written  status=RUNNING
  [arch done] cifar10/mlp3 elapsed=13.6min

====================================================================
ALL DONE — Total wall time: 13.6 min

── RESULTS SUMMARY ──
  Cell                            floor  D      C      B      RAND   D-C(pp)  eq?  D>RND(p)
  cifar100_convnet                0.433  0.781  0.765  0.783  0.753  +1.56   N    0.0777
  cifar100_mlp3                   0.741  0.694  0.700  0.698  0.700  -0.60   Y    0.9324
  cifar10_convnet                 0.200  0.721  0.636  0.709  0.698  +8.45   N    0.2978
  cifar10_mlp3                    0.668  0.665  0.664  0.662  0.656  +0.03   Y    0.0063

Equivalence D≈C: 2/4 cells
Mechanism D>RND: 1/4 cells
  [io] RESULTS.json written  status=SUCCESS

[done] RESULTS.json written to /workspace/results/scale_grid2/RESULTS.json
{
  "status": "SUCCESS",
  "scale": "full",
  "data_source": "cifar_real",
  "seeds_per_cell": 6,
  "cells": {
    "cifar100_convnet": {
      "floor": 0.4327,
      "B": {
        "mean": 0.783,
        "std": 0.0386,
        "per_seed_acc": [
          0.7887,
          0.7607,
          0.8407,
          0.7767,
          0.804,
          0.7273
        ],
        "n_seeds": 6,
        "dead_final_mean": 0.859,
        "erank_final_mean": 14.0433
      },
      "C": {
        "mean": 0.7652,
        "std": 0.0624,
        "per_seed_acc": [
          0.8113,
          0.646,
          0.8107,
          0.7973,
          0.7593,
          0.7667
        ],
        "n_seeds": 6,
        "dead_final_mean": 0.8861,
        "erank_final_mean": 11.2809
      },
      "D": {
        "mean": 0.7808,
        "std": 0.0398,
        "per_seed_acc": [
          0.7987,
          0.7167,
          0.8273,
          0.7573,
          0.808,
          0.7767
        ],
        "n_seeds": 6,
        "dead_final_mean": 0.8766,
        "erank_final_mean": 10.6681
      },
      "RANDOM": {
        "mean": 0.7527,
        "std": 0.059,
        "per_seed_acc": [
          0.76,
          0.6433,
          0.808,
          0.8007,
          0.7473,
          0.7567
        ],
        "n_seeds": 6,
        "dead_final_mean": 0.8838,
        "erank_final_mean": 11.6717
      },
      "paired_D_C": {
        "per_seed": [
          -1.26,
          7.07,
          1.66,
          -4.0,
          4.87,
          1.0
        ],
        "mean_pp": 1.557,
        "ci95_pp": [
          -2.654,
          5.768
        ],
        "p_two_sided": 0.385617,
        "p_one_sided": 0.192809,
        "n": 6,
        "equivalent_within_3pp": false
      },
      "paired_D_RANDOM": {
        "per_seed": [
          3.87,
          7.34,
          1.93,
          -4.34,
          6.07,
          2.0
        ],
        "mean_pp": 2.812,
        "ci95_pp": [
          -1.511,
          7.134
        ],
        "p_two_sided": 0.155366,
        "p_one_sided": 0.077683,
        "n": 6,
        "beats_random": false
      },
      "paired_D_B": {
        "per_seed": [
          1.0,
          -4.4,
          -1.34,
          -1.94,
          0.4,
          4.94
        ],
        "mean_pp": -0.223,
        "ci95_pp": [
          -3.548,
          3.101
        ],
        "p_two_sided": 0.869678,
        "p_one_sided": 0.565161,
        "n": 6
      }
    },
    "cifar100_mlp3": {
      "floor": 0.7413,
      "B": {
        "mean": 0.6976,
        "std": 0.0403,
        "per_seed_acc": [
          0.73,
          0.6267,
          0.7313,
          0.722,
          0.6947,
          0.6807
        ],
        "n_seeds": 6,
        "dead_final_mean": 0.3529,
        "erank_final_mean": 93.8841
      },
      "C": {
        "mean": 0.7,
        "std": 0.0401,
        "per_seed_acc": [
          0.736,
          0.6327,
          0.73,
          0.724,
          0.704,
          0.6733
        ],
        "n_seeds": 6,
        "dead_final_mean": 0.3633,
        "erank_final_mean": 98.7737
      },
      "D": {
        "mean": 0.694,
        "std": 0.0362,
        "per_seed_acc": [
          0.734,
          0.6307,
          0.714,
          0.7053,
          0.704,
          0.676
        ],
        "n_seeds": 6,
        "dead_final_mean": 0.3857,
        "erank_final_mean": 89.5558
      },
      "RANDOM": {
        "mean": 0.7002,
        "std": 0.0377,
        "per_seed_acc": [
          0.73,
          0.6347,
          0.7273,
          0.7247,
          0.7073,
          0.6773
        ],
        "n_seeds": 6,
        "dead_final_mean": 0.2494,
        "erank_final_mean": 115.9373
      },
      "paired_D_C": {
        "per_seed": [
          -0.2,
          -0.2,
          -1.6,
          -1.87,
          0.0,
          0.27
        ],
        "mean_pp": -0.6,
        "ci95_pp": [
          -1.544,
          0.344
        ],
        "p_two_sided": 0.16339,
        "p_one_sided": 0.918305,
        "n": 6,
        "equivalent_within_3pp": true
      },
      "paired_D_RANDOM": {
        "per_seed": [
          0.4,
          -0.4,
          -1.33,
          -1.94,
          -0.33,
          -0.13
        ],
        "mean_pp": -0.622,
        "ci95_pp": [
          -1.519,
          0.276
        ],
        "p_two_sided": 0.135203,
        "p_one_sided": 0.932398,
        "n": 6,
        "beats_random": false
      },
      "paired_D_B": {
        "per_seed": [
          0.4,
          0.4,
          -1.73,
          -1.67,
          0.93,
          -0.47
        ],
        "mean_pp": -0.357,
        "ci95_pp": [
          -1.546,
          0.833
        ],
        "p_two_sided": 0.475683,
        "p_one_sided": 0.762158,
        "n": 6
      }
    },
    "cifar10_convnet": {
      "floor": 0.2,
      "B": {
        "mean": 0.7086,
        "std": 0.0851,
        "per_seed_acc": [
          0.7374,
          0.6908,
          0.8308,
          0.7228,
          0.7022,
          0.5676
        ],
        "n_seeds": 6,
        "dead_final_mean": 0.8874,
        "erank_final_mean": 13.0407
      },
      "C": {
        "mean": 0.6361,
        "std": 0.2249,
        "per_seed_acc": [
          0.7368,
          0.6984,
          0.8358,
          0.7282,
          0.6176,
          0.2
        ],
        "n_seeds": 6,
        "dead_final_mean": 0.9079,
        "erank_final_mean": 10.6434
      },
      "D": {
        "mean": 0.7207,
        "std": 0.0534,
        "per_seed_acc": [
          0.7438,
          0.6662,
          0.8138,
          0.7232,
          0.689,
          0.688
        ],
        "n_seeds": 6,
        "dead_final_mean": 0.8838,
        "erank_final_mean": 14.2605
      },
      "RANDOM": {
        "mean": 0.6978,
        "std": 0.1043,
        "per_seed_acc": [
          0.7562,
          0.7028,
          0.8048,
          0.5102,
          0.6606,
          0.7524
        ],
        "n_seeds": 6,
        "dead_final_mean": 0.8991,
        "erank_final_mean": 10.9701
      },
      "paired_D_C": {
        "per_seed": [
          0.7,
          -3.22,
          -2.2,
          -0.5,
          7.14,
          48.8
        ],
        "mean_pp": 8.453,
        "ci95_pp": [
          -12.638,
          29.545
        ],
        "p_two_sided": 0.350115,
        "p_one_sided": 0.175058,
        "n": 6,
        "equivalent_within_3pp": false
      },
      "paired_D_RANDOM": {
        "per_seed": [
          -1.24,
          -3.66,
          0.9,
          21.3,
          2.84,
          -6.44
        ],
        "mean_pp": 2.283,
        "ci95_pp": [
          -8.081,
          12.648
        ],
        "p_two_sided": 0.595653,
        "p_one_sided": 0.297826,
        "n": 6,
        "beats_random": false
      },
      "paired_D_B": {
        "per_seed": [
          0.64,
          -2.46,
          -1.7,
          0.04,
          -1.32,
          12.04
        ],
        "mean_pp": 1.207,
        "ci95_pp": [
          -4.49,
          6.903
        ],
        "p_two_sided": 0.609477,
        "p_one_sided": 0.304739,
        "n": 6
      }
    },
    "cifar10_mlp3": {
      "floor": 0.6678,
      "B": {
        "mean": 0.6625,
        "std": 0.0358,
        "per_seed_acc": [
          0.6734,
          0.6462,
          0.7226,
          0.6512,
          0.615,
          0.6664
        ],
        "n_seeds": 6,
        "dead_final_mean": 0.3734,
        "erank_final_mean": 98.9962
      },
      "C": {
        "mean": 0.6644,
        "std": 0.0301,
        "per_seed_acc": [
          0.6782,
          0.6498,
          0.7146,
          0.649,
          0.6274,
          0.6672
        ],
        "n_seeds": 6,
        "dead_final_mean": 0.345,
        "erank_final_mean": 92.1415
      },
      "D": {
        "mean": 0.6646,
        "std": 0.0317,
        "per_seed_acc": [
          0.6732,
          0.647,
          0.7192,
          0.6502,
          0.627,
          0.6712
        ],
        "n_seeds": 6,
        "dead_final_mean": 0.4131,
        "erank_final_mean": 78.1228
      },
      "RANDOM": {
        "mean": 0.6561,
        "std": 0.0355,
        "per_seed_acc": [
          0.6688,
          0.6294,
          0.7174,
          0.6394,
          0.6192,
          0.6626
        ],
        "n_seeds": 6,
        "dead_final_mean": 0.3854,
        "erank_final_mean": 104.8802
      },
      "paired_D_C": {
        "per_seed": [
          -0.5,
          -0.28,
          0.46,
          0.12,
          -0.04,
          0.4
        ],
        "mean_pp": 0.027,
        "ci95_pp": [
          -0.369,
          0.423
        ],
        "p_two_sided": 0.86934,
        "p_one_sided": 0.43467,
        "n": 6,
        "equivalent_within_3pp": true
      },
      "paired_D_RANDOM": {
        "per_seed": [
          0.44,
          1.76,
          0.18,
          1.08,
          0.78,
          0.86
        ],
        "mean_pp": 0.85,
        "ci95_pp": [
          0.275,
          1.425
        ],
        "p_two_sided": 0.012661,
        "p_one_sided": 0.00633,
        "n": 6,
        "beats_random": true
      },
      "paired_D_B": {
        "per_seed": [
          -0.02,
          0.08,
          -0.34,
          -0.1,
          1.2,
          0.48
        ],
        "mean_pp": 0.217,
        "ci95_pp": [
          -0.362,
          0.796
        ],
        "p_two_sided": 0.380137,
        "p_one_sided": 0.190068,
        "n": 6
      }
    }
  },
  "summary": {
    "equivalence_holds_in": "2/4 cells",
    "mechanism_holds_in": "1/4 cells",
    "datasets": [
      "cifar100",
      "cifar10"
    ],
    "architectures": [
      "convnet",
      "mlp3"
    ],
    "n_cells_done": 4,
    "n_cells_total": 4
  },
  "subject_executed": "CIFAR-100 (4T\u00d75cls) + CIFAR-10 (2T\u00d75cls) \u00d7 ConvNet+MLP3 \u00d7 A_floor/B/C/D/RANDOM \u00d7 800 steps/task, reset_every=100, frac=0.1, seeds=[0, 1, 2, 3, 4, 5]",
  "notes": "Does Adam v_t zero-cost plasticity reset generalize across datasets (CIFAR-100 4T, CIFAR-10 2T) and architectures (ConvNet, MLP3)?",
  "wall_time_min": 13.56,
  "run_count": 100,
  "metrics": {
    "cifar100_convnet": {
      "floor": 0.4327,
      "D_mean_acc": 0.7808,
      "C_mean_acc": 0.7652,
      "B_mean_acc": 0.783,
      "RANDOM_mean_acc": 0.7527,
      "D_C_mean_pp": 1.557,
      "D_C_ci95_pp": [
        -2.654,
        5.768
      ],
      "equivalent_within_3pp": false,
      "D_RANDOM_mean_pp": 2.812,
      "D_RANDOM_p_one_sided": 0.077683,
      "beats_random": false,
      "D_B_mean_pp": -0.223
    },
    "cifar100_mlp3": {
      "floor": 0.7413,
      "D_mean_acc": 0.694,
      "C_mean_acc": 0.7,
      "B_mean_acc": 0.6976,
      "RANDOM_mean_acc": 0.7002,
      "D_C_mean_pp": -0.6,
      "D_C_ci95_pp": [
        -1.544,
        0.344
      ],
      "equivalent_within_3pp": true,
      "D_RANDOM_mean_pp": -0.622,
      "D_RANDOM_p_one_sided": 0.932398,
      "beats_random": false,
      "D_B_mean_pp": -0.357
    },
    "cifar10_convnet": {
      "floor": 0.2,
      "D_mean_acc": 0.7207,
      "C_mean_acc": 0.6361,
      "B_mean_acc": 0.7086,
      "RANDOM_mean_acc": 0.6978,
      "D_C_mean_pp": 8.453,
      "D_C_ci95_pp": [
        -12.638,
        29.545
      ],
      "equivalent_within_3pp": false,
      "D_RANDOM_mean_pp": 2.283,
      "D_RANDOM_p_one_sided": 0.297826,
      "beats_random": false,
      "D_B_mean_pp": 1.207
    },
    "cifar10_mlp3": {
      "floor": 0.6678,
      "D_mean_acc": 0.6646,
      "C_mean_acc": 0.6644,
      "B_mean_acc": 0.6625,
      "RANDOM_mean_acc": 0.6561,
      "D_C_mean_pp": 0.027,
      "D_C_ci95_pp": [
        -0.369,
        0.423
      ],
      "equivalent_within_3pp": true,
      "D_RANDOM_mean_pp": 0.85,
      "D_RANDOM_p_one_sided": 0.00633,
      "beats_random": true,
      "D_B_mean_pp": 0.217
    }
  }
}
