EOS predictor | hidden=100 6seeds x 250tasks lr=0.1 | sharpness via 12-step power iteration

============================================================
SEED 0 (0s)
============================================================
  t  1/250 acc=0.9238 dead=0.0600 erank= 38.43 S=   4.005 eos= 0.400 [1s]
  t  2/250 acc=0.9363 dead=0.2250 erank= 40.05 S=   3.538 eos= 0.354 [2s]
  t  3/250 acc=0.9286 dead=0.3200 erank= 36.95 S=   4.700 eos= 0.470 [2s]
  t 25/250 acc=0.9001 dead=0.6150 erank= 28.82 S=   4.801 eos= 0.480 [16s]
  t 50/250 acc=0.8991 dead=0.7250 erank= 23.43 S=   3.175 eos= 0.318 [33s]
  t 75/250 acc=0.8935 dead=0.7400 erank= 22.75 S=   1.837 eos= 0.184 [48s]
  t100/250 acc=0.8562 dead=0.8500 erank= 10.80 S=   5.340 eos= 0.534 [63s]
  t125/250 acc=0.8638 dead=0.8350 erank= 15.27 S=   5.189 eos= 0.519 [83s]
  t150/250 acc=0.8627 dead=0.8250 erank= 14.04 S=   5.600 eos= 0.560 [103s]
  t175/250 acc=0.8576 dead=0.8450 erank= 12.27 S=   4.465 eos= 0.446 [119s]
  t200/250 acc=0.8323 dead=0.8900 erank=  9.36 S=   6.157 eos= 0.616 [136s]
  t225/250 acc=0.7840 dead=0.8900 erank=  7.78 S=   8.946 eos= 0.895 [154s]
  t250/250 acc=0.8440 dead=0.8950 erank=  9.32 S=   4.768 eos= 0.477 [170s]
  Seed 0 DONE dead_t1=0.060 drop=14.1pp t_collapse=234 S0=4.00 Sf=4.77

============================================================
SEED 1 (171s)
============================================================
  t  1/250 acc=0.9354 dead=0.0650 erank= 37.91 S=   2.491 eos= 0.249 [0s]
  t  2/250 acc=0.9402 dead=0.2200 erank= 40.92 S=   3.521 eos= 0.352 [1s]
  t  3/250 acc=0.9324 dead=0.2850 erank= 40.44 S=   3.660 eos= 0.366 [2s]
  t 25/250 acc=0.9019 dead=0.7350 erank= 24.84 S=   4.582 eos= 0.458 [16s]
  t 50/250 acc=0.8844 dead=0.7500 erank= 19.60 S=   4.228 eos= 0.423 [34s]
  t 75/250 acc=0.8497 dead=0.8350 erank= 11.34 S=   4.207 eos= 0.421 [50s]
  t100/250 acc=0.8349 dead=0.8700 erank= 10.56 S=   4.014 eos= 0.401 [68s]
  t125/250 acc=0.7588 dead=0.8750 erank=  7.22 S=  10.083 eos= 1.008 [85s]
  t150/250 acc=0.8249 dead=0.8500 erank= 11.19 S=   5.695 eos= 0.570 [103s]
  t175/250 acc=0.7442 dead=0.8850 erank= 10.27 S=   7.429 eos= 0.743 [121s]
  t200/250 acc=0.8256 dead=0.8750 erank=  8.81 S=   6.021 eos= 0.602 [139s]
  t225/250 acc=0.8246 dead=0.8550 erank= 10.23 S=   3.639 eos= 0.364 [157s]
  t250/250 acc=0.8180 dead=0.8950 erank=  8.93 S=   5.048 eos= 0.505 [175s]
  Seed 1 DONE dead_t1=0.065 drop=17.0pp t_collapse=216 S0=2.49 Sf=5.05

============================================================
SEED 2 (346s)
============================================================
  t  1/250 acc=0.9309 dead=0.0750 erank= 36.03 S=   3.882 eos= 0.388 [0s]
  t  2/250 acc=0.9376 dead=0.2950 erank= 40.01 S=   2.824 eos= 0.282 [1s]
  t  3/250 acc=0.9288 dead=0.3500 erank= 39.44 S=   3.787 eos= 0.379 [2s]
  t 25/250 acc=0.8738 dead=0.7450 erank= 16.59 S=   4.397 eos= 0.440 [17s]
  t 50/250 acc=0.8927 dead=0.7550 erank= 20.07 S=   3.826 eos= 0.383 [32s]
  t 75/250 acc=0.8765 dead=0.8000 erank= 17.40 S=   3.217 eos= 0.322 [47s]
  t100/250 acc=0.8649 dead=0.8150 erank= 15.55 S=   4.230 eos= 0.423 [61s]
  t125/250 acc=0.8400 dead=0.8100 erank= 13.75 S=   4.219 eos= 0.422 [76s]
  t150/250 acc=0.8461 dead=0.8250 erank= 13.53 S=   5.844 eos= 0.584 [91s]
  t175/250 acc=0.8346 dead=0.8350 erank= 14.38 S=   6.128 eos= 0.613 [106s]
  t200/250 acc=0.7998 dead=0.8700 erank= 11.51 S=   5.510 eos= 0.551 [121s]
  t225/250 acc=0.8435 dead=0.8900 erank=  7.99 S=   3.739 eos= 0.374 [137s]
  t250/250 acc=0.5727 dead=0.9500 erank=  4.08 S=   5.635 eos= 0.563 [152s]
  Seed 2 DONE dead_t1=0.075 drop=20.6pp t_collapse=225 S0=3.88 Sf=5.63

============================================================
SEED 3 (498s)
============================================================
  t  1/250 acc=0.9370 dead=0.0750 erank= 36.09 S=   3.092 eos= 0.309 [0s]
  t  2/250 acc=0.9245 dead=0.2800 erank= 36.61 S=   5.257 eos= 0.526 [1s]
  t  3/250 acc=0.9334 dead=0.3350 erank= 37.39 S=   2.793 eos= 0.279 [2s]
  t 25/250 acc=0.9176 dead=0.6800 erank= 25.26 S=   2.911 eos= 0.291 [16s]
  t 50/250 acc=0.8914 dead=0.7550 erank= 19.52 S=   3.671 eos= 0.367 [31s]
  t 75/250 acc=0.8843 dead=0.7700 erank= 18.67 S=   4.288 eos= 0.429 [47s]
  t100/250 acc=0.8606 dead=0.8300 erank= 12.22 S=   4.431 eos= 0.443 [63s]
  t125/250 acc=0.8213 dead=0.8400 erank= 12.88 S=   4.404 eos= 0.440 [78s]
  t150/250 acc=0.8507 dead=0.8400 erank= 13.81 S=   3.501 eos= 0.350 [93s]
  t175/250 acc=0.8196 dead=0.8900 erank= 10.43 S=   4.439 eos= 0.444 [110s]
  t200/250 acc=0.7960 dead=0.8950 erank=  8.58 S=   4.691 eos= 0.469 [126s]
  t225/250 acc=0.7428 dead=0.8750 erank=  7.63 S=   6.831 eos= 0.683 [142s]
  t250/250 acc=0.8077 dead=0.8900 erank=  8.08 S=   5.398 eos= 0.540 [158s]
  Seed 3 DONE dead_t1=0.075 drop=18.4pp t_collapse=215 S0=3.09 Sf=5.40

============================================================
SEED 4 (656s)
============================================================
  t  1/250 acc=0.9294 dead=0.0650 erank= 38.19 S=   3.655 eos= 0.366 [0s]
  t  2/250 acc=0.9340 dead=0.2350 erank= 39.55 S=   2.983 eos= 0.298 [1s]
  t  3/250 acc=0.9343 dead=0.2800 erank= 40.59 S=   2.686 eos= 0.269 [2s]
  t 25/250 acc=0.8893 dead=0.6800 erank= 25.73 S=   4.042 eos= 0.404 [17s]
  t 50/250 acc=0.8913 dead=0.7550 erank= 23.23 S=   3.131 eos= 0.313 [32s]
  t 75/250 acc=0.8902 dead=0.7750 erank= 20.13 S=   3.429 eos= 0.343 [49s]
  t100/250 acc=0.8873 dead=0.7900 erank= 16.06 S=   3.807 eos= 0.381 [66s]
  t125/250 acc=0.8261 dead=0.8650 erank= 11.55 S=   8.245 eos= 0.825 [82s]
  t150/250 acc=0.8333 dead=0.8750 erank=  8.27 S=   7.347 eos= 0.735 [100s]
  t175/250 acc=0.8422 dead=0.9000 erank=  9.50 S=   5.014 eos= 0.501 [117s]
  t200/250 acc=0.7697 dead=0.8850 erank=  8.88 S=   4.774 eos= 0.477 [134s]
  t225/250 acc=0.7608 dead=0.9050 erank=  7.76 S=   7.580 eos= 0.758 [152s]
  t250/250 acc=0.6235 dead=0.9250 erank=  5.53 S=   9.574 eos= 0.957 [170s]
  Seed 4 DONE dead_t1=0.065 drop=34.4pp t_collapse=190 S0=3.66 Sf=9.57

============================================================
SEED 5 (825s)
============================================================
  t  1/250 acc=0.9386 dead=0.0850 erank= 35.68 S=   3.545 eos= 0.354 [0s]
  t  2/250 acc=0.9368 dead=0.2750 erank= 39.12 S=   2.633 eos= 0.263 [1s]
  t  3/250 acc=0.9359 dead=0.3650 erank= 38.96 S=   2.955 eos= 0.295 [2s]
  t 25/250 acc=0.8931 dead=0.7200 erank= 21.98 S=   4.606 eos= 0.461 [17s]
  t 50/250 acc=0.8971 dead=0.7150 erank= 22.49 S=   3.045 eos= 0.304 [34s]
  t 75/250 acc=0.8522 dead=0.8250 erank= 14.07 S=   5.997 eos= 0.600 [52s]
  t100/250 acc=0.8718 dead=0.8150 erank= 14.39 S=   3.457 eos= 0.346 [69s]
  t125/250 acc=0.8309 dead=0.8450 erank= 14.18 S=   5.661 eos= 0.566 [87s]
  t150/250 acc=0.8436 dead=0.8650 erank= 10.26 S=   6.123 eos= 0.612 [105s]
  t175/250 acc=0.7320 dead=0.8750 erank= 10.43 S=   6.411 eos= 0.641 [122s]
  t200/250 acc=0.7948 dead=0.8700 erank= 11.05 S=   3.914 eos= 0.391 [139s]
  t225/250 acc=0.7229 dead=0.9050 erank=  7.17 S=   8.330 eos= 0.833 [157s]
  t250/250 acc=0.7476 dead=0.9050 erank=  8.30 S=   5.702 eos= 0.570 [174s]
  Seed 5 DONE dead_t1=0.085 drop=17.9pp t_collapse=170 S0=3.54 Sf=5.70

============================================================
DONE 1000s
{
  "predictive_auc": {
    "dead_unit_fraction": 0.9100467325378729,
    "effective_rank": 0.9042028759893653,
    "sharpness": 0.19052895372227258,
    "eos_product": 0.19052895372227258
  },
  "precedence_order": [
    "dead_unit_fraction",
    "sharpness",
    "eos_product",
    "effective_rank"
  ],
  "sharpness_vs_dead_paired": {
    "median_diff": -8.5,
    "wilcoxon_p": 0.03125
  },
  "mean_sharpness_init": 3.444838824837158,
  "mean_sharpness_final": 6.020613682611535,
  "mean_eos_init": 0.3444838824837158,
  "mean_eos_final": 0.6020613682611535,
  "healthy": true,
  "n_collapsed": 6
}
