Device: cuda
Config: 5 seeds × 20 tasks × 1000 steps/task
LR=0.05, momentum=0.9, WD=0.0
Permuted CIFAR-10: each task shuffles pixels, same 10-class labels
CIFAR-10 loaded: train=(50000, 3072), test=(10000, 3072)
Created 20 permuted tasks:
  Task 1: train=50000, test=10000, probe=512
  Task 2: train=50000, test=10000, probe=512
  Task 3: train=50000, test=10000, probe=512
  Task 20: train=50000, test=10000, probe=512

============================================================
SEED 0
============================================================
  [sanity] init CE = 2.3035, expected ~2.3026, diff=0.0009 PASS
  Task  1 | acc=0.297  dead=0.815  erank=25.64  gns=1.5757  wdrift=2.346
  Task  2 | acc=0.254  dead=0.880  erank=8.62  gns=1.7239  wdrift=2.820
  Task  3 | acc=0.162  dead=0.919  erank=1.41  gns=15.7650  wdrift=5.648
  Task  4 | acc=0.175  dead=0.944  erank=1.24  gns=0.5919  wdrift=5.410
  Task  5 | acc=0.167  dead=0.946  erank=2.41  gns=5.1345  wdrift=4.721
  Task  6 | acc=0.216  dead=0.950  erank=3.21  gns=1.0167  wdrift=6.841
  Task  7 | acc=0.225  dead=0.956  erank=2.61  gns=6.1361  wdrift=7.637
  Task  8 | acc=0.215  dead=0.995  erank=1.96  gns=0.9687  wdrift=7.927
  Task  9 | acc=0.197  dead=0.989  erank=1.96  gns=1.2893  wdrift=8.170
  Task 10 | acc=0.100  dead=0.998  erank=0.00  gns=0.9451  wdrift=4.564
  Task 11 | acc=0.100  dead=0.999  erank=0.00  gns=7.1177  wdrift=4.607
  Task 12 | acc=0.100  dead=0.999  erank=0.00  gns=2.6859  wdrift=4.538
  Task 13 | acc=0.100  dead=0.999  erank=0.00  gns=4.3713  wdrift=4.735
  Task 14 | acc=0.100  dead=0.999  erank=0.00  gns=2.7485  wdrift=4.607
  Task 15 | acc=0.100  dead=0.999  erank=0.00  gns=1.1952  wdrift=4.598
  Task 16 | acc=0.100  dead=0.999  erank=0.00  gns=14.6757  wdrift=4.527
  Task 17 | acc=0.100  dead=0.999  erank=0.00  gns=3.0896  wdrift=4.521
  Task 18 | acc=0.100  dead=0.999  erank=0.00  gns=6.8627  wdrift=4.489
  Task 19 | acc=0.100  dead=0.999  erank=0.00  gns=0.4542  wdrift=4.465
  Task 20 | acc=0.100  dead=0.999  erank=0.00  gns=4.4281  wdrift=4.627
  → t_collapse (0-based) = 2

============================================================
SEED 1
============================================================
  [sanity] init CE = 2.3082, expected ~2.3026, diff=0.0056 PASS
  Task  1 | acc=0.335  dead=0.839  erank=40.59  gns=1.7027  wdrift=2.551
  Task  2 | acc=0.181  dead=0.857  erank=5.54  gns=1.6765  wdrift=3.570
  Task  3 | acc=0.194  dead=0.880  erank=4.26  gns=4.0388  wdrift=5.378
  Task  4 | acc=0.215  dead=0.963  erank=4.02  gns=0.5210  wdrift=4.971
  Task  5 | acc=0.223  dead=0.964  erank=5.41  gns=0.9354  wdrift=4.325
  Task  6 | acc=0.196  dead=0.993  erank=3.12  gns=0.1196  wdrift=5.236
  Task  7 | acc=0.167  dead=0.984  erank=1.34  gns=2.1812  wdrift=7.658
  Task  8 | acc=0.161  dead=0.992  erank=1.07  gns=2.1073  wdrift=6.420
  Task  9 | acc=0.100  dead=0.999  erank=0.00  gns=0.4921  wdrift=4.092
  Task 10 | acc=0.100  dead=0.999  erank=0.00  gns=1.9619  wdrift=4.016
  Task 11 | acc=0.100  dead=0.999  erank=1.00  gns=3.4555  wdrift=4.022
  Task 12 | acc=0.100  dead=0.999  erank=0.00  gns=0.7650  wdrift=4.049
  Task 13 | acc=0.100  dead=0.999  erank=0.00  gns=3.6886  wdrift=4.086
  Task 14 | acc=0.100  dead=0.999  erank=0.00  gns=3.7336  wdrift=4.006
  Task 15 | acc=0.100  dead=0.999  erank=0.00  gns=0.6537  wdrift=4.036
  Task 16 | acc=0.100  dead=0.999  erank=0.00  gns=0.7146  wdrift=4.133
  Task 17 | acc=0.100  dead=0.999  erank=0.00  gns=4.3166  wdrift=3.982
  Task 18 | acc=0.100  dead=0.999  erank=0.00  gns=1.7050  wdrift=4.058
  Task 19 | acc=0.100  dead=0.999  erank=0.00  gns=1.2153  wdrift=4.019
  Task 20 | acc=0.100  dead=0.999  erank=0.00  gns=3.2537  wdrift=4.003
  → t_collapse (0-based) = 1

============================================================
SEED 2
============================================================
  [sanity] init CE = 2.3054, expected ~2.3026, diff=0.0028 PASS
  Task  1 | acc=0.253  dead=0.722  erank=40.28  gns=0.4328  wdrift=3.314
  Task  2 | acc=0.242  dead=0.876  erank=9.12  gns=0.7182  wdrift=3.423
  Task  3 | acc=0.198  dead=0.903  erank=7.08  gns=2.3278  wdrift=5.942
  Task  4 | acc=0.188  dead=0.903  erank=4.77  gns=0.2642  wdrift=6.292
  Task  5 | acc=0.162  dead=0.942  erank=1.17  gns=6.0672  wdrift=8.639
  Task  6 | acc=0.183  dead=0.985  erank=1.89  gns=0.2239  wdrift=6.408
  Task  7 | acc=0.178  dead=0.981  erank=1.74  gns=0.0823  wdrift=9.240
  Task  8 | acc=0.159  dead=0.984  erank=1.44  gns=3.5775  wdrift=9.322
  Task  9 | acc=0.167  dead=0.985  erank=1.27  gns=1.2264  wdrift=10.100
  Task 10 | acc=0.100  dead=0.999  erank=1.00  gns=3.9651  wdrift=4.601
  Task 11 | acc=0.100  dead=0.998  erank=0.00  gns=4.1591  wdrift=4.702
  Task 12 | acc=0.100  dead=0.998  erank=0.00  gns=3.2948  wdrift=4.589
  Task 13 | acc=0.100  dead=0.998  erank=0.00  gns=1.1019  wdrift=4.650
  Task 14 | acc=0.100  dead=0.998  erank=1.00  gns=3.1906  wdrift=4.736
  Task 15 | acc=0.100  dead=0.998  erank=0.00  gns=5.4435  wdrift=4.594
  Task 16 | acc=0.100  dead=0.998  erank=1.00  gns=2.3772  wdrift=4.802
  Task 17 | acc=0.100  dead=0.998  erank=0.00  gns=1.8098  wdrift=4.648
  Task 18 | acc=0.100  dead=0.998  erank=0.00  gns=1.3128  wdrift=4.672
  Task 19 | acc=0.100  dead=0.998  erank=0.00  gns=1.1277  wdrift=4.565
  Task 20 | acc=0.100  dead=0.998  erank=0.00  gns=2.9536  wdrift=4.612
  → t_collapse (0-based) = 9

============================================================
SEED 3
============================================================
  [sanity] init CE = 2.3025, expected ~2.3026, diff=0.0001 PASS
  Task  1 | acc=0.308  dead=0.734  erank=44.27  gns=0.9243  wdrift=2.921
  Task  2 | acc=0.237  dead=0.754  erank=11.79  gns=2.2602  wdrift=2.753
  Task  3 | acc=0.219  dead=0.906  erank=5.56  gns=0.6446  wdrift=5.833
  Task  4 | acc=0.146  dead=0.897  erank=2.02  gns=2.7643  wdrift=5.610
  Task  5 | acc=0.161  dead=0.931  erank=3.45  gns=1.2226  wdrift=7.320
  Task  6 | acc=0.200  dead=0.946  erank=4.23  gns=1.3053  wdrift=6.302
  Task  7 | acc=0.159  dead=0.985  erank=1.11  gns=2.0236  wdrift=7.594
  Task  8 | acc=0.100  dead=0.999  erank=0.00  gns=1.1790  wdrift=3.240
  Task  9 | acc=0.100  dead=0.999  erank=0.00  gns=2.2176  wdrift=3.196
  Task 10 | acc=0.100  dead=0.999  erank=0.00  gns=1.1164  wdrift=3.195
  Task 11 | acc=0.100  dead=0.999  erank=0.00  gns=1.1972  wdrift=3.143
  Task 12 | acc=0.100  dead=0.999  erank=0.00  gns=0.6073  wdrift=3.165
  Task 13 | acc=0.100  dead=0.999  erank=0.00  gns=1.5445  wdrift=3.255
  Task 14 | acc=0.100  dead=0.999  erank=1.00  gns=1.3612  wdrift=3.178
  Task 15 | acc=0.100  dead=0.999  erank=1.00  gns=3.9044  wdrift=3.150
  Task 16 | acc=0.100  dead=0.999  erank=1.00  gns=1.0589  wdrift=3.371
  Task 17 | acc=0.100  dead=0.999  erank=0.00  gns=2.3044  wdrift=3.180
  Task 18 | acc=0.100  dead=0.999  erank=0.00  gns=1.0650  wdrift=3.203
  Task 19 | acc=0.100  dead=0.999  erank=0.00  gns=0.9163  wdrift=3.255
  Task 20 | acc=0.100  dead=0.999  erank=0.00  gns=1.6377  wdrift=3.160
  → t_collapse (0-based) = 3

============================================================
SEED 4
============================================================
  [sanity] init CE = 2.3086, expected ~2.3026, diff=0.0060 PASS
  Task  1 | acc=0.265  dead=0.722  erank=29.21  gns=0.7719  wdrift=2.566
  Task  2 | acc=0.242  dead=0.868  erank=8.16  gns=0.7292  wdrift=3.116
  Task  3 | acc=0.169  dead=0.852  erank=2.92  gns=0.7169  wdrift=5.922
  Task  4 | acc=0.132  dead=0.954  erank=1.71  gns=1.9615  wdrift=3.128
  Task  5 | acc=0.100  dead=0.999  erank=0.00  gns=1.8524  wdrift=2.881
  Task  6 | acc=0.100  dead=0.999  erank=0.00  gns=1.2826  wdrift=2.835
  Task  7 | acc=0.100  dead=0.999  erank=1.00  gns=0.9718  wdrift=2.801
  Task  8 | acc=0.100  dead=0.999  erank=0.00  gns=3.3088  wdrift=2.876
  Task  9 | acc=0.100  dead=0.999  erank=0.00  gns=8.0122  wdrift=2.952
  Task 10 | acc=0.100  dead=0.999  erank=0.00  gns=4.4790  wdrift=2.897
  Task 11 | acc=0.100  dead=0.999  erank=1.00  gns=0.9720  wdrift=2.943
  Task 12 | acc=0.100  dead=0.999  erank=1.00  gns=1.5386  wdrift=2.878
  Task 13 | acc=0.100  dead=0.999  erank=0.00  gns=2.1518  wdrift=2.846
  Task 14 | acc=0.100  dead=0.999  erank=0.00  gns=2.7807  wdrift=2.890
  Task 15 | acc=0.100  dead=0.999  erank=0.00  gns=1.4291  wdrift=2.966
  Task 16 | acc=0.100  dead=0.999  erank=0.00  gns=1.7618  wdrift=2.862
  Task 17 | acc=0.100  dead=0.999  erank=0.00  gns=2.0971  wdrift=2.912
  Task 18 | acc=0.100  dead=0.999  erank=0.00  gns=2.0222  wdrift=3.044
  Task 19 | acc=0.100  dead=0.999  erank=0.00  gns=2.4063  wdrift=2.955
  Task 20 | acc=0.100  dead=0.999  erank=0.00  gns=3.5965  wdrift=2.999
  → t_collapse (0-based) = 3

Collapse in 5/5 seeds
  Lead grad_noise_scale: [0, -1, 7, 2, -4] → mean=0.8
  Lead erank: [1, 0, 8, 2, 2] → mean=2.6
  Lead dead: [0, -2, 8, 1, 2] → mean=1.8
  Lead wnorm_drift: [0, 0, 7, 1, 2] → mean=2.0
Mean acc: ['0.291', '0.231', '0.188', '0.171', '0.163', '0.179', '0.166', '0.147', '0.133', '0.100', '0.100', '0.100', '0.100', '0.100', '0.100', '0.100', '0.100', '0.100', '0.100', '0.100']

Wall-clock: 219.1s (3.7 min)

Results → results/baseline_obs/RESULTS.json
{
  "status": "SUCCESS",
  "dataset": "cifar10_permuted",
  "n_seeds": 5,
  "n_tasks": 20,
  "n_classes": 10,
  "steps_per_task": 1000,
  "scale": "probe",
  "lr": 0.05,
  "momentum": 0.9,
  "weight_decay": 0.0,
  "output_head_reset": false,
  "collapse_reproduced": true,
  "collapse_threshold_pp": 10.0,
  "t_collapse_per_seed": [
    "2",
    "1",
    "9",
    "3",
    "3"
  ],
  "mean_per_task_acc": [
    0.29147999999999996,
    0.23113999999999998,
    0.18844000000000002,
    0.17118000000000003,
    0.16260000000000002,
    0.17897999999999997,
    0.16596,
    0.147,
    0.1329,
    0.1,
    0.1,
    0.1,
    0.1,
    0.1,
    0.1,
    0.1,
    0.1,
    0.1,
    0.1,
    0.1
  ],
  "per_seed": [
    {
      "per_task_acc": [
        0.2973,
        0.2539,
        0.1621,
        0.1746,
        0.1674,
        0.2162,
        0.2251,
        0.2147,
        0.1974,
        0.1,
        0.1,
        0.1,
        0.1,
        0.1,
        0.1,
        0.1,
        0.1,
        0.1,
        0.1,
        0.1
      ],
      "dead": [
        0.8149999678134918,
        0.879999965429306,
        0.918749988079071,
        0.9437499940395355,
        0.9462499916553497,
        0.949999988079071,
        0.9562499821186066,
        0.9950000047683716,
        0.9887499809265137,
        0.9975000023841858,
        0.9987500011920929,
        0.9987500011920929,
        0.9987500011920929,
        0.9987500011920929,
        0.9987500011920929,
        0.9987500011920929,
        0.9987500011920929,
        0.9987500011920929,
        0.9987500011920929,
        0.9987500011920929
      ],
      "erank": [
        25.640253353453737,
        8.62241580431415,
        1.4064868933939014,
        1.2432679259811736,
        2.407941848757358,
        3.214109464527901,
        2.607177051103907,
        1.9585100204064445,
        1.9640591051605454,
        0.0,
        0.0,
        0.0,
        0.0,
        0.0,
        0.0,
        0.0,
        0.0,
        0.0,
        0.0,
        0.0
      ],
      "grad_noise_scale": [
        1.5757447481155396,
        1.7239426374435425,
        15.765033721923828,
        0.5919108390808105,
        5.1344895362854,
        1.016663670539856,
        6.13609504699707,
        0.968716561794281,
        1.2892584800720215,
        0.9450746178627014,
        7.1176910400390625,
        2.685870409011841,
        4.371315002441406,
        2.748507261276245,
        1.1951816082000732,
        14.675703048706055,
        3.0895960330963135,
        6.862724781036377,
        0.4542343318462372,
        4.428136825561523
      ],
      "wnorm_drift": [
        2.345846810627864,
        2.8195107830505735,
        5.647801663441253,
        5.410090352850823,
        4.721020095498009,
        6.8409661103587895,
        7.637037551514314,
        7.926577461543448,
        8.169741775893376,
        4.564277639133851,
        4.607394658360826,
        4.537567145987967,
        4.73469859323808,
        4.606591910286991,
        4.598095418013493,
        4.527295390720786,
        4.520501878943311,
        4.488723169917937,
        4.464836666634455,
        4.627140878392485
      ]
    },
    {
      "per_task_acc": [
        0.3351,
        0.1809,
        0.1935,
        0.2155,
        0.2225,
        0.1956,
        0.167,
        0.1611,
        0.1,
        0.1,
        0.1,
        0.1,
        0.1,
        0.1,
        0.1,
        0.1,
        0.1,
        0.1,
        0.1,
        0.1
      ],
      "dead": [
        0.8387499749660492,
        0.8574999868869781,
        0.8799999952316284,
        0.9625000059604645,
        0.9637500047683716,
        0.9925000071525574,
        0.9837499856948853,
        0.992499977350235,
        0.9987500011920929,
        0.9987500011920929,
        0.9987500011920929,
        0.9987500011920929,
        0.9987500011920929,
        0.9987500011920929,
        0.9987500011920929,
        0.9987500011920929,
        0.9987500011920929,
        0.9987500011920929,
        0.9987500011920929,
        0.9987500011920929
      ],
      "erank": [
        40.591703165128706,
        5.542063689862467,
        4.264366605911567,
        4.024616352687684,
        5.414335067668456,
        3.1153606052609066,
        1.3368322768326577,
        1.0699921388978535,
        0.0,
        0.0,
        1.0,
        0.0,
        0.0,
        0.0,
        0.0,
        0.0,
        0.0,
        0.0,
        0.0,
        0.0
      ],
      "grad_noise_scale": [
        1.702675223350525,
        1.6765178442001343,
        4.038763523101807,
        0.5209580659866333,
        0.9354104399681091,
        0.11962328851222992,
        2.1812260150909424,
        2.1072587966918945,
        0.492082417011261,
        1.961885929107666,
        3.455472946166992,
        0.7649571299552917,
        3.6886281967163086,
        3.7336087226867676,
        0.6536808609962463,
        0.7145841717720032,
        4.316567420959473,
        1.7049721479415894,
        1.2153007984161377,
        3.253694534301758
      ],
      "wnorm_drift": [
        2.5508540356252536,
        3.5700898319109506,
        5.378446722212014,
        4.970705751793423,
        4.325358149760651,
        5.235638372322473,
        7.657800833761267,
        6.420069042350607,
        4.092243783836902,
        4.016236166841146,
        4.022365521679881,
        4.04941959598807,
        4.085559611100101,
        4.006373177666275,
        4.036291867205601,
        4.132755227247497,
        3.981772797451681,
        4.057654048944799,
        4.019281575686225,
        4.00301778523926
      ]
    },
    {
      "per_task_acc": [
        0.2525,
        0.2418,
        0.1983,
        0.188,
        0.1617,
        0.1835,
        0.1784,
        0.1592,
        0.1671,
        0.1,
        0.1,
        0.1,
        0.1,
        0.1,
        0.1,
        0.1,
        0.1,
        0.1,
        0.1,
        0.1
      ],
      "dead": [
        0.7224999815225601,
        0.8762499988079071,
        0.9025000035762787,
        0.9025000035762787,
        0.9424999952316284,
        0.9849999845027924,
        0.981249988079071,
        0.9837499856948853,
        0.9849999845027924,
        0.9987500011920929,
        0.9975000023841858,
        0.9975000023841858,
        0.9975000023841858,
        0.9975000023841858,
        0.9975000023841858,
        0.9975000023841858,
        0.9975000023841858,
        0.9975000023841858,
        0.9975000023841858,
        0.9975000023841858
      ],
      "erank": [
        40.28166437376939,
        9.116129687814617,
        7.07653152964545,
        4.768099617948008,
        1.167141382450248,
        1.8890548585701714,
        1.7400292279919143,
        1.4383652720858353,
        1.2664082524494518,
        1.0,
        0.0,
        0.0,
        0.0,
        1.0,
        0.0,
        1.0,
        0.0,
        0.0,
        0.0,
        0.0
      ],
      "grad_noise_scale": [
        0.4327905476093292,
        0.7182154059410095,
        2.327791213989258,
        0.26422762870788574,
        6.067215919494629,
        0.2238619476556778,
        0.0822896733880043,
        3.577467441558838,
        1.226417064666748,
        3.9651143550872803,
        4.159139633178711,
        3.294764518737793,
        1.101942539215088,
        3.1906392574310303,
        5.44345760345459,
        2.377188205718994,
        1.8097715377807617,
        1.3127833604812622,
        1.127694010734558,
        2.9536283016204834
      ],
      "wnorm_drift": [
        3.3143444780486284,
        3.422574756391215,
        5.941747970621798,
        6.291649144793273,
        8.639247967890745,
        6.407906731412069,
        9.240258347845225,
        9.321624181828367,
        10.100062570329149,
        4.60148090987318,
        4.701791719219613,
        4.5889376619086315,
        4.650107778150125,
        4.736405396109096,
        4.5939637011585335,
        4.801577775397205,
        4.648453334887315,
        4.672496099781315,
        4.564987922178334,
        4.6121715108692625
      ]
    },
    {
      "per_task_acc": [
        0.3076,
        0.2367,
        0.2193,
        0.146,
        0.1614,
        0.1996,
        0.1593,
        0.1,
        0.1,
        0.1,
        0.1,
        0.1,
        0.1,
        0.1,
        0.1,
        0.1,
        0.1,
        0.1,
        0.1,
        0.1
      ],
      "dead": [
        0.7337499707937241,
        0.7537499964237213,
        0.90625,
        0.8974999785423279,
        0.9312500059604645,
        0.9462499916553497,
        0.9849999845027924,
        0.9987500011920929,
        0.9987500011920929,
        0.9987500011920929,
        0.9987500011920929,
        0.9987500011920929,
        0.9987500011920929,
        0.9987500011920929,
        0.9987500011920929,
        0.9987500011920929,
        0.9987500011920929,
        0.9987500011920929,
        0.9987500011920929,
        0.9987500011920929
      ],
      "erank": [
        44.26728912467084,
        11.788047291912354,
        5.5614278519294675,
        2.0162830431361103,
        3.4513681696501552,
        4.234922792172657,
        1.1108811269456043,
        0.0,
        0.0,
        0.0,
        0.0,
        0.0,
        0.0,
        1.0,
        1.0,
        1.0,
        0.0,
        0.0,
        0.0,
        0.0
      ],
      "grad_noise_scale": [
        0.9243460297584534,
        2.2602040767669678,
        0.6445822715759277,
        2.764296054840088,
        1.2226470708847046,
        1.305314064025879,
        2.0236287117004395,
        1.1789757013320923,
        2.217585325241089,
        1.1163965463638306,
        1.1972365379333496,
        0.6073211431503296,
        1.5444802045822144,
        1.3611959218978882,
        3.904442310333252,
        1.0588725805282593,
        2.304410219192505,
        1.0650250911712646,
        0.9162969589233398,
        1.6376628875732422
      ],
      "wnorm_drift": [
        2.921329006268054,
        2.7532013257589303,
        5.832636609635567,
        5.609942845372179,
        7.319557190482946,
        6.302197127746997,
        7.594423725825268,
        3.2401173150533666,
        3.196442356322205,
        3.1954097166187374,
        3.14342263953686,
        3.1654779921989054,
        3.254921334283926,
        3.178090476220163,
        3.1496077665441344,
        3.371359722553852,
        3.1800820312009854,
        3.202992878347862,
        3.2547700444975067,
        3.1603133744867513
      ]
    },
    {
      "per_task_acc": [
        0.2649,
        0.2424,
        0.169,
        0.1318,
        0.1,
        0.1,
        0.1,
        0.1,
        0.1,
        0.1,
        0.1,
        0.1,
        0.1,
        0.1,
        0.1,
        0.1,
        0.1,
        0.1,
        0.1,
        0.1
      ],
      "dead": [
        0.7224999815225601,
        0.8675000071525574,
        0.8524999916553497,
        0.9537499845027924,
        0.9987500011920929,
        0.9987500011920929,
        0.9987500011920929,
        0.9987500011920929,
        0.9987500011920929,
        0.9987500011920929,
        0.9987500011920929,
        0.9987500011920929,
        0.9987500011920929,
        0.9987500011920929,
        0.9987500011920929,
        0.9987500011920929,
        0.9987500011920929,
        0.9987500011920929,
        0.9987500011920929,
        0.9987500011920929
      ],
      "erank": [
        29.213437222359172,
        8.16201536417266,
        2.9181052949308373,
        1.7074289504920785,
        0.0,
        0.0,
        1.0,
        0.0,
        0.0,
        0.0,
        1.0,
        1.0,
        0.0,
        0.0,
        0.0,
        0.0,
        0.0,
        0.0,
        0.0,
        0.0
      ],
      "grad_noise_scale": [
        0.7719236612319946,
        0.7292263507843018,
        0.716867208480835,
        1.9614814519882202,
        1.8523825407028198,
        1.2826157808303833,
        0.9717690348625183,
        3.308760643005371,
        8.012166023254395,
        4.478956699371338,
        0.9720267653465271,
        1.5386208295822144,
        2.1518349647521973,
        2.7806875705718994,
        1.4290984869003296,
        1.7617591619491577,
        2.0971286296844482,
        2.0221948623657227,
        2.4063220024108887,
        3.5964839458465576
      ],
      "wnorm_drift": [
        2.5658521339396385,
        3.1160856089473534,
        5.9221310651956545,
        3.1276134811002567,
        2.88131477278355,
        2.83510497709171,
        2.800749662981447,
        2.875947933893824,
        2.9521792487394283,
        2.897230685186637,
        2.9432525779658794,
        2.877892432574219,
        2.8459311137148773,
        2.8896657591385035,
        2.9658123629026534,
        2.8616350538309145,
        2.9115066818969875,
        3.0442907610956134,
        2.9546621960251627,
        2.998614086293332
      ]
    }
  ],
  "prelim_lead_times_tasks": {
    "grad_noise_scale": 0.8,
    "erank": 2.6,
    "dead": 1.8,
    "wnorm_drift": 2.0
  },
  "metrics": {
    "mean_task1_acc": 0.29147999999999996,
    "mean_last5_acc": 0.1,
    "acc_drop_pp": 19.147999999999996,
    "collapse_frac_seeds": 1.0,
    "mean_dead_task1": 0.7664999753236771,
    "mean_dead_last": 0.9985000014305114,
    "mean_erank_task1": 35.99886944787637,
    "mean_erank_last": 0.0,
    "mean_lead_gns": 0.8,
    "mean_lead_erank": 2.6,
    "mean_lead_dead": 1.8,
    "mean_lead_wnorm": 2.0,
    "wall_clock_sec": 219.1
  },
  "subject_executed": "3-layer MLP (400-400 ReLU), SGD+momentum lr=0.05 mom=0.9 wd=0.0, BatchNorm=OFF, Permuted CIFAR-10 (20 tasks, all 10-class, different pixel permutations), NO output-head reset, 5 seeds \u00d7 1000 steps/task. 4 observables: dead_unit_fraction, effective_rank, grad_noise_scale, weight_norm_drift",
  "notes": "Prior attempts failed to show collapse: (1) CIFAR-10 binary 5-task \u2014 too few tasks, easy binary; (2) CIFAR-100 10-task 10-class no reset \u2014 accuracy already low, task difficulty varies; (3) CIFAR-100 binary 20-task head-reset \u2014 pair difficulty varies. This run: permuted CIFAR-10 (standard plasticity benchmark), all tasks identical difficulty (same 10-class problem, different pixel permutation). Collapse reproduced=True. 4 observables computable; dead_frac + weight_norm_drift monotonically increase. Note: collapse threshold adjusted to {COLLAPSE_THRESH_PP}pp for 10-class task."
}
