Device: cuda | GPU: NVIDIA H100 80GB HBM3
[00:27:10] Python 3.12.10 (main, May 21 2025, 23:34:56) [GCC 12.2.0]
[00:27:10] PyTorch 2.13.0+[00:27:10] Config: 20 tasks × 5 classes/t[00:27:10] Config: 20 [00:27:10] Baseline-00 reference: 5 tasks,[00:27:10] Baseline-00 reference: 5 [00:27:43] CIFAR-100 loaded: 50000 train, 10000 test
[00:27:43] Sanity gates: SKIPPED — all 4 passed in baseline-00 (referenced in notes)
[00:27:43] ============================================================
[00:27:43] CONTINUAL TRAINING: 20 tasks × 10 epochs (probe)
[00:27:43] ============================================================
[00:27:47] Init effective rank: 13.2356
[00:27:47] Init dead-neuron fraction: 0.0214 (2.14%)
[00:27:47] 
── Task 00/19 ─────────────────────────────────
[00:27:47]   Classes: [0, 1, 2, 3, 4]  train=2500  test=500
[00:27:48]   T00 E01: tr_loss=5.555 tr_acc=25.0% te_loss=1.758 te_acc=28.8% lr=0.09755
[00:27:49]   T00 E02: tr_loss=1.838 tr_acc=37.1% te_loss=5.781 te_acc=44.8% lr=0.09045
[00:27:50]   T00 E03: tr_loss=1.399 tr_acc=43.1% te_loss=1.295 te_acc=47.0% lr=0.07939
[00:27:51]   T00 E04: tr_loss=1.266 tr_acc=46.2% te_loss=1.220 te_acc=52.0% lr=0.06545
[00:27:52]   T00 E05: tr_loss=1.163 tr_acc=52.8% te_loss=1.061 te_acc=56.8% lr=0.05000
[00:27:52]   T00 E06: tr_loss=1.074 tr_acc=56.2% te_loss=1.061 te_acc=55.0% lr=0.03455
[00:27:53]   T00 E07: tr_loss=1.046 tr_acc=59.0% te_loss=0.918 te_acc=63.8% lr=0.02061
[00:27:54]   T00 E08: tr_loss=0.989 tr_acc=60.6% te_loss=0.883 te_acc=64.2% lr=0.00955
[00:27:55]   T00 E09: tr_loss=0.960 tr_acc=61.7% te_loss=0.871 te_acc=65.8% lr=0.00245
[00:27:56]   T00 E10: tr_loss=0.941 tr_acc=62.9% te_loss=0.860 te_acc=67.2% lr=0.00000
[00:27:59]   Task 00 summary: train_acc=62.9% test_acc=67.2% rank=12.558 (drop=5.1%) dead=0.49%  elapsed=12s
[00:27:59] 
── Task 01/19 ─────────────────────────────────
[00:27:59]   Classes: [5, 6, 7, 8, 9]  train=2500  test=500
[00:28:00]   T01 E01: tr_loss=5.057 tr_acc=15.8% te_loss=2.469 te_acc=28.8% lr=0.09755
[00:28:00]   T01 E02: tr_loss=1.592 tr_acc=26.8% te_loss=1.531 te_acc=30.4% lr=0.09045
[00:28:01]   T01 E03: tr_loss=1.549 tr_acc=30.9% te_loss=1.497 te_acc=32.6% lr=0.07939
[00:28:02]   T01 E04: tr_loss=1.472 tr_acc=34.9% te_loss=1.432 te_acc=36.2% lr=0.06545
[00:28:03]   T01 E05: tr_loss=1.437 tr_acc=36.2% te_loss=1.434 te_acc=35.2% lr=0.05000
[00:28:04]   T01 E06: tr_loss=1.411 tr_acc=37.8% te_loss=1.365 te_acc=36.4% lr=0.03455
[00:28:05]   T01 E07: tr_loss=1.374 tr_acc=38.4% te_loss=1.323 te_acc=40.4% lr=0.02061
[00:28:05]   T01 E08: tr_loss=1.357 tr_acc=39.5% te_loss=1.330 te_acc=37.8% lr=0.00955
[00:28:06]   T01 E09: tr_loss=1.335 tr_acc=40.5% te_loss=1.297 te_acc=41.2% lr=0.00245
[00:28:07]   T01 E10: tr_loss=1.308 tr_acc=42.3% te_loss=1.274 te_acc=42.8% lr=0.00000
[00:28:10]   Task 01 summary: train_acc=42.3% test_acc=42.8% rank=12.332 (drop=6.8%) dead=3.72%  elapsed=23s
[00:28:10] 
── Task 02/19 ─────────────────────────────────
[00:28:10]   Classes: [10, 11, 12, 13, 14]  train=2500  test=500
[00:28:11]   T02 E01: tr_loss=4.018 tr_acc=10.5% te_loss=1.703 te_acc=21.2% lr=0.09755
[00:28:12]   T02 E02: tr_loss=1.698 tr_acc=19.3% te_loss=1.762 te_acc=20.8% lr=0.09045
[00:28:13]   T02 E03: tr_loss=1.652 tr_acc=20.0% te_loss=1.659 te_acc=19.8% lr=0.07939
[00:28:14]   T02 E04: tr_loss=1.628 tr_acc=18.8% te_loss=1.612 te_acc=20.2% lr=0.06545
[00:28:14]   T02 E05: tr_loss=1.607 tr_acc=20.6% te_loss=1.582 te_acc=22.6% lr=0.05000
[00:28:15]   T02 E06: tr_loss=1.602 tr_acc=21.8% te_loss=1.594 te_acc=23.8% lr=0.03455
[00:28:16]   T02 E07: tr_loss=1.594 tr_acc=23.4% te_loss=1.570 te_acc=20.0% lr=0.02061
[00:28:17]   T02 E08: tr_loss=1.586 tr_acc=23.8% te_loss=1.553 te_acc=27.4% lr=0.00955
[00:28:18]   T02 E09: tr_loss=1.566 tr_acc=25.6% te_loss=1.533 te_acc=33.4% lr=0.00245
[00:28:19]   T02 E10: tr_loss=1.552 tr_acc=27.0% te_loss=1.522 te_acc=31.6% lr=0.00000
[00:28:22]   Task 02 summary: train_acc=27.0% test_acc=31.6% rank=12.318 (drop=6.9%) dead=3.62%  elapsed=35s
[00:28:22] 
── Task 03/19 ─────────────────────────────────
[00:28:22]   Classes: [15, 16, 17, 18, 19]  train=2500  test=500
[00:28:23]   T03 E01: tr_loss=4.863 tr_acc=6.3% te_loss=1.975 te_acc=20.4% lr=0.09755
[00:28:24]   T03 E02: tr_loss=1.662 tr_acc=20.1% te_loss=1.617 te_acc=20.6% lr=0.09045
[00:28:24]   T03 E03: tr_loss=1.617 tr_acc=20.6% te_loss=1.615 te_acc=20.0% lr=0.07939
[00:28:25]   T03 E04: tr_loss=1.616 tr_acc=20.9% te_loss=1.612 te_acc=20.4% lr=0.06545
[00:28:26]   T03 E05: tr_loss=1.604 tr_acc=22.0% te_loss=1.577 te_acc=28.8% lr=0.05000
[00:28:27]   T03 E06: tr_loss=1.574 tr_acc=29.4% te_loss=1.518 te_acc=36.8% lr=0.03455
[00:28:28]   T03 E07: tr_loss=1.483 tr_acc=34.2% te_loss=1.433 te_acc=43.2% lr=0.02061
[00:28:29]   T03 E08: tr_loss=1.429 tr_acc=35.4% te_loss=1.379 te_acc=40.2% lr=0.00955
[00:28:29]   T03 E09: tr_loss=1.395 tr_acc=37.6% te_loss=1.367 te_acc=38.8% lr=0.00245
[00:28:30]   T03 E10: tr_loss=1.385 tr_acc=36.8% te_loss=1.359 te_acc=41.0% lr=0.00000
[00:28:34]   Task 03 summary: train_acc=36.8% test_acc=41.0% rank=12.312 (drop=7.0%) dead=3.64%  elapsed=47s
[00:28:34] 
── Task 04/19 ─────────────────────────────────
[00:28:34]   Classes: [20, 21, 22, 23, 24]  train=2500  test=500
[00:28:34]   T04 E01: tr_loss=3.333 tr_acc=15.5% te_loss=1.647 te_acc=21.0% lr=0.09755
[00:28:35]   T04 E02: tr_loss=1.630 tr_acc=21.7% te_loss=1.641 te_acc=22.0% lr=0.09045
[00:28:36]   T04 E03: tr_loss=1.606 tr_acc=23.8% te_loss=1.737 te_acc=22.4% lr=0.07939
[00:28:37]   T04 E04: tr_loss=1.534 tr_acc=29.4% te_loss=1.488 te_acc=33.2% lr=0.06545
[00:28:38]   T04 E05: tr_loss=1.291 tr_acc=45.6% te_loss=1.211 te_acc=51.4% lr=0.05000
[00:28:39]   T04 E06: tr_loss=1.099 tr_acc=53.0% te_loss=1.035 te_acc=57.8% lr=0.03455
[00:28:39]   T04 E07: tr_loss=0.993 tr_acc=58.9% te_loss=1.188 te_acc=56.2% lr=0.02061
[00:28:40]   T04 E08: tr_loss=0.943 tr_acc=61.0% te_loss=1.038 te_acc=58.4% lr=0.00955
[00:28:41]   T04 E09: tr_loss=0.930 tr_acc=61.7% te_loss=0.958 te_acc=58.0% lr=0.00245
[00:28:42]   T04 E10: tr_loss=0.899 tr_acc=62.7% te_loss=0.964 te_acc=60.4% lr=0.00000
[00:28:45]   Task 04 summary: train_acc=62.7% test_acc=60.4% rank=12.280 (drop=7.2%) dead=5.56%  elapsed=58s
[00:28:45] 
── Task 05/19 ─────────────────────────────────
[00:28:45]   Classes: [25, 26, 27, 28, 29]  train=2500  test=500
[00:28:46]   T05 E01: tr_loss=3.152 tr_acc=14.2% te_loss=1.731 te_acc=20.0% lr=0.09755
[00:28:47]   T05 E02: tr_loss=1.687 tr_acc=21.0% te_loss=1.617 te_acc=21.8% lr=0.09045
[00:28:48]   T05 E03: tr_loss=1.629 tr_acc=22.2% te_loss=1.648 te_acc=22.2% lr=0.07939
[00:28:49]   T05 E04: tr_loss=1.618 tr_acc=21.4% te_loss=1.587 te_acc=24.8% lr=0.06545
[00:28:49]   T05 E05: tr_loss=1.572 tr_acc=28.3% te_loss=1.558 te_acc=32.6% lr=0.05000
[00:28:50]   T05 E06: tr_loss=1.538 tr_acc=32.4% te_loss=1.532 te_acc=34.2% lr=0.03455
[00:28:51]   T05 E07: tr_loss=1.511 tr_acc=33.5% te_loss=1.491 te_acc=34.4% lr=0.02061
[00:28:52]   T05 E08: tr_loss=1.495 tr_acc=33.4% te_loss=1.473 te_acc=35.6% lr=0.00955
[00:28:53]   T05 E09: tr_loss=1.473 tr_acc=36.1% te_loss=1.461 te_acc=34.2% lr=0.00245
[00:28:54]   T05 E10: tr_loss=1.464 tr_acc=35.7% te_loss=1.456 te_acc=36.0% lr=0.00000
[00:28:57]   Task 05 summary: train_acc=35.7% test_acc=36.0% rank=12.266 (drop=7.3%) dead=4.94%  elapsed=70s
[00:28:57] 
── Task 06/19 ─────────────────────────────────
[00:28:57]   Classes: [30, 31, 32, 33, 34]  train=2500  test=500
[00:28:58]   T06 E01: tr_loss=3.943 tr_acc=14.4% te_loss=1.624 te_acc=21.6% lr=0.09755
[00:28:58]   T06 E02: tr_loss=1.710 tr_acc=25.0% te_loss=1.515 te_acc=35.2% lr=0.09045
[00:28:59]   T06 E03: tr_loss=1.340 tr_acc=39.9% te_loss=1.323 te_acc=38.4% lr=0.07939
[00:29:00]   T06 E04: tr_loss=1.259 tr_acc=41.9% te_loss=1.230 te_acc=47.6% lr=0.06545
[00:29:01]   T06 E05: tr_loss=1.224 tr_acc=46.1% te_loss=1.208 te_acc=49.8% lr=0.05000
[00:29:02]   T06 E06: tr_loss=1.158 tr_acc=51.6% te_loss=1.100 te_acc=55.2% lr=0.03455
[00:29:03]   T06 E07: tr_loss=1.097 tr_acc=55.1% te_loss=1.022 te_acc=57.0% lr=0.02061
[00:29:04]   T06 E08: tr_loss=1.050 tr_acc=58.1% te_loss=1.019 te_acc=60.4% lr=0.00955
[00:29:04]   T06 E09: tr_loss=1.031 tr_acc=57.8% te_loss=0.966 te_acc=61.8% lr=0.00245
[00:29:05]   T06 E10: tr_loss=0.993 tr_acc=59.6% te_loss=0.937 te_acc=63.0% lr=0.00000
[00:29:08]   Task 06 summary: train_acc=59.6% test_acc=63.0% rank=12.272 (drop=7.3%) dead=3.88%  elapsed=81s
[00:29:08] 
── Task 07/19 ─────────────────────────────────
[00:29:08]   Classes: [35, 36, 37, 38, 39]  train=2500  test=500
[00:29:09]   T07 E01: tr_loss=3.437 tr_acc=17.6% te_loss=1.708 te_acc=23.6% lr=0.09755
[00:29:10]   T07 E02: tr_loss=1.565 tr_acc=27.0% te_loss=1.613 te_acc=24.4% lr=0.09045
[00:29:11]   T07 E03: tr_loss=1.406 tr_acc=38.4% te_loss=1.840 te_acc=43.2% lr=0.07939
[00:29:12]   T07 E04: tr_loss=1.318 tr_acc=46.0% te_loss=1.265 te_acc=51.4% lr=0.06545
[00:29:13]   T07 E05: tr_loss=1.206 tr_acc=53.9% te_loss=1.209 te_acc=55.4% lr=0.05000
[00:29:13]   T07 E06: tr_loss=1.116 tr_acc=57.2% te_loss=1.153 te_acc=58.6% lr=0.03455
[00:29:14]   T07 E07: tr_loss=1.076 tr_acc=58.9% te_loss=1.142 te_acc=56.6% lr=0.02061
[00:29:15]   T07 E08: tr_loss=1.040 tr_acc=61.7% te_loss=1.074 te_acc=58.8% lr=0.00955
[00:29:16]   T07 E09: tr_loss=0.978 tr_acc=64.4% te_loss=1.037 te_acc=60.4% lr=0.00245
[00:29:17]   T07 E10: tr_loss=0.977 tr_acc=63.5% te_loss=1.031 te_acc=61.0% lr=0.00000
[00:29:20]   Task 07 summary: train_acc=63.5% test_acc=61.0% rank=12.265 (drop=7.3%) dead=5.16%  elapsed=93s
[00:29:20] 
── Task 08/19 ─────────────────────────────────
[00:29:20]   Classes: [40, 41, 42, 43, 44]  train=2500  test=500
[00:29:21]   T08 E01: tr_loss=3.882 tr_acc=15.0% te_loss=1.612 te_acc=26.4% lr=0.09755
[00:29:22]   T08 E02: tr_loss=1.562 tr_acc=32.2% te_loss=1.551 te_acc=40.0% lr=0.09045
[00:29:22]   T08 E03: tr_loss=1.393 tr_acc=40.8% te_loss=1.357 te_acc=37.4% lr=0.07939
[00:29:23]   T08 E04: tr_loss=1.298 tr_acc=44.8% te_loss=1.340 te_acc=46.2% lr=0.06545
[00:29:24]   T08 E05: tr_loss=1.243 tr_acc=48.2% te_loss=1.281 te_acc=43.0% lr=0.05000
[00:29:25]   T08 E06: tr_loss=1.191 tr_acc=49.3% te_loss=1.181 te_acc=48.8% lr=0.03455
[00:29:26]   T08 E07: tr_loss=1.159 tr_acc=51.8% te_loss=1.137 te_acc=51.8% lr=0.02061
[00:29:27]   T08 E08: tr_loss=1.118 tr_acc=53.3% te_loss=1.129 te_acc=54.2% lr=0.00955
[00:29:27]   T08 E09: tr_loss=1.089 tr_acc=53.8% te_loss=1.077 te_acc=56.6% lr=0.00245
[00:29:28]   T08 E10: tr_loss=1.081 tr_acc=54.0% te_loss=1.062 te_acc=57.6% lr=0.00000
[00:29:31]   Task 08 summary: train_acc=54.0% test_acc=57.6% rank=12.267 (drop=7.3%) dead=4.19%  elapsed=105s
[00:29:31] 
── Task 09/19 ─────────────────────────────────
[00:29:31]   Classes: [45, 46, 47, 48, 49]  train=2500  test=500
[00:29:32]   T09 E01: tr_loss=3.913 tr_acc=18.8% te_loss=1.480 te_acc=41.8% lr=0.09755
[00:29:33]   T09 E02: tr_loss=1.342 tr_acc=41.9% te_loss=1.346 te_acc=44.2% lr=0.09045
[00:29:34]   T09 E03: tr_loss=1.097 tr_acc=53.9% te_loss=1.059 te_acc=55.0% lr=0.07939
[00:29:35]   T09 E04: tr_loss=0.950 tr_acc=61.0% te_loss=0.912 te_acc=62.8% lr=0.06545
[00:29:36]   T09 E05: tr_loss=0.855 tr_acc=65.4% te_loss=0.867 te_acc=65.8% lr=0.05000
[00:29:37]   T09 E06: tr_loss=0.762 tr_acc=68.9% te_loss=0.752 te_acc=71.0% lr=0.03455
[00:29:37]   T09 E07: tr_loss=0.709 tr_acc=71.9% te_loss=0.719 te_acc=70.0% lr=0.02061
[00:29:38]   T09 E08: tr_loss=0.655 tr_acc=74.6% te_loss=0.661 te_acc=76.6% lr=0.00955
[00:29:39]   T09 E09: tr_loss=0.606 tr_acc=77.2% te_loss=0.638 te_acc=76.2% lr=0.00245
[00:29:40]   T09 E10: tr_loss=0.584 tr_acc=77.0% te_loss=0.632 te_acc=77.0% lr=0.00000
[00:29:43]   Task 09 summary: train_acc=77.0% test_acc=77.0% rank=12.259 (drop=7.4%) dead=6.65%  elapsed=116s
[00:29:43] 
── Task 10/19 ─────────────────────────────────
[00:29:43]   Classes: [50, 51, 52, 53, 54]  train=2500  test=500
[00:29:44]   T10 E01: tr_loss=3.779 tr_acc=30.6% te_loss=1.090 te_acc=48.8% lr=0.09755
[00:29:45]   T10 E02: tr_loss=0.884 tr_acc=61.7% te_loss=1.181 te_acc=52.4% lr=0.09045
[00:29:45]   T10 E03: tr_loss=0.755 tr_acc=66.4% te_loss=0.797 te_acc=63.2% lr=0.07939
[00:29:46]   T10 E04: tr_loss=0.685 tr_acc=70.1% te_loss=0.604 te_acc=75.2% lr=0.06545
[00:29:47]   T10 E05: tr_loss=0.605 tr_acc=74.7% te_loss=0.583 te_acc=76.2% lr=0.05000
[00:29:48]   T10 E06: tr_loss=0.591 tr_acc=76.8% te_loss=0.581 te_acc=76.2% lr=0.03455
[00:29:49]   T10 E07: tr_loss=0.546 tr_acc=79.7% te_loss=0.511 te_acc=78.4% lr=0.02061
[00:29:50]   T10 E08: tr_loss=0.520 tr_acc=80.1% te_loss=0.466 te_acc=80.8% lr=0.00955
[00:29:51]   T10 E09: tr_loss=0.489 tr_acc=82.0% te_loss=0.461 te_acc=80.2% lr=0.00245
[00:29:51]   T10 E10: tr_loss=0.483 tr_acc=81.4% te_loss=0.446 te_acc=81.8% lr=0.00000
[00:29:55]   Task 10 summary: train_acc=81.4% test_acc=81.8% rank=12.240 (drop=7.5%) dead=6.57%  elapsed=128s
[00:29:55] 
── Task 11/19 ─────────────────────────────────
[00:29:55]   Classes: [55, 56, 57, 58, 59]  train=2500  test=500
[00:29:55]   T11 E01: tr_loss=4.349 tr_acc=19.4% te_loss=1.552 te_acc=30.6% lr=0.09755
[00:29:56]   T11 E02: tr_loss=1.386 tr_acc=38.2% te_loss=1.538 te_acc=35.0% lr=0.09045
[00:29:57]   T11 E03: tr_loss=1.189 tr_acc=48.4% te_loss=1.328 te_acc=40.8% lr=0.07939
[00:29:58]   T11 E04: tr_loss=1.025 tr_acc=57.2% te_loss=1.301 te_acc=50.2% lr=0.06545
[00:29:59]   T11 E05: tr_loss=0.943 tr_acc=61.1% te_loss=0.929 te_acc=61.2% lr=0.05000
[00:30:00]   T11 E06: tr_loss=0.870 tr_acc=65.7% te_loss=0.966 te_acc=64.2% lr=0.03455
[00:30:00]   T11 E07: tr_loss=0.823 tr_acc=67.6% te_loss=0.883 te_acc=64.6% lr=0.02061
[00:30:01]   T11 E08: tr_loss=0.772 tr_acc=70.1% te_loss=0.899 te_acc=66.0% lr=0.00955
[00:30:02]   T11 E09: tr_loss=0.735 tr_acc=71.3% te_loss=0.818 te_acc=69.4% lr=0.00245
[00:30:03]   T11 E10: tr_loss=0.711 tr_acc=72.3% te_loss=0.816 te_acc=68.4% lr=0.00000
[00:30:06]   Task 11 summary: train_acc=72.3% test_acc=68.4% rank=12.227 (drop=7.6%) dead=6.59%  elapsed=139s
[00:30:06] 
── Task 12/19 ─────────────────────────────────
[00:30:06]   Classes: [60, 61, 62, 63, 64]  train=2500  test=500
[00:30:07]   T12 E01: tr_loss=3.915 tr_acc=22.1% te_loss=1.319 te_acc=35.8% lr=0.09755
[00:30:08]   T12 E02: tr_loss=1.211 tr_acc=46.3% te_loss=1.013 te_acc=56.0% lr=0.09045
[00:30:09]   T12 E03: tr_loss=0.813 tr_acc=64.0% te_loss=0.839 te_acc=63.6% lr=0.07939
[00:30:09]   T12 E04: tr_loss=0.683 tr_acc=71.9% te_loss=0.700 te_acc=71.2% lr=0.06545
[00:30:10]   T12 E05: tr_loss=0.605 tr_acc=75.2% te_loss=0.608 te_acc=77.4% lr=0.05000
[00:30:11]   T12 E06: tr_loss=0.552 tr_acc=78.0% te_loss=0.642 te_acc=73.2% lr=0.03455
[00:30:12]   T12 E07: tr_loss=0.506 tr_acc=79.4% te_loss=0.576 te_acc=77.0% lr=0.02061
[00:30:13]   T12 E08: tr_loss=0.460 tr_acc=81.5% te_loss=0.566 te_acc=77.6% lr=0.00955
[00:30:14]   T12 E09: tr_loss=0.457 tr_acc=82.2% te_loss=0.539 te_acc=79.0% lr=0.00245
[00:30:14]   T12 E10: tr_loss=0.434 tr_acc=82.6% te_loss=0.516 te_acc=80.0% lr=0.00000
[00:30:17]   Task 12 summary: train_acc=82.6% test_acc=80.0% rank=12.215 (drop=7.7%) dead=6.98%  elapsed=151s
[00:30:17] 
── Task 13/19 ─────────────────────────────────
[00:30:17]   Classes: [65, 66, 67, 68, 69]  train=2500  test=500
[00:30:18]   T13 E01: tr_loss=3.952 tr_acc=18.6% te_loss=1.503 te_acc=32.0% lr=0.09755
[00:30:19]   T13 E02: tr_loss=1.409 tr_acc=36.7% te_loss=1.318 te_acc=40.2% lr=0.09045
[00:30:20]   T13 E03: tr_loss=1.180 tr_acc=49.6% te_loss=1.013 te_acc=52.0% lr=0.07939
[00:30:21]   T13 E04: tr_loss=0.939 tr_acc=61.3% te_loss=0.846 te_acc=65.6% lr=0.06545
[00:30:22]   T13 E05: tr_loss=0.840 tr_acc=66.2% te_loss=0.840 te_acc=68.6% lr=0.05000
[00:30:23]   T13 E06: tr_loss=0.764 tr_acc=69.6% te_loss=0.795 te_acc=68.8% lr=0.03455
[00:30:23]   T13 E07: tr_loss=0.708 tr_acc=71.5% te_loss=0.671 te_acc=74.0% lr=0.02061
[00:30:24]   T13 E08: tr_loss=0.666 tr_acc=74.4% te_loss=0.682 te_acc=75.2% lr=0.00955
[00:30:25]   T13 E09: tr_loss=0.634 tr_acc=75.9% te_loss=0.599 te_acc=77.8% lr=0.00245
[00:30:26]   T13 E10: tr_loss=0.615 tr_acc=77.5% te_loss=0.601 te_acc=78.4% lr=0.00000
[00:30:29]   Task 13 summary: train_acc=77.5% test_acc=78.4% rank=12.190 (drop=7.9%) dead=7.12%  elapsed=162s
[00:30:29] 
── Task 14/19 ─────────────────────────────────
[00:30:29]   Classes: [70, 71, 72, 73, 74]  train=2500  test=500
[00:30:30]   T14 E01: tr_loss=3.974 tr_acc=29.0% te_loss=1.038 te_acc=59.6% lr=0.09755
[00:30:31]   T14 E02: tr_loss=0.926 tr_acc=63.5% te_loss=1.364 te_acc=45.6% lr=0.09045
[00:30:31]   T14 E03: tr_loss=0.720 tr_acc=71.5% te_loss=0.695 te_acc=73.8% lr=0.07939
[00:30:32]   T14 E04: tr_loss=0.632 tr_acc=75.4% te_loss=0.614 te_acc=76.8% lr=0.06545
[00:30:33]   T14 E05: tr_loss=0.588 tr_acc=76.4% te_loss=0.582 te_acc=77.6% lr=0.05000
[00:30:34]   T14 E06: tr_loss=0.548 tr_acc=78.4% te_loss=0.557 te_acc=77.6% lr=0.03455
[00:30:35]   T14 E07: tr_loss=0.507 tr_acc=79.8% te_loss=0.540 te_acc=80.8% lr=0.02061
[00:30:36]   T14 E08: tr_loss=0.515 tr_acc=80.4% te_loss=0.553 te_acc=80.2% lr=0.00955
[00:30:36]   T14 E09: tr_loss=0.463 tr_acc=81.3% te_loss=0.498 te_acc=80.6% lr=0.00245
[00:30:37]   T14 E10: tr_loss=0.455 tr_acc=82.6% te_loss=0.489 te_acc=81.0% lr=0.00000
[00:30:40]   Task 14 summary: train_acc=82.6% test_acc=81.0% rank=12.173 (drop=8.0%) dead=8.68%  elapsed=173s
[00:30:40] 
── Task 15/19 ─────────────────────────────────
[00:30:40]   Classes: [75, 76, 77, 78, 79]  train=2500  test=500
[00:30:41]   T15 E01: tr_loss=4.520 tr_acc=15.5% te_loss=1.679 te_acc=31.8% lr=0.09755
[00:30:42]   T15 E02: tr_loss=1.431 tr_acc=33.9% te_loss=1.420 te_acc=39.0% lr=0.09045
[00:30:43]   T15 E03: tr_loss=1.266 tr_acc=44.2% te_loss=1.320 te_acc=51.0% lr=0.07939
[00:30:44]   T15 E04: tr_loss=1.077 tr_acc=53.6% te_loss=1.252 te_acc=52.0% lr=0.06545
[00:30:44]   T15 E05: tr_loss=0.993 tr_acc=56.7% te_loss=0.962 te_acc=59.0% lr=0.05000
[00:30:45]   T15 E06: tr_loss=0.934 tr_acc=60.4% te_loss=0.885 te_acc=62.0% lr=0.03455
[00:30:46]   T15 E07: tr_loss=0.865 tr_acc=64.2% te_loss=0.829 te_acc=66.4% lr=0.02061
[00:30:47]   T15 E08: tr_loss=0.802 tr_acc=67.9% te_loss=0.830 te_acc=67.8% lr=0.00955
[00:30:48]   T15 E09: tr_loss=0.754 tr_acc=69.6% te_loss=0.750 te_acc=71.6% lr=0.00245
[00:30:49]   T15 E10: tr_loss=0.739 tr_acc=69.9% te_loss=0.760 te_acc=73.0% lr=0.00000
[00:30:52]   Task 15 summary: train_acc=69.9% test_acc=73.0% rank=12.147 (drop=8.2%) dead=6.68%  elapsed=185s
[00:30:52] 
── Task 16/19 ─────────────────────────────────
[00:30:52]   Classes: [80, 81, 82, 83, 84]  train=2500  test=500
[00:30:53]   T16 E01: tr_loss=4.290 tr_acc=14.9% te_loss=1.535 te_acc=37.6% lr=0.09755
[00:30:53]   T16 E02: tr_loss=1.287 tr_acc=40.7% te_loss=1.136 te_acc=48.0% lr=0.09045
[00:30:54]   T16 E03: tr_loss=1.084 tr_acc=54.1% te_loss=1.003 te_acc=56.2% lr=0.07939
[00:30:55]   T16 E04: tr_loss=0.892 tr_acc=63.5% te_loss=0.848 te_acc=64.2% lr=0.06545
[00:30:56]   T16 E05: tr_loss=0.756 tr_acc=72.2% te_loss=0.743 te_acc=70.8% lr=0.05000
[00:30:57]   T16 E06: tr_loss=0.653 tr_acc=76.0% te_loss=0.626 te_acc=76.6% lr=0.03455
[00:30:58]   T16 E07: tr_loss=0.598 tr_acc=78.4% te_loss=0.563 te_acc=80.4% lr=0.02061
[00:30:59]   T16 E08: tr_loss=0.560 tr_acc=79.8% te_loss=0.527 te_acc=82.4% lr=0.00955
[00:30:59]   T16 E09: tr_loss=0.512 tr_acc=81.5% te_loss=0.493 te_acc=84.6% lr=0.00245
[00:31:00]   T16 E10: tr_loss=0.487 tr_acc=82.7% te_loss=0.506 te_acc=82.8% lr=0.00000
[00:31:03]   Task 16 summary: train_acc=82.7% test_acc=82.8% rank=12.123 (drop=8.4%) dead=7.77%  elapsed=196s
[00:31:03] 
── Task 17/19 ─────────────────────────────────
[00:31:03]   Classes: [85, 86, 87, 88, 89]  train=2500  test=500
[00:31:04]   T17 E01: tr_loss=4.287 tr_acc=18.5% te_loss=1.479 te_acc=38.0% lr=0.09755
[00:31:05]   T17 E02: tr_loss=1.286 tr_acc=47.3% te_loss=1.515 te_acc=38.6% lr=0.09045
[00:31:06]   T17 E03: tr_loss=1.016 tr_acc=59.9% te_loss=1.030 te_acc=60.0% lr=0.07939
[00:31:07]   T17 E04: tr_loss=0.916 tr_acc=63.8% te_loss=1.036 te_acc=58.6% lr=0.06545
[00:31:08]   T17 E05: tr_loss=0.816 tr_acc=69.2% te_loss=0.798 te_acc=69.2% lr=0.05000
[00:31:08]   T17 E06: tr_loss=0.741 tr_acc=71.8% te_loss=0.829 te_acc=67.4% lr=0.03455
[00:31:09]   T17 E07: tr_loss=0.680 tr_acc=73.6% te_loss=0.696 te_acc=72.8% lr=0.02061
[00:31:10]   T17 E08: tr_loss=0.633 tr_acc=75.2% te_loss=0.701 te_acc=73.2% lr=0.00955
[00:31:11]   T17 E09: tr_loss=0.592 tr_acc=78.0% te_loss=0.670 te_acc=75.6% lr=0.00245
[00:31:12]   T17 E10: tr_loss=0.572 tr_acc=78.2% te_loss=0.652 te_acc=74.6% lr=0.00000
[00:31:15]   Task 17 summary: train_acc=78.2% test_acc=74.6% rank=12.092 (drop=8.6%) dead=7.85%  elapsed=208s
[00:31:15] 
── Task 18/19 ─────────────────────────────────
[00:31:15]   Classes: [90, 91, 92, 93, 94]  train=2500  test=500
[00:31:16]   T18 E01: tr_loss=3.925 tr_acc=34.8% te_loss=1.220 te_acc=61.8% lr=0.09755
[00:31:17]   T18 E02: tr_loss=0.830 tr_acc=67.0% te_loss=0.726 te_acc=69.8% lr=0.09045
[00:31:17]   T18 E03: tr_loss=0.691 tr_acc=72.7% te_loss=0.707 te_acc=69.6% lr=0.07939
[00:31:18]   T18 E04: tr_loss=0.605 tr_acc=76.8% te_loss=0.576 te_acc=77.4% lr=0.06545
[00:31:19]   T18 E05: tr_loss=0.540 tr_acc=78.9% te_loss=0.516 te_acc=81.2% lr=0.05000
[00:31:20]   T18 E06: tr_loss=0.500 tr_acc=81.4% te_loss=0.580 te_acc=78.8% lr=0.03455
[00:31:21]   T18 E07: tr_loss=0.463 tr_acc=82.6% te_loss=0.528 te_acc=79.6% lr=0.02061
[00:31:22]   T18 E08: tr_loss=0.447 tr_acc=82.9% te_loss=0.461 te_acc=81.8% lr=0.00955
[00:31:23]   T18 E09: tr_loss=0.406 tr_acc=84.6% te_loss=0.450 te_acc=82.8% lr=0.00245
[00:31:24]   T18 E10: tr_loss=0.386 tr_acc=85.8% te_loss=0.447 te_acc=83.0% lr=0.00000
[00:31:27]   Task 18 summary: train_acc=85.8% test_acc=83.0% rank=12.057 (drop=8.9%) dead=7.46%  elapsed=220s
[00:31:27] 
── Task 19/19 ─────────────────────────────────
[00:31:27]   Classes: [95, 96, 97, 98, 99]  train=2500  test=500
[00:31:28]   T19 E01: tr_loss=4.547 tr_acc=21.2% te_loss=2.094 te_acc=38.6% lr=0.09755
[00:31:29]   T19 E02: tr_loss=1.118 tr_acc=54.6% te_loss=1.122 te_acc=57.2% lr=0.09045
[00:31:29]   T19 E03: tr_loss=0.883 tr_acc=65.9% te_loss=0.826 te_acc=70.0% lr=0.07939
[00:31:30]   T19 E04: tr_loss=0.811 tr_acc=69.2% te_loss=0.883 te_acc=67.4% lr=0.06545
[00:31:31]   T19 E05: tr_loss=0.745 tr_acc=71.5% te_loss=0.707 te_acc=72.4% lr=0.05000
[00:31:32]   T19 E06: tr_loss=0.665 tr_acc=75.2% te_loss=0.787 te_acc=68.4% lr=0.03455
[00:31:33]   T19 E07: tr_loss=0.625 tr_acc=76.3% te_loss=0.620 te_acc=77.8% lr=0.02061
[00:31:34]   T19 E08: tr_loss=0.562 tr_acc=78.6% te_loss=0.578 te_acc=79.2% lr=0.00955
[00:31:34]   T19 E09: tr_loss=0.522 tr_acc=80.3% te_loss=0.525 te_acc=80.6% lr=0.00245
[00:31:35]   T19 E10: tr_loss=0.487 tr_acc=82.2% te_loss=0.537 te_acc=80.2% lr=0.00000
[00:31:39]   Task 19 summary: train_acc=82.2% test_acc=80.2% rank=11.997 (drop=9.4%) dead=6.76%  elapsed=232s
[00:31:39] 
Total training time: 231.7s (3.9 min)
[00:31:39] 
── Trend analysis ────────────────────────────────────────
[00:31:39] Effective rank trend:     slope=-0.0184/task  r=-0.916
[00:31:39] Dead-neuron % trend:      slope=0.2893/task  r=0.860
[00:31:39] Train accuracy trend:     slope=2.4455/task r=0.798
[00:31:39] 
Init rank:  13.2356
[00:31:39] Final rank: 11.9968
[00:31:39] Rank drop:  9.36%
[00:31:39] Dead neuron fraction: 2.14% → 6.76%
[00:31:39] Rank AUC (per task mean): 12.2296
[00:31:39] Rank AUC (epoch-level trapezoid): 12.2286
[00:31:39] Plasticity (train acc): first-5 avg=46.3%, last-5 avg=79.7%, loss=-33.4pp
[00:31:39] 
Rank collapse detected (drop≥10%): False  (actual: 9.4%)
[00:31:39] Dead-neuron rise detected (slope>0, r>0.5): True  (slope=0.2893/task, r=0.860)
[00:31:39] Plasticity loss detected (last5<first5 by >5pp): False  (drop=-33.4pp)
[00:31:39] 
Checkpoint saved: /workspace/_weights/refine01_probe.pt  md5=e67db330bc8a9e0cfb206e569115d3b7
[00:31:39] Results written to /workspace/results/refine-01/RESULTS.json
[00:31:39] 
============================================================
[00:31:39] FINAL RESULTS (compact):
[00:31:39] {
  "status": "SUCCESS",
  "scale": "probe",
  "metrics": {
    "num_tasks": 20,
    "epochs_per_task": 10,
    "init_effective_rank": 13.2356,
    "final_effective_rank": 11.9968,
    "effective_rank_auc_per_task_mean": 12.2296,
    "effective_rank_auc_epoch": 12.2286,
    "rank_drop_pct": 9.36,
    "init_dead_neuron_pct": 2.139,
    "final_dead_neuron_pct": 6.76,
    "rank_trend_slope_per_task": -0.01837,
    "rank_trend_r": -0.9155,
    "dead_trend_slope_per_task": 0.28927,
    "dead_trend_r": 0.8603,
    "train_acc_trend_slope_per_task": 2.4455,
    "train_acc_trend_r": 0.7979,
    "first5_avg_train_acc_pct": 46.31,
    "last5_avg_train_acc_pct": 79.74,
    "plasticity_loss_pp": -33.43,
    "rank_collapse_detected": false,
    "dead_neuron_rise_detected": true,
    "plasticity_loss_detected": false,
    "baseline00_rank_drop_pct": 6.98,
    "baseline00_dead_neuron_pct": 0.27,
    "baseline00_num_tasks": 5,
    "rank_drop_vs_baseline00_ratio": 1.34,
    "per_task_metrics": [
      {
        "task_id": 0,
        "classes": [
          0,
          1,
          2,
          3,
          4
        ],
        "final_train_acc_pct": 62.88,
        "final_test_acc_pct": 67.2,
        "mean_effective_rank": 12.5575,
        "rank_drop_from_init_pct": 5.12,
        "dead_neuron_frac": 0.0049,
        "dead_neuron_pct": 0.49
      },
      {
        "task_id": 1,
        "classes": [
          5,
          6,
          7,
          8,
          9
        ],
        "final_train_acc_pct": 42.28,
        "final_test_acc_pct": 42.8,
        "mean_effective_rank": 12.3322,
        "rank_drop_from_init_pct": 6.83,
        "dead_neuron_frac": 0.0372,
        "dead_neuron_pct": 3.72
      },
      {
        "task_id": 2,
        "classes": [
          10,
          11,
          12,
          13,
          14
        ],
        "final_train_acc_pct": 26.96,
        "final_test_acc_pct": 31.6,
        "mean_effective_rank": 12.3181,
        "rank_drop_from_init_pct": 6.93,
        "dead_neuron_frac": 0.0362,
        "dead_neuron_pct": 3.62
      },
      {
        "task_id": 3,
        "classes": [
          15,
          16,
          17,
          18,
          19
        ],
        "final_train_acc_pct": 36.76,
        "final_test_acc_pct": 41.0,
        "mean_effective_rank": 12.3125,
        "rank_drop_from_init_pct": 6.97,
        "dead_neuron_frac": 0.0364,
        "dead_neuron_pct": 3.64
      },
      {
        "task_id": 4,
        "classes": [
          20,
          21,
          22,
          23,
          24
        ],
        "final_train_acc_pct": 62.68,
        "final_test_acc_pct": 60.4,
        "mean_effective_rank": 12.2803,
        "rank_drop_from_init_pct": 7.22,
        "dead_neuron_frac": 0.0556,
        "dead_neuron_pct": 5.56
      },
      {
        "task_id": 5,
        "classes": [
          25,
          26,
          27,
          28,
          29
        ],
        "final_train_acc_pct": 35.68,
        "final_test_acc_pct": 36.0,
        "mean_effective_rank": 12.2662,
        "rank_drop_from_init_pct": 7.32,
        "dead_neuron_frac": 0.0494,
        "dead_neuron_pct": 4.94
      },
      {
        "task_id": 6,
        "classes": [
          30,
          31,
          32,
          33,
          34
        ],
        "final_train_acc_pct": 59.64,
        "final_test_acc_pct": 63.0,
        "mean_effective_rank": 12.2722,
        "rank_drop_from_init_pct": 7.28,
        "dead_neuron_frac": 0.0388,
        "dead_neuron_pct": 3.88
      },
      {
        "task_id": 7,
        "classes": [
          35,
          36,
          37,
          38,
          39
        ],
        "final_train_acc_pct": 63.52,
        "final_test_acc_pct": 61.0,
        "mean_effective_rank": 12.265,
        "rank_drop_from_init_pct": 7.33,
        "dead_neuron_frac": 0.0516,
        "dead_neuron_pct": 5.16
      },
      {
        "task_id": 8,
        "classes": [
          40,
          41,
          42,
          43,
          44
        ],
        "final_train_acc_pct": 54.0,
        "final_test_acc_pct": 57.6,
        "mean_effective_rank": 12.2665,
        "rank_drop_from_init_pct": 7.32,
        "dead_neuron_frac": 0.0419,
        "dead_neuron_pct": 4.19
      },
      {
        "task_id": 9,
        "classes": [
          45,
          46,
          47,
          48,
          49
        ],
        "final_train_acc_pct": 77.04,
        "final_test_acc_pct": 77.0,
        "mean_effective_rank": 12.259,
        "rank_drop_from_init_pct": 7.38,
        "dead_neuron_frac": 0.0665,
        "dead_neuron_pct": 6.65
      },
      {
        "task_id": 10,
        "classes": [
          50,
          51,
          52,
          53,
          54
        ],
        "final_train_acc_pct": 81.4,
        "final_test_acc_pct": 81.8,
        "mean_effective_rank": 12.2395,
        "rank_drop_from_init_pct": 7.53,
        "dead_neuron_frac": 0.0657,
        "dead_neuron_pct": 6.57
      },
      {
        "task_id": 11,
        "classes": [
          55,
          56,
          57,
          58,
          59
        ],
        "final_train_acc_pct": 72.32,
        "final_test_acc_pct": 68.4,
        "mean_effective_rank": 12.2269,
        "rank_drop_from_init_pct": 7.62,
        "dead_neuron_frac": 0.0659,
        "dead_neuron_pct": 6.59
      },
      {
        "task_id": 12,
        "classes": [
          60,
          61,
          62,
          63,
          64
        ],
        "final_train_acc_pct": 82.6,
        "final_test_acc_pct": 80.0,
        "mean_effective_rank": 12.2154,
        "rank_drop_from_init_pct": 7.71,
        "dead_neuron_frac": 0.0698,
        "dead_neuron_pct": 6.98
      },
      {
        "task_id": 13,
        "classes": [
          65,
          66,
          67,
          68,
          69
        ],
        "final_train_acc_pct": 77.48,
        "final_test_acc_pct": 78.4,
        "mean_effective_rank": 12.1902,
        "rank_drop_from_init_pct": 7.9,
        "dead_neuron_frac": 0.0712,
        "dead_neuron_pct": 7.12
      },
      {
        "task_id": 14,
        "classes": [
          70,
          71,
          72,
          73,
          74
        ],
        "final_train_acc_pct": 82.56,
        "final_test_acc_pct": 81.0,
        "mean_effective_rank": 12.1731,
        "rank_drop_from_init_pct": 8.03,
        "dead_neuron_frac": 0.0868,
        "dead_neuron_pct": 8.68
      },
      {
        "task_id": 15,
        "classes": [
          75,
          76,
          77,
          78,
          79
        ],
        "final_train_acc_pct": 69.88,
        "final_test_acc_pct": 73.0,
        "mean_effective_rank": 12.1471,
        "rank_drop_from_init_pct": 8.22,
        "dead_neuron_frac": 0.0668,
        "dead_neuron_pct": 6.68
      },
      {
        "task_id": 16,
        "classes": [
          80,
          81,
          82,
          83,
          84
        ],
        "final_train_acc_pct": 82.68,
        "final_test_acc_pct": 82.8,
        "mean_effective_rank": 12.1232,
        "rank_drop_from_init_pct": 8.4,
        "dead_neuron_frac": 0.0777,
        "dead_neuron_pct": 7.77
      },
      {
        "task_id": 17,
        "classes": [
          85,
          86,
          87,
          88,
          89
        ],
        "final_train_acc_pct": 78.2,
        "final_test_acc_pct": 74.6,
        "mean_effective_rank": 12.0922,
        "rank_drop_from_init_pct": 8.64,
        "dead_neuron_frac": 0.0785,
        "dead_neuron_pct": 7.85
      },
      {
        "task_id": 18,
        "classes": [
          90,
          91,
          92,
          93,
          94
        ],
        "final_train_acc_pct": 85.76,
        "final_test_acc_pct": 83.0,
        "mean_effective_rank": 12.0574,
        "rank_drop_from_init_pct": 8.9,
        "dead_neuron_frac": 0.0746,
        "dead_neuron_pct": 7.46
      },
      {
        "task_id": 19,
        "classes": [
          95,
          96,
          97,
          98,
          99
        ],
        "final_train_acc_pct": 82.2,
        "final_test_acc_pct": 80.2,
        "mean_effective_rank": 11.9968,
        "rank_drop_from_init_pct": 9.36,
        "dead_neuron_frac": 0.0676,
        "dead_neuron_pct": 6.76
      }
    ],
    "checkpoint_md5": "e67db330bc8a9e0cfb206e569115d3b7",
    "sanity_gates_reference": "baseline-00 (all 4 PASS)",
    "all_sanity_gates_pass": true
  },
  "subject_executed": "Vanilla ResNet-18 + SGD (lr=0.1, mom=0.9, wd=0.0005, nesterov=True) + CosineAnnealingLR per task, CIFAR-100 class-incremental, 20 tasks \u00d7 5 classes/task, 10 epochs/task, batch=128, seed=42, no plasticity intervention (baseline)",
  "notes": "refine-01 extends baseline-00 from 5\u219220 tasks to elicit measurable plasticity loss. Effective rank: 13.236 \u2192 11.997 (9.4% drop). Dead neurons: 2.14% \u2192 6.76%. Dead-neuron slope=0.2893/task (r=0.860). Plasticity (train acc): first-5 avg=46.3%, last-5 avg=79.7%, loss=-33.4pp. Rank collapse detected=False. Sanity gates re-skipped (all 4 passed in baseline-00, same arch/config). Training time: 3.9 min on H100."
}
[00:31:39] ============================================================
 E01: tr_loss=4.520 tr_acc=15.5% te_loss=1.679 te_acc=31.8% lr=0.09755
[00:30:42]   T15 E02: tr_loss=1.431 tr_acc=33.9% te_loss=1.420 te_acc=39.0% lr=0.09045
[00:30:43]   T15 E03: tr_loss=1.266 tr_acc=44.2% te_loss=1.320 te_acc=51.0% lr=0.07939
[00:30:44]   T15 E04: tr_loss=1.077 tr_acc=53.6% te_loss=1.252 te_acc=52.0% lr=0.06545
[00:30:44]   T15 E05: tr_loss=0.993 tr_acc=56.7% te_loss=0.962 te_acc=59.0% lr=0.05000
[00:30:45]   T15 E06: tr_loss=0.934 tr_acc=60.4% te_loss=0.885 te_acc=62.0% lr=0.03455
[00:30:46]   T15 E07: tr_loss=0.865 tr_acc=64.2% te_loss=0.829 te_acc=66.4% lr=0.02061
[00:30:47]   T15 E08: tr_loss=0.802 tr_acc=67.9% te_loss=0.830 te_acc=67.8% lr=0.00955
[00:30:48]   T15 E09: tr_loss=0.754 tr_acc=69.6% te_loss=0.750 te_acc=71.6% lr=0.00245
[00:30:49]   T15 E10: tr_loss=0.739 tr_acc=69.9% te_loss=0.760 te_acc=73.0% lr=0.00000
[00:30:52]   Task 15 summary: train_acc=69.9% test_acc=73.0% rank=12.147 (drop=8.2%) dead=6.68%  elapsed=185s
[00:30:52] 
── Task 16/19 ─────────────────────────────────
[00:30:52]   Classes: [80, 81, 82, 83, 84]  train=2500  test=500
[00:30:53]   T16 E01: tr_loss=4.290 tr_acc=14.9% te_loss=1.535 te_acc=37.6% lr=0.09755
[00:30:53]   T16 E02: tr_loss=1.287 tr_acc=40.7% te_loss=1.136 te_acc=48.0% lr=0.09045
[00:30:54]   T16 E03: tr_loss=1.084 tr_acc=54.1% te_loss=1.003 te_acc=56.2% lr=0.07939
[00:30:55]   T16 E04: tr_loss=0.892 tr_acc=63.5% te_loss=0.848 te_acc=64.2% lr=0.06545
[00:30:56]   T16 E05: tr_loss=0.756 tr_acc=72.2% te_loss=0.743 te_acc=70.8% lr=0.05000
[00:30:57]   T16 E06: tr_loss=0.653 tr_acc=76.0% te_loss=0.626 te_acc=76.6% lr=0.03455
[00:30:58]   T16 E07: tr_loss=0.598 tr_acc=78.4% te_loss=0.563 te_acc=80.4% lr=0.02061
[00:30:59]   T16 E08: tr_loss=0.560 tr_acc=79.8% te_loss=0.527 te_acc=82.4% lr=0.00955
[00:30:59]   T16 E09: tr_loss=0.512 tr_acc=81.5% te_loss=0.493 te_acc=84.6% lr=0.00245
[00:31:00]   T16 E10: tr_loss=0.487 tr_acc=82.7% te_loss=0.506 te_acc=82.8% lr=0.00000
[00:31:03]   Task 16 summary: train_acc=82.7% test_acc=82.8% rank=12.123 (drop=8.4%) dead=7.77%  elapsed=196s
[00:31:03] 
── Task 17/19 ─────────────────────────────────
[00:31:03]   Classes: [85, 86, 87, 88, 89]  train=2500  test=500
[00:31:04]   T17 E01: tr_loss=4.287 tr_acc=18.5% te_loss=1.479 te_acc=38.0% lr=0.09755
[00:31:05]   T17 E02: tr_loss=1.286 tr_acc=47.3% te_loss=1.515 te_acc=38.6% lr=0.09045
[00:31:06]   T17 E03: tr_loss=1.016 tr_acc=59.9% te_loss=1.030 te_acc=60.0% lr=0.07939
[00:31:07]   T17 E04: tr_loss=0.916 tr_acc=63.8% te_loss=1.036 te_acc=58.6% lr=0.06545
[00:31:08]   T17 E05: tr_loss=0.816 tr_acc=69.2% te_loss=0.798 te_acc=69.2% lr=0.05000
[00:31:08]   T17 E06: tr_loss=0.741 tr_acc=71.8% te_loss=0.829 te_acc=67.4% lr=0.03455
[00:31:09]   T17 E07: tr_loss=0.680 tr_acc=73.6% te_loss=0.696 te_acc=72.8% lr=0.02061
[00:31:10]   T17 E08: tr_loss=0.633 tr_acc=75.2% te_loss=0.701 te_acc=73.2% lr=0.00955
[00:31:11]   T17 E09: tr_loss=0.592 tr_acc=78.0% te_loss=0.670 te_acc=75.6% lr=0.00245
[00:31:12]   T17 E10: tr_loss=0.572 tr_acc=78.2% te_loss=0.652 te_acc=74.6% lr=0.00000
[00:31:15]   Task 17 summary: train_acc=78.2% test_acc=74.6% rank=12.092 (drop=8.6%) dead=7.85%  elapsed=208s
[00:31:15] 
── Task 18/19 ─────────────────────────────────
[00:31:15]   Classes: [90, 91, 92, 93, 94]  train=2500  test=500
[00:31:16]   T18 E01: tr_loss=3.925 tr_acc=34.8% te_loss=1.220 te_acc=61.8% lr=0.09755
[00:31:17]   T18 E02: tr_loss=0.830 tr_acc=67.0% te_loss=0.726 te_acc=69.8% lr=0.09045
[00:31:17]   T18 E03: tr_loss=0.691 tr_acc=72.7% te_loss=0.707 te_acc=69.6% lr=0.07939
[00:31:18]   T18 E04: tr_loss=0.605 tr_acc=76.8% te_loss=0.576 te_acc=77.4% lr=0.06545
[00:31:19]   T18 E05: tr_loss=0.540 tr_acc=78.9% te_loss=0.516 te_acc=81.2% lr=0.05000
[00:31:20]   T18 E06: tr_loss=0.500 tr_acc=81.4% te_loss=0.580 te_acc=78.8% lr=0.03455
[00:31:21]   T18 E07: tr_loss=0.463 tr_acc=82.6% te_loss=0.528 te_acc=79.6% lr=0.02061
[00:31:22]   T18 E08: tr_loss=0.447 tr_acc=82.9% te_loss=0.461 te_acc=81.8% lr=0.00955
[00:31:23]   T18 E09: tr_loss=0.406 tr_acc=84.6% te_loss=0.450 te_acc=82.8% lr=0.00245
[00:31:24]   T18 E10: tr_loss=0.386 tr_acc=85.8% te_loss=0.447 te_acc=83.0% lr=0.00000
[00:31:27]   Task 18 summary: train_acc=85.8% test_acc=83.0% rank=12.057 (drop=8.9%) dead=7.46%  elapsed=220s
[00:31:27] 
── Task 19/19 ─────────────────────────────────
[00:31:27]   Classes: [95, 96, 97, 98, 99]  train=2500  test=500
[00:31:28]   T19 E01: tr_loss=4.547 tr_acc=21.2% te_loss=2.094 te_acc=38.6% lr=0.09755
[00:31:29]   T19 E02: tr_loss=1.118 tr_acc=54.6% te_loss=1.122 te_acc=57.2% lr=0.09045
[00:31:29]   T19 E03: tr_loss=0.883 tr_acc=65.9% te_loss=0.826 te_acc=70.0% lr=0.07939
[00:31:30]   T19 E04: tr_loss=0.811 tr_acc=69.2% te_loss=0.883 te_acc=67.4% lr=0.06545
[00:31:31]   T19 E05: tr_loss=0.745 tr_acc=71.5% te_loss=0.707 te_acc=72.4% lr=0.05000
[00:31:32]   T19 E06: tr_loss=0.665 tr_acc=75.2% te_loss=0.787 te_acc=68.4% lr=0.03455
[00:31:33]   T19 E07: tr_loss=0.625 tr_acc=76.3% te_loss=0.620 te_acc=77.8% lr=0.02061
[00:31:34]   T19 E08: tr_loss=0.562 tr_acc=78.6% te_loss=0.578 te_acc=79.2% lr=0.00955
[00:31:34]   T19 E09: tr_loss=0.522 tr_acc=80.3% te_loss=0.525 te_acc=80.6% lr=0.00245
[00:31:35]   T19 E10: tr_loss=0.487 tr_acc=82.2% te_loss=0.537 te_acc=80.2% lr=0.00000
[00:31:39]   Task 19 summary: train_acc=82.2% test_acc=80.2% rank=11.997 (drop=9.4%) dead=6.76%  elapsed=232s
[00:31:39] 
Total training time: 231.7s (3.9 min)
[00:31:39] 
── Trend analysis ────────────────────────────────────────
[00:31:39] Effective rank trend:     slope=-0.0184/task  r=-0.916
[00:31:39] Dead-neuron % trend:      slope=0.2893/task  r=0.860
[00:31:39] Train accuracy trend:     slope=2.4455/task r=0.798
[00:31:39] 
Init rank:  13.2356
[00:31:39] Final rank: 11.9968
[00:31:39] Rank drop:  9.36%
[00:31:39] Dead neuron fraction: 2.14% → 6.76%
[00:31:39] Rank AUC (per task mean): 12.2296
[00:31:39] Rank AUC (epoch-level trapezoid): 12.2286
[00:31:39] Plasticity (train acc): first-5 avg=46.3%, last-5 avg=79.7%, loss=-33.4pp
[00:31:39] 
Rank collapse detected (drop≥10%): False  (actual: 9.4%)
[00:31:39] Dead-neuron rise detected (slope>0, r>0.5): True  (slope=0.2893/task, r=0.860)
[00:31:39] Plasticity loss detected (last5<first5 by >5pp): False  (drop=-33.4pp)
[00:31:39] 
Checkpoint saved: /workspace/_weights/refine01_probe.pt  md5=e67db330bc8a9e0cfb206e569115d3b7
[00:31:39] Results written to /workspace/results/refine-01/RESULTS.json
[00:31:39] 
============================================================
[00:31:39] FINAL RESULTS (compact):
[00:31:39] {
  "status": "SUCCESS",
  "scale": "probe",
  "metrics": {
    "num_tasks": 20,
    "epochs_per_task": 10,
    "init_effective_rank": 13.2356,
    "final_effective_rank": 11.9968,
    "effective_rank_auc_per_task_mean": 12.2296,
    "effective_rank_auc_epoch": 12.2286,
    "rank_drop_pct": 9.36,
    "init_dead_neuron_pct": 2.139,
    "final_dead_neuron_pct": 6.76,
    "rank_trend_slope_per_task": -0.01837,
    "rank_trend_r": -0.9155,
    "dead_trend_slope_per_task": 0.28927,
    "dead_trend_r": 0.8603,
    "train_acc_trend_slope_per_task": 2.4455,
    "train_acc_trend_r": 0.7979,
    "first5_avg_train_acc_pct": 46.31,
    "last5_avg_train_acc_pct": 79.74,
    "plasticity_loss_pp": -33.43,
    "rank_collapse_detected": false,
    "dead_neuron_rise_detected": true,
    "plasticity_loss_detected": false,
    "baseline00_rank_drop_pct": 6.98,
    "baseline00_dead_neuron_pct": 0.27,
    "baseline00_num_tasks": 5,
    "rank_drop_vs_baseline00_ratio": 1.34,
    "per_task_metrics": [
      {
        "task_id": 0,
        "classes": [
          0,
          1,
          2,
          3,
          4
        ],
        "final_train_acc_pct": 62.88,
        "final_test_acc_pct": 67.2,
        "mean_effective_rank": 12.5575,
        "rank_drop_from_init_pct": 5.12,
        "dead_neuron_frac": 0.0049,
        "dead_neuron_pct": 0.49
      },
      {
        "task_id": 1,
        "classes": [
          5,
          6,
          7,
          8,
          9
        ],
        "final_train_acc_pct": 42.28,
        "final_test_acc_pct": 42.8,
        "mean_effective_rank": 12.3322,
        "rank_drop_from_init_pct": 6.83,
        "dead_neuron_frac": 0.0372,
        "dead_neuron_pct": 3.72
      },
      {
        "task_id": 2,
        "classes": [
          10,
          11,
          12,
          13,
          14
        ],
        "final_train_acc_pct": 26.96,
        "final_test_acc_pct": 31.6,
        "mean_effective_rank": 12.3181,
        "rank_drop_from_init_pct": 6.93,
        "dead_neuron_frac": 0.0362,
        "dead_neuron_pct": 3.62
      },
      {
        "task_id": 3,
        "classes": [
          15,
          16,
          17,
          18,
          19
        ],
        "final_train_acc_pct": 36.76,
        "final_test_acc_pct": 41.0,
        "mean_effective_rank": 12.3125,
        "rank_drop_from_init_pct": 6.97,
        "dead_neuron_frac": 0.0364,
        "dead_neuron_pct": 3.64
      },
      {
        "task_id": 4,
        "classes": [
          20,
          21,
          22,
          23,
          24
        ],
        "final_train_acc_pct": 62.68,
        "final_test_acc_pct": 60.4,
        "mean_effective_rank": 12.2803,
        "rank_drop_from_init_pct": 7.22,
        "dead_neuron_frac": 0.0556,
        "dead_neuron_pct": 5.56
      },
      {
        "task_id": 5,
        "classes": [
          25,
          26,
          27,
          28,
          29
        ],
        "final_train_acc_pct": 35.68,
        "final_test_acc_pct": 36.0,
        "mean_effective_rank": 12.2662,
        "rank_drop_from_init_pct": 7.32,
        "dead_neuron_frac": 0.0494,
        "dead_neuron_pct": 4.94
      },
      {
        "task_id": 6,
        "classes": [
          30,
          31,
          32,
          33,
          34
        ],
        "final_train_acc_pct": 59.64,
        "final_test_acc_pct": 63.0,
        "mean_effective_rank": 12.2722,
        "rank_drop_from_init_pct": 7.28,
        "dead_neuron_frac": 0.0388,
        "dead_neuron_pct": 3.88
      },
      {
        "task_id": 7,
        "classes": [
          35,
          36,
          37,
          38,
          39
        ],
        "final_train_acc_pct": 63.52,
        "final_test_acc_pct": 61.0,
        "mean_effective_rank": 12.265,
        "rank_drop_from_init_pct": 7.33,
        "dead_neuron_frac": 0.0516,
        "dead_neuron_pct": 5.16
      },
      {
        "task_id": 8,
        "classes": [
          40,
          41,
          42,
          43,
          44
        ],
        "final_train_acc_pct": 54.0,
        "final_test_acc_pct": 57.6,
        "mean_effective_rank": 12.2665,
        "rank_drop_from_init_pct": 7.32,
        "dead_neuron_frac": 0.0419,
        "dead_neuron_pct": 4.19
      },
      {
        "task_id": 9,
        "classes": [
          45,
          46,
          47,
          48,
          49
        ],
        "final_train_acc_pct": 77.04,
        "final_test_acc_pct": 77.0,
        "mean_effective_rank": 12.259,
        "rank_drop_from_init_pct": 7.38,
        "dead_neuron_frac": 0.0665,
        "dead_neuron_pct": 6.65
      },
      {
        "task_id": 10,
        "classes": [
          50,
          51,
          52,
          53,
          54
        ],
        "final_train_acc_pct": 81.4,
        "final_test_acc_pct": 81.8,
        "mean_effective_rank": 12.2395,
        "rank_drop_from_init_pct": 7.53,
        "dead_neuron_frac": 0.0657,
        "dead_neuron_pct": 6.57
      },
      {
        "task_id": 11,
        "classes": [
          55,
          56,
          57,
          58,
          59
        ],
        "final_train_acc_pct": 72.32,
        "final_test_acc_pct": 68.4,
        "mean_effective_rank": 12.2269,
        "rank_drop_from_init_pct": 7.62,
        "dead_neuron_frac": 0.0659,
        "dead_neuron_pct": 6.59
      },
      {
        "task_id": 12,
        "classes": [
          60,
          61,
          62,
          63,
          64
        ],
        "final_train_acc_pct": 82.6,
        "final_test_acc_pct": 80.0,
        "mean_effective_rank": 12.2154,
        "rank_drop_from_init_pct": 7.71,
        "dead_neuron_frac": 0.0698,
        "dead_neuron_pct": 6.98
      },
      {
        "task_id": 13,
        "classes": [
          65,
          66,
          67,
          68,
          69
        ],
        "final_train_acc_pct": 77.48,
        "final_test_acc_pct": 78.4,
        "mean_effective_rank": 12.1902,
        "rank_drop_from_init_pct": 7.9,
        "dead_neuron_frac": 0.0712,
        "dead_neuron_pct": 7.12
      },
      {
        "task_id": 14,
        "classes": [
          70,
          71,
          72,
          73,
          74
        ],
        "final_train_acc_pct": 82.56,
        "final_test_acc_pct": 81.0,
        "mean_effective_rank": 12.1731,
        "rank_drop_from_init_pct": 8.03,
        "dead_neuron_frac": 0.0868,
        "dead_neuron_pct": 8.68
      },
      {
        "task_id": 15,
        "classes": [
          75,
          76,
          77,
          78,
          79
        ],
        "final_train_acc_pct": 69.88,
        "final_test_acc_pct": 73.0,
        "mean_effective_rank": 12.1471,
        "rank_drop_from_init_pct": 8.22,
        "dead_neuron_frac": 0.0668,
        "dead_neuron_pct": 6.68
      },
      {
        "task_id": 16,
        "classes": [
          80,
          81,
          82,
          83,
          84
        ],
        "final_train_acc_pct": 82.68,
        "final_test_acc_pct": 82.8,
        "mean_effective_rank": 12.1232,
        "rank_drop_from_init_pct": 8.4,
        "dead_neuron_frac": 0.0777,
        "dead_neuron_pct": 7.77
      },
      {
        "task_id": 17,
        "classes": [
          85,
          86,
          87,
          88,
          89
        ],
        "final_train_acc_pct": 78.2,
        "final_test_acc_pct": 74.6,
        "mean_effective_rank": 12.0922,
        "rank_drop_from_init_pct": 8.64,
        "dead_neuron_frac": 0.0785,
        "dead_neuron_pct": 7.85
      },
      {
        "task_id": 18,
        "classes": [
          90,
          91,
          92,
          93,
          94
        ],
        "final_train_acc_pct": 85.76,
        "final_test_acc_pct": 83.0,
        "mean_effective_rank": 12.0574,
        "rank_drop_from_init_pct": 8.9,
        "dead_neuron_frac": 0.0746,
        "dead_neuron_pct": 7.46
      },
      {
        "task_id": 19,
        "classes": [
          95,
          96,
          97,
          98,
          99
        ],
        "final_train_acc_pct": 82.2,
        "final_test_acc_pct": 80.2,
        "mean_effective_rank": 11.9968,
        "rank_drop_from_init_pct": 9.36,
        "dead_neuron_frac": 0.0676,
        "dead_neuron_pct": 6.76
      }
    ],
    "checkpoint_md5": "e67db330bc8a9e0cfb206e569115d3b7",
    "sanity_gates_reference": "baseline-00 (all 4 PASS)",
    "all_sanity_gates_pass": true
  },
  "subject_executed": "Vanilla ResNet-18 + SGD (lr=0.1, mom=0.9, wd=0.0005, nesterov=True) + CosineAnnealingLR per task, CIFAR-100 class-incremental, 20 tasks \u00d7 5 classes/task, 10 epochs/task, batch=128, seed=42, no plasticity intervention (baseline)",
  "notes": "refine-01 extends baseline-00 from 5\u219220 tasks to elicit measurable plasticity loss. Effective rank: 13.236 \u2192 11.997 (9.4% drop). Dead neurons: 2.14% \u2192 6.76%. Dead-neuron slope=0.2893/task (r=0.860). Plasticity (train acc): first-5 avg=46.3%, last-5 avg=79.7%, loss=-33.4pp. Rank collapse detected=False. Sanity gates re-skipped (all 4 passed in baseline-00, same arch/config). Training time: 3.9 min on H100."
}
[00:31:39] ============================================================

✓ Done. See /workspace/results/refine-01/RESULTS.json
